


ARM Macro Assembler    Page 1 


    1 00000000         ;/******************************************************
                       ************************
    2 00000000         ; * @copyright SPDX-License-Identifier: Apache-2.0
    3 00000000         ; * @copyright Copyright (C) 2014~2015 Nuvoton Technolog
                       y Corp. All rights reserved.
    4 00000000         ;*******************************************************
                       **********************/
    5 00000000         
    6 00000000 50000200 
                       CLK_BA_base
                               EQU              0x50000200
    7 00000000 00000000 
                       PWRCON  EQU              0x00
    8 00000000 00000004 
                       AHBCLK  EQU              0x04
    9 00000000 00000008 
                       APBCLK  EQU              0x08
   10 00000000 00000010 
                       CLKSEL0 EQU              0x10
   11 00000000 00000014 
                       CLKSEL1 EQU              0x14
   12 00000000 00000018 
                       CLKDIV  EQU              0x18
   13 00000000 00000020 
                       PLLCON  EQU              0x20
   14 00000000 00000030 
                       TEST_S  EQU              0x30
   15 00000000         
   16 00000000 50000208 
                       CLK_BA_APBCLK
                               EQU              0x50000208
   17 00000000         
   18 00000000         ;// Define clock enable registers  
   19 00000000         
   20 00000000 50000208 
                       ADC_COMP_CLK
                               EQU              0x50000208
   21 00000000 10000000 
                       ADC_enable
                               EQU              0x10000000
   22 00000000 40000000 
                       COMP_enable
                               EQU              0x40000000
   23 00000000         
   24 00000000 50000204 
                       PDMA_CLK
                               EQU              0x50000204
   25 00000000 00000003 
                       PDMA_enable
                               EQU              0x00000003
   26 00000000         
   27 00000000         ;;  bit 0  CPU_EN
   28 00000000         ;; bit 1  PDMA_EN
   29 00000000         
   30 00000000         
   31 00000000         
   32 00000000         
   33 00000000         ;// Define COMP registers base
   34 00000000 400D0000 



ARM Macro Assembler    Page 2 


                       COMP_base
                               EQU              0x400D0000
   35 00000000 00000000 
                       CMP1CR  EQU              0x00
   36 00000000 00000004 
                       CMP2CR  EQU              0x04
   37 00000000 00000008 
                       CMPSR   EQU              0x08
   38 00000000         
   39 00000000         ;// Define ADC registers base
   40 00000000 400E0000 
                       ADC_base
                               EQU              0x400E0000
   41 00000000 00000000 
                       ADDR0   EQU              0x00
   42 00000000 00000004 
                       ADDR1   EQU              0x04
   43 00000000 00000008 
                       ADDR2   EQU              0x08
   44 00000000 0000000C 
                       ADDR3   EQU              0x0c
   45 00000000 00000010 
                       ADDR4   EQU              0x10
   46 00000000 00000014 
                       ADDR5   EQU              0x14
   47 00000000 00000018 
                       ADDR6   EQU              0x18
   48 00000000 0000001C 
                       ADDR7   EQU              0x1c
   49 00000000 00000020 
                       ADCR    EQU              0x20
   50 00000000 00000024 
                       ADCHER  EQU              0x24
   51 00000000 00000028 
                       ADCMPR0 EQU              0x28
   52 00000000 0000002C 
                       ADCMPR1 EQU              0x2c
   53 00000000 00000030 
                       ADSR    EQU              0x30
   54 00000000 00000034 
                       ADCALR  EQU              0x34
   55 00000000 00000038 
                       ADCFCR  EQU              0x38
   56 00000000 0000003C 
                       ADCALD  EQU              0x3c
   57 00000000         
   58 00000000         ;// Pattern Table
   59 00000000 55555555 
                       pattern_55555555
                               EQU              0x55555555
   60 00000000 AAAAAAAA 
                       pattern_aaaaaaaa
                               EQU              0xaaaaaaaa
   61 00000000 00005555 
                       pattern_00005555
                               EQU              0x00005555
   62 00000000 0000AAAA 
                       pattern_0000aaaa
                               EQU              0x0000aaaa



ARM Macro Assembler    Page 3 


   63 00000000 05550515 
                       pattern_05550515
                               EQU              0x05550515
   64 00000000 0AAA0A2A 
                       pattern_0aaa0a2a
                               EQU              0x0aaa0a2a
   65 00000000         
   66 00000000         ;// Define PDMA regsiter base
   67 00000000 50008000 
                       PDMA_BA_ch0_base
                               EQU              0x50008000
   68 00000000 50008100 
                       PDMA_BA_ch1_base
                               EQU              0x50008100
   69 00000000 50008200 
                       PDMA_BA_ch2_base
                               EQU              0x50008200
   70 00000000 50008300 
                       PDMA_BA_ch3_base
                               EQU              0x50008300
   71 00000000 50008400 
                       PDMA_BA_ch4_base
                               EQU              0x50008400
   72 00000000 50008500 
                       PDMA_BA_ch5_base
                               EQU              0x50008500
   73 00000000 50008600 
                       PDMA_BA_ch6_base
                               EQU              0x50008600
   74 00000000 50008700 
                       PDMA_BA_ch7_base
                               EQU              0x50008700
   75 00000000         
   76 00000000 50008F00 
                       PDMA_BA_GCR
                               EQU              0x50008F00
   77 00000000 50008F00 
                       PDMA_BA_GCR_base
                               EQU              0x50008F00
   78 00000000         
   79 00000000 00000000 
                       PDMA_GCRCSR
                               EQU              0X00
   80 00000000 00000004 
                       PDMA_PDSSR2
                               EQU              0X04
   81 00000000 00000008 
                       PDMA_PDSSR1
                               EQU              0X08        ;; PDMA channel sel
                                                            ect   0x77000000
   82 00000000 0000000C 
                       PDMA_GCRISR
                               EQU              0X0C
   83 00000000         
   84 00000000 0000FF00 
                       PDMA_GLOBAL_enable
                               EQU              0x0000FF00
   85 00000000         
   86 00000000         



ARM Macro Assembler    Page 4 


   87 00000000 00000000 
                       PDMA_CSR
                               EQU              0X00
   88 00000000 00000004 
                       PDMA_SAR
                               EQU              0X04
   89 00000000 00000008 
                       PDMA_DAR
                               EQU              0X08
   90 00000000 0000000C 
                       PDMA_BCR
                               EQU              0X0C
   91 00000000 00000014 
                       PDMA_CSAR
                               EQU              0X14
   92 00000000 00000018 
                       PDMA_CDAR
                               EQU              0X18
   93 00000000 0000001C 
                       PDMA_CBSR
                               EQU              0X1C
   94 00000000 00000020 
                       PDMA_IER
                               EQU              0X20
   95 00000000 00000024 
                       PDMA_ISR
                               EQU              0X24
   96 00000000 00000028 
                       PDMA_CTCSR
                               EQU              0X28
   97 00000000 0000002C 
                       PDMA_SASOCR
                               EQU              0X2C
   98 00000000 00000030 
                       PDMA_DASOCR
                               EQU              0X30
   99 00000000 00000080 
                       PDMA_SBUF0
                               EQU              0X80
  100 00000000 00000084 
                       PDMA_SBUF1
                               EQU              0X84
  101 00000000 00000088 
                       PDMA_SBUF2
                               EQU              0X88
  102 00000000 0000008C 
                       PDMA_SBUF3
                               EQU              0X8C
  103 00000000         
  104 00000000         
  105 00000000         ;// Define VIC control register
  106 00000000 FFFF0000 
                       VIC_base
                               EQU              0xFFFF0000
  107 00000000 0000003C 
                       VIC_SCR15
                               EQU              0x003c
  108 00000000 000000BC 
                       VIC_SVR15



ARM Macro Assembler    Page 5 


                               EQU              0x00bc
  109 00000000 00000040 
                       VIC_SCR16
                               EQU              0x0040
  110 00000000 000000C0 
                       VIC_SVR16
                               EQU              0x00c0
  111 00000000 00000078 
                       VIC_SCR30
                               EQU              0x0078
  112 00000000 000000F8 
                       VIC_SVR30
                               EQU              0x00f8
  113 00000000 00000318 
                       VIC_MECR
                               EQU              0x0318
  114 00000000 0000031C 
                       VIC_MDCR
                               EQU              0x031c
  115 00000000 00000130 
                       VIC_EOSCR
                               EQU              0x0130
  116 00000000         
  117 00000000         ;//==================================
  118 00000000 50000300 
                       INT_BA_base
                               EQU              0x50000300
  119 00000000         
  120 00000000         
  121 00000000         ;// Parameter table
  122 00000000 00002980 
                       ADC_PDMA_CFG
                               EQU              0x00002980
  123 00000000 C0000000 
                       ADC_PDMA_DST
                               EQU              0xC0000000
  124 00000000 E0024200 
                       ADC_PDMA_SRC
                               EQU              0xE0024200
  125 00000000 00030008 
                       ADC_PDMA_TCBL
                               EQU              0x00030008
  126 00000000         
  127 00000000         ;//==================================
  128 00000000         
  129 00000000         
  130 00000000 50004000 
                       GPIO_base
                               EQU              0x50004000
  131 00000000 00000040 
                       GPIOB_PMD
                               EQU              0x0040
  132 00000000 00000044 
                       GPIOB_OFFD
                               EQU              0x0044
  133 00000000 00000048 
                       GPIOB_DOUT
                               EQU              0x0048
  134 00000000 0000004C 



ARM Macro Assembler    Page 6 


                       GPIOB_DMASK
                               EQU              0x004C
  135 00000000 00000050 
                       GPIOB_PIN
                               EQU              0x0050
  136 00000000 00000054 
                       GPIOB_DBEN
                               EQU              0x0054
  137 00000000 00000058 
                       GPIOB_IMD
                               EQU              0x0058
  138 00000000 0000005C 
                       GPIOB_IEN
                               EQU              0x005C
  139 00000000 00000060 
                       GPIOB_ISRC
                               EQU              0x0060
  140 00000000         
  141 00000000         ;//==================================
  142 00000000         
  143 00000000         
  144 00000000 50000000 
                       GCR_base
                               EQU              0x50000000
  145 00000000 00000034 
                       GPB_MFP EQU              0x0034
  146 00000000         
  147 00000000         
  148 00000000         
  149 00000000         
  150 00000000         
  151 00000000         ;;;;;;;;;;;;;;;;;;;;;;;;;;;;;;;;;;;;;;;;;;;;;;;;;;;
  152 00000000         
  153 00000000         
  154 00000000         
  155 00000000         
  156 00000000         
  157 00000000         
  158 00000000         
  159 00000000 00000400 
                       Stack_Size
                               EQU              0x00000400
  160 00000000         
  161 00000000                 AREA             STACK, NOINIT, READWRITE, ALIGN
=3
  162 00000000         Stack_Mem
                               SPACE            Stack_Size
  163 00000400         __initial_sp
  164 00000400         
  165 00000400         
  166 00000400         ; <h> Heap Configuration
  167 00000400         ;   <o>  Heap Size (in Bytes) <0x0-0xFFFFFFFF:8>
  168 00000400         ; </h>
  169 00000400         
  170 00000400 00000000 
                       Heap_Size
                               EQU              0x00000000
  171 00000400         
  172 00000400                 AREA             HEAP, NOINIT, READWRITE, ALIGN=



ARM Macro Assembler    Page 7 


3
  173 00000000         __heap_base
  174 00000000         Heap_Mem
                               SPACE            Heap_Size
  175 00000000         __heap_limit
  176 00000000         
  177 00000000         
  178 00000000                 PRESERVE8
  179 00000000                 THUMB
  180 00000000         
  181 00000000         
  182 00000000         ; Vector Table Mapped to Address 0 at Reset
  183 00000000                 AREA             RESET, DATA, READONLY
  184 00000000                 EXPORT           __Vectors
  185 00000000         
  186 00000000 00000000 
                       __Vectors
                               DCD              __initial_sp ; Top of Stack
  187 00000004 00000000        DCD              Reset_Handler ; Reset Handler
  188 00000008 00000000        DCD              NMI_Handler ; NMI Handler
  189 0000000C 00000000        DCD              HardFault_Handler ; Hard Fault 
                                                            Handler
  190 00000010 00000000        DCD              0           ; Reserved
  191 00000014 00000000        DCD              0           ; Reserved
  192 00000018 00000000        DCD              0           ; Reserved
  193 0000001C 00000000        DCD              0           ; Reserved
  194 00000020 00000000        DCD              0           ; Reserved
  195 00000024 00000000        DCD              0           ; Reserved
  196 00000028 00000000        DCD              0           ; Reserved
  197 0000002C 00000000        DCD              SVC_Handler ; SVCall Handler
  198 00000030 00000000        DCD              0           ; Reserved
  199 00000034 00000000        DCD              0           ; Reserved
  200 00000038 00000000        DCD              PendSV_Handler ; PendSV Handler
                                                            
  201 0000003C 00000000        DCD              SysTick_Handler 
                                                            ; SysTick Handler
  202 00000040         
  203 00000040         ; External Interrupts
  204 00000040         ; maximum of 32 External Interrupts are possible
  205 00000040 00000000        DCD              BOD_IRQHandler
  206 00000044 00000000        DCD              WDT_IRQHandler
  207 00000048 00000000        DCD              EINT0_IRQHandler
  208 0000004C 00000000        DCD              EINT1_IRQHandler
  209 00000050 00000000        DCD              GPAB_IRQHandler
  210 00000054 00000000        DCD              GPCDEF_IRQHandler
  211 00000058 00000000        DCD              Default_Handler
  212 0000005C 00000000        DCD              Default_Handler
  213 00000060 00000000        DCD              TMR0_IRQHandler
  214 00000064 00000000        DCD              TMR1_IRQHandler
  215 00000068 00000000        DCD              TMR2_IRQHandler
  216 0000006C 00000000        DCD              TMR3_IRQHandler
  217 00000070 00000000        DCD              UART02_IRQHandler
  218 00000074 00000000        DCD              UART1_IRQHandler
  219 00000078 00000000        DCD              SPI0_IRQHandler
  220 0000007C 00000000        DCD              UART3_IRQHandler
  221 00000080 00000000        DCD              UART4_IRQHandler
  222 00000084 00000000        DCD              UART5_IRQHandler
  223 00000088 00000000        DCD              I2C0_IRQHandler
  224 0000008C 00000000        DCD              I2C1_IRQHandler



ARM Macro Assembler    Page 8 


  225 00000090 00000000        DCD              CAN0_IRQHandler
  226 00000094 00000000        DCD              CAN1_IRQHandler
  227 00000098 00000000        DCD              PWM0_IRQHandler
  228 0000009C 00000000        DCD              PWM1_IRQHandler
  229 000000A0 00000000        DCD              BPWM0_IRQHandler
  230 000000A4 00000000        DCD              BPWM1_IRQHandler
  231 000000A8 00000000        DCD              BRAKE0_IRQHandler
  232 000000AC 00000000        DCD              BRAKE1_IRQHandler
  233 000000B0 00000000        DCD              PWRWU_IRQHandler
  234 000000B4 00000000        DCD              ADC_IRQHandler
  235 000000B8 00000000        DCD              CKD_IRQHandler
  236 000000BC 00000000        DCD              RTC_IRQHandler
  237 000000C0         
  238 000000C0         
  239 000000C0         
  240 000000C0         
  241 000000C0         
  242 000000C0         
  243 000000C0         
  244 000000C0                 AREA             |.text|, CODE, READONLY
  245 00000000         
  246 00000000         
  247 00000000         
  248 00000000         ; Reset Handler 
  249 00000000         
  250 00000000                 ENTRY
  251 00000000         
  252 00000000         Reset_Handler
                               PROC
  253 00000000                 EXPORT           Reset_Handler             [WEAK
]
  254 00000000                 IMPORT           SystemInit
  255 00000000                 IMPORT           __main
  256 00000000         
  257 00000000 4812            LDR              R0, =0x50000100
  258 00000002         ; Unlock Register                
  259 00000002 4913            LDR              R1, =0x59
  260 00000004 6001            STR              R1, [R0]
  261 00000006 4913            LDR              R1, =0x16
  262 00000008 6001            STR              R1, [R0]
  263 0000000A 4913            LDR              R1, =0x88
  264 0000000C 6001            STR              R1, [R0]
  265 0000000E         
  266 0000000E         ; Init POR
  267 0000000E 4A13            LDR              R2, =0x50000024
  268 00000010 4913            LDR              R1, =0x00005AA5
  269 00000012 6011            STR              R1, [R2]
  270 00000014         
  271 00000014         ; Lock register
  272 00000014 2100            MOVS             R1, #0
  273 00000016 6001            STR              R1, [R0]
  274 00000018         
  275 00000018 4812            LDR              R0, =SystemInit
  276 0000001A 4780            BLX              R0
  277 0000001C 4812            LDR              R0, =__main
  278 0000001E 4700            BX               R0
  279 00000020                 ENDP
  280 00000020         
  281 00000020         



ARM Macro Assembler    Page 9 


  282 00000020         ; Dummy Exception Handlers (infinite loops which can be 
                       modified)                
  283 00000020         
  284 00000020         NMI_Handler
                               PROC
  285 00000020                 EXPORT           NMI_Handler               [WEAK
]
  286 00000020 E7FE            B                .
  287 00000022                 ENDP
  289 00000022         HardFault_Handler
                               PROC
  290 00000022                 IMPORT           ProcessHardFault
  291 00000022                 EXPORT           HardFault_Handler         [WEAK
]
  292 00000022 4670            MOV              R0, LR
  293 00000024 F3EF 8108       MRS              R1, MSP
  294 00000028 F3EF 8209       MRS              R2, PSP
  295 0000002C 4B0F            LDR              R3, =ProcessHardFault
  296 0000002E 4798            BLX              R3
  297 00000030 4700            BX               R0
  298 00000032                 ENDP
  299 00000032         SVC_Handler
                               PROC
  300 00000032                 EXPORT           SVC_Handler               [WEAK
]
  301 00000032 E7FE            B                .
  302 00000034                 ENDP
  303 00000034         PendSV_Handler
                               PROC
  304 00000034                 EXPORT           PendSV_Handler            [WEAK
]
  305 00000034 E7FE            B                .
  306 00000036                 ENDP
  307 00000036         SysTick_Handler
                               PROC
  308 00000036                 EXPORT           SysTick_Handler           [WEAK
]
  309 00000036 E7FE            B                .
  310 00000038                 ENDP
  311 00000038         
  312 00000038         Default_Handler
                               PROC
  313 00000038         
  314 00000038                 EXPORT           BOD_IRQHandler            [WEAK
]
  315 00000038                 EXPORT           WDT_IRQHandler            [WEAK
]
  316 00000038                 EXPORT           EINT0_IRQHandler          [WEAK
]
  317 00000038                 EXPORT           EINT1_IRQHandler          [WEAK
]
  318 00000038                 EXPORT           GPAB_IRQHandler           [WEAK
]
  319 00000038                 EXPORT           GPCDEF_IRQHandler         [WEAK
]
  320 00000038                 EXPORT           TMR0_IRQHandler           [WEAK
]
  321 00000038                 EXPORT           TMR1_IRQHandler           [WEAK
]



ARM Macro Assembler    Page 10 


  322 00000038                 EXPORT           TMR2_IRQHandler           [WEAK
]
  323 00000038                 EXPORT           TMR3_IRQHandler           [WEAK
]
  324 00000038                 EXPORT           UART02_IRQHandler         [WEAK
]
  325 00000038                 EXPORT           UART1_IRQHandler          [WEAK
]
  326 00000038                 EXPORT           SPI0_IRQHandler           [WEAK
]
  327 00000038                 EXPORT           UART3_IRQHandler          [WEAK
]
  328 00000038                 EXPORT           UART4_IRQHandler          [WEAK
]
  329 00000038                 EXPORT           UART5_IRQHandler          [WEAK
]
  330 00000038                 EXPORT           I2C0_IRQHandler           [WEAK
]
  331 00000038                 EXPORT           I2C1_IRQHandler           [WEAK
]
  332 00000038                 EXPORT           CAN0_IRQHandler           [WEAK
]
  333 00000038                 EXPORT           CAN1_IRQHandler           [WEAK
]
  334 00000038                 EXPORT           PWM0_IRQHandler           [WEAK
]
  335 00000038                 EXPORT           PWM1_IRQHandler           [WEAK
]
  336 00000038                 EXPORT           BPWM0_IRQHandler          [WEAK
]
  337 00000038                 EXPORT           BPWM1_IRQHandler          [WEAK
]
  338 00000038                 EXPORT           BRAKE0_IRQHandler         [WEAK
]
  339 00000038                 EXPORT           BRAKE1_IRQHandler         [WEAK
]
  340 00000038                 EXPORT           PWRWU_IRQHandler          [WEAK
]
  341 00000038                 EXPORT           ADC_IRQHandler            [WEAK
]
  342 00000038                 EXPORT           CKD_IRQHandler            [WEAK
]
  343 00000038                 EXPORT           RTC_IRQHandler            [WEAK
]
  344 00000038         
  345 00000038         BOD_IRQHandler
  346 00000038         WDT_IRQHandler
  347 00000038         EINT0_IRQHandler
  348 00000038         EINT1_IRQHandler
  349 00000038         GPAB_IRQHandler
  350 00000038         GPCDEF_IRQHandler
  351 00000038         TMR0_IRQHandler
  352 00000038         TMR1_IRQHandler
  353 00000038         TMR2_IRQHandler
  354 00000038         TMR3_IRQHandler
  355 00000038         UART02_IRQHandler
  356 00000038         UART1_IRQHandler
  357 00000038         SPI0_IRQHandler
  358 00000038         UART3_IRQHandler



ARM Macro Assembler    Page 11 


  359 00000038         UART4_IRQHandler
  360 00000038         UART5_IRQHandler
  361 00000038         I2C0_IRQHandler
  362 00000038         I2C1_IRQHandler
  363 00000038         CAN0_IRQHandler
  364 00000038         CAN1_IRQHandler
  365 00000038         PWM0_IRQHandler
  366 00000038         PWM1_IRQHandler
  367 00000038         BPWM0_IRQHandler
  368 00000038         BPWM1_IRQHandler
  369 00000038         BRAKE0_IRQHandler
  370 00000038         BRAKE1_IRQHandler
  371 00000038         PWRWU_IRQHandler
  372 00000038         ADC_IRQHandler
  373 00000038         CKD_IRQHandler
  374 00000038         RTC_IRQHandler
  375 00000038 E7FE            B                .
  376 0000003A                 ENDP
  377 0000003A         
  378 0000003A         
  379 0000003A 00 00           ALIGN
  380 0000003C         
  381 0000003C         
  382 0000003C         ; User Initial Stack & Heap
  383 0000003C         
  384 0000003C                 IF               :DEF:__MICROLIB
  385 0000003C         
  386 0000003C                 EXPORT           __initial_sp
  387 0000003C                 EXPORT           __heap_base
  388 0000003C                 EXPORT           __heap_limit
  389 0000003C         
  390 0000003C                 ELSE
  404                          ENDIF
  405 0000003C         
  406 0000003C         ;int32_t SH_DoCommand(int32_t n32In_R0, int32_t n32In_R1
                       , int32_t *pn32Out_R0)
  407 0000003C         SH_DoCommand
                               PROC
  408 0000003C         
  409 0000003C                 EXPORT           SH_DoCommand
  410 0000003C                 IMPORT           SH_Return
  411 0000003C         
  412 0000003C BEAB            BKPT             0xAB        ; Wait ICE or HardF
                                                            ault
  413 0000003E 4B0C            LDR              R3, =SH_Return
  414 00000040 4674            MOV              R4, lr
  415 00000042 4798            BLX              R3          ; Call SH_Return. T
                                                            he return value is 
                                                            in R0
  416 00000044 4720            BX               R4          ; Return value = R0
                                                            
  417 00000046         
  418 00000046                 ENDP
  419 00000046         
  420 00000046         __PC    PROC
  421 00000046                 EXPORT           __PC
  422 00000046         
  423 00000046 4670            MOV              r0, lr
  424 00000048 47F0            BLX              lr



ARM Macro Assembler    Page 12 


  425 0000004A 00 00           ALIGN
  426 0000004C         
  427 0000004C                 ENDP
  428 0000004C         
  429 0000004C                 END
              50000100 
              00000059 
              00000016 
              00000088 
              50000024 
              00005AA5 
              00000000 
              00000000 
              00000000 
              00000000 
Command Line: --debug --xref --diag_suppress=9931 --cpu=Cortex-M0 --apcs=interw
ork --depend=.\objects\startup_m0518.d -o.\objects\startup_m0518.o -I.\RTE\_Tar
get_1 -ID:\Keil_v5\ARM\PACK\Nuvoton\NuMicro_DFP\1.3.26\Device\M0518\Include -ID
:\Keil_v5\ARM\CMSIS\Include --predefine="__MICROLIB SETA 1" --predefine="__UVIS
ION_VERSION SETA 524" --list=.\listings\startup_m0518.lst ..\System\startup_M05
18.s



ARM Macro Assembler    Page 1 Alphabetic symbol ordering
Relocatable symbols

STACK 00000000

Symbol: STACK
   Definitions
      At line 161 in file ..\System\startup_M0518.s
   Uses
      None
Comment: STACK unused
Stack_Mem 00000000

Symbol: Stack_Mem
   Definitions
      At line 162 in file ..\System\startup_M0518.s
   Uses
      None
Comment: Stack_Mem unused
__initial_sp 00000400

Symbol: __initial_sp
   Definitions
      At line 163 in file ..\System\startup_M0518.s
   Uses
      At line 186 in file ..\System\startup_M0518.s
      At line 386 in file ..\System\startup_M0518.s

3 symbols



ARM Macro Assembler    Page 1 Alphabetic symbol ordering
Relocatable symbols

HEAP 00000000

Symbol: HEAP
   Definitions
      At line 172 in file ..\System\startup_M0518.s
   Uses
      None
Comment: HEAP unused
Heap_Mem 00000000

Symbol: Heap_Mem
   Definitions
      At line 174 in file ..\System\startup_M0518.s
   Uses
      None
Comment: Heap_Mem unused
__heap_base 00000000

Symbol: __heap_base
   Definitions
      At line 173 in file ..\System\startup_M0518.s
   Uses
      At line 387 in file ..\System\startup_M0518.s
Comment: __heap_base used once
__heap_limit 00000000

Symbol: __heap_limit
   Definitions
      At line 175 in file ..\System\startup_M0518.s
   Uses
      At line 388 in file ..\System\startup_M0518.s
Comment: __heap_limit used once
4 symbols



ARM Macro Assembler    Page 1 Alphabetic symbol ordering
Relocatable symbols

RESET 00000000

Symbol: RESET
   Definitions
      At line 183 in file ..\System\startup_M0518.s
   Uses
      None
Comment: RESET unused
__Vectors 00000000

Symbol: __Vectors
   Definitions
      At line 186 in file ..\System\startup_M0518.s
   Uses
      At line 184 in file ..\System\startup_M0518.s
Comment: __Vectors used once
2 symbols



ARM Macro Assembler    Page 1 Alphabetic symbol ordering
Relocatable symbols

.text 00000000

Symbol: .text
   Definitions
      At line 244 in file ..\System\startup_M0518.s
   Uses
      None
Comment: .text unused
ADC_IRQHandler 00000038

Symbol: ADC_IRQHandler
   Definitions
      At line 372 in file ..\System\startup_M0518.s
   Uses
      At line 234 in file ..\System\startup_M0518.s
      At line 341 in file ..\System\startup_M0518.s

BOD_IRQHandler 00000038

Symbol: BOD_IRQHandler
   Definitions
      At line 345 in file ..\System\startup_M0518.s
   Uses
      At line 205 in file ..\System\startup_M0518.s
      At line 314 in file ..\System\startup_M0518.s

BPWM0_IRQHandler 00000038

Symbol: BPWM0_IRQHandler
   Definitions
      At line 367 in file ..\System\startup_M0518.s
   Uses
      At line 229 in file ..\System\startup_M0518.s
      At line 336 in file ..\System\startup_M0518.s

BPWM1_IRQHandler 00000038

Symbol: BPWM1_IRQHandler
   Definitions
      At line 368 in file ..\System\startup_M0518.s
   Uses
      At line 230 in file ..\System\startup_M0518.s
      At line 337 in file ..\System\startup_M0518.s

BRAKE0_IRQHandler 00000038

Symbol: BRAKE0_IRQHandler
   Definitions
      At line 369 in file ..\System\startup_M0518.s
   Uses
      At line 231 in file ..\System\startup_M0518.s
      At line 338 in file ..\System\startup_M0518.s

BRAKE1_IRQHandler 00000038

Symbol: BRAKE1_IRQHandler
   Definitions
      At line 370 in file ..\System\startup_M0518.s
   Uses



ARM Macro Assembler    Page 2 Alphabetic symbol ordering
Relocatable symbols

      At line 232 in file ..\System\startup_M0518.s
      At line 339 in file ..\System\startup_M0518.s

CAN0_IRQHandler 00000038

Symbol: CAN0_IRQHandler
   Definitions
      At line 363 in file ..\System\startup_M0518.s
   Uses
      At line 225 in file ..\System\startup_M0518.s
      At line 332 in file ..\System\startup_M0518.s

CAN1_IRQHandler 00000038

Symbol: CAN1_IRQHandler
   Definitions
      At line 364 in file ..\System\startup_M0518.s
   Uses
      At line 226 in file ..\System\startup_M0518.s
      At line 333 in file ..\System\startup_M0518.s

CKD_IRQHandler 00000038

Symbol: CKD_IRQHandler
   Definitions
      At line 373 in file ..\System\startup_M0518.s
   Uses
      At line 235 in file ..\System\startup_M0518.s
      At line 342 in file ..\System\startup_M0518.s

Default_Handler 00000038

Symbol: Default_Handler
   Definitions
      At line 312 in file ..\System\startup_M0518.s
   Uses
      At line 211 in file ..\System\startup_M0518.s
      At line 212 in file ..\System\startup_M0518.s

EINT0_IRQHandler 00000038

Symbol: EINT0_IRQHandler
   Definitions
      At line 347 in file ..\System\startup_M0518.s
   Uses
      At line 207 in file ..\System\startup_M0518.s
      At line 316 in file ..\System\startup_M0518.s

EINT1_IRQHandler 00000038

Symbol: EINT1_IRQHandler
   Definitions
      At line 348 in file ..\System\startup_M0518.s
   Uses
      At line 208 in file ..\System\startup_M0518.s
      At line 317 in file ..\System\startup_M0518.s

GPAB_IRQHandler 00000038




ARM Macro Assembler    Page 3 Alphabetic symbol ordering
Relocatable symbols

Symbol: GPAB_IRQHandler
   Definitions
      At line 349 in file ..\System\startup_M0518.s
   Uses
      At line 209 in file ..\System\startup_M0518.s
      At line 318 in file ..\System\startup_M0518.s

GPCDEF_IRQHandler 00000038

Symbol: GPCDEF_IRQHandler
   Definitions
      At line 350 in file ..\System\startup_M0518.s
   Uses
      At line 210 in file ..\System\startup_M0518.s
      At line 319 in file ..\System\startup_M0518.s

HardFault_Handler 00000022

Symbol: HardFault_Handler
   Definitions
      At line 289 in file ..\System\startup_M0518.s
   Uses
      At line 189 in file ..\System\startup_M0518.s
      At line 291 in file ..\System\startup_M0518.s

I2C0_IRQHandler 00000038

Symbol: I2C0_IRQHandler
   Definitions
      At line 361 in file ..\System\startup_M0518.s
   Uses
      At line 223 in file ..\System\startup_M0518.s
      At line 330 in file ..\System\startup_M0518.s

I2C1_IRQHandler 00000038

Symbol: I2C1_IRQHandler
   Definitions
      At line 362 in file ..\System\startup_M0518.s
   Uses
      At line 224 in file ..\System\startup_M0518.s
      At line 331 in file ..\System\startup_M0518.s

NMI_Handler 00000020

Symbol: NMI_Handler
   Definitions
      At line 284 in file ..\System\startup_M0518.s
   Uses
      At line 188 in file ..\System\startup_M0518.s
      At line 285 in file ..\System\startup_M0518.s

PWM0_IRQHandler 00000038

Symbol: PWM0_IRQHandler
   Definitions
      At line 365 in file ..\System\startup_M0518.s
   Uses
      At line 227 in file ..\System\startup_M0518.s



ARM Macro Assembler    Page 4 Alphabetic symbol ordering
Relocatable symbols

      At line 334 in file ..\System\startup_M0518.s

PWM1_IRQHandler 00000038

Symbol: PWM1_IRQHandler
   Definitions
      At line 366 in file ..\System\startup_M0518.s
   Uses
      At line 228 in file ..\System\startup_M0518.s
      At line 335 in file ..\System\startup_M0518.s

PWRWU_IRQHandler 00000038

Symbol: PWRWU_IRQHandler
   Definitions
      At line 371 in file ..\System\startup_M0518.s
   Uses
      At line 233 in file ..\System\startup_M0518.s
      At line 340 in file ..\System\startup_M0518.s

PendSV_Handler 00000034

Symbol: PendSV_Handler
   Definitions
      At line 303 in file ..\System\startup_M0518.s
   Uses
      At line 200 in file ..\System\startup_M0518.s
      At line 304 in file ..\System\startup_M0518.s

RTC_IRQHandler 00000038

Symbol: RTC_IRQHandler
   Definitions
      At line 374 in file ..\System\startup_M0518.s
   Uses
      At line 236 in file ..\System\startup_M0518.s
      At line 343 in file ..\System\startup_M0518.s

Reset_Handler 00000000

Symbol: Reset_Handler
   Definitions
      At line 252 in file ..\System\startup_M0518.s
   Uses
      At line 187 in file ..\System\startup_M0518.s
      At line 253 in file ..\System\startup_M0518.s

SH_DoCommand 0000003C

Symbol: SH_DoCommand
   Definitions
      At line 407 in file ..\System\startup_M0518.s
   Uses
      At line 409 in file ..\System\startup_M0518.s
Comment: SH_DoCommand used once
SPI0_IRQHandler 00000038

Symbol: SPI0_IRQHandler
   Definitions



ARM Macro Assembler    Page 5 Alphabetic symbol ordering
Relocatable symbols

      At line 357 in file ..\System\startup_M0518.s
   Uses
      At line 219 in file ..\System\startup_M0518.s
      At line 326 in file ..\System\startup_M0518.s

SVC_Handler 00000032

Symbol: SVC_Handler
   Definitions
      At line 299 in file ..\System\startup_M0518.s
   Uses
      At line 197 in file ..\System\startup_M0518.s
      At line 300 in file ..\System\startup_M0518.s

SysTick_Handler 00000036

Symbol: SysTick_Handler
   Definitions
      At line 307 in file ..\System\startup_M0518.s
   Uses
      At line 201 in file ..\System\startup_M0518.s
      At line 308 in file ..\System\startup_M0518.s

TMR0_IRQHandler 00000038

Symbol: TMR0_IRQHandler
   Definitions
      At line 351 in file ..\System\startup_M0518.s
   Uses
      At line 213 in file ..\System\startup_M0518.s
      At line 320 in file ..\System\startup_M0518.s

TMR1_IRQHandler 00000038

Symbol: TMR1_IRQHandler
   Definitions
      At line 352 in file ..\System\startup_M0518.s
   Uses
      At line 214 in file ..\System\startup_M0518.s
      At line 321 in file ..\System\startup_M0518.s

TMR2_IRQHandler 00000038

Symbol: TMR2_IRQHandler
   Definitions
      At line 353 in file ..\System\startup_M0518.s
   Uses
      At line 215 in file ..\System\startup_M0518.s
      At line 322 in file ..\System\startup_M0518.s

TMR3_IRQHandler 00000038

Symbol: TMR3_IRQHandler
   Definitions
      At line 354 in file ..\System\startup_M0518.s
   Uses
      At line 216 in file ..\System\startup_M0518.s
      At line 323 in file ..\System\startup_M0518.s




ARM Macro Assembler    Page 6 Alphabetic symbol ordering
Relocatable symbols

UART02_IRQHandler 00000038

Symbol: UART02_IRQHandler
   Definitions
      At line 355 in file ..\System\startup_M0518.s
   Uses
      At line 217 in file ..\System\startup_M0518.s
      At line 324 in file ..\System\startup_M0518.s

UART1_IRQHandler 00000038

Symbol: UART1_IRQHandler
   Definitions
      At line 356 in file ..\System\startup_M0518.s
   Uses
      At line 218 in file ..\System\startup_M0518.s
      At line 325 in file ..\System\startup_M0518.s

UART3_IRQHandler 00000038

Symbol: UART3_IRQHandler
   Definitions
      At line 358 in file ..\System\startup_M0518.s
   Uses
      At line 220 in file ..\System\startup_M0518.s
      At line 327 in file ..\System\startup_M0518.s

UART4_IRQHandler 00000038

Symbol: UART4_IRQHandler
   Definitions
      At line 359 in file ..\System\startup_M0518.s
   Uses
      At line 221 in file ..\System\startup_M0518.s
      At line 328 in file ..\System\startup_M0518.s

UART5_IRQHandler 00000038

Symbol: UART5_IRQHandler
   Definitions
      At line 360 in file ..\System\startup_M0518.s
   Uses
      At line 222 in file ..\System\startup_M0518.s
      At line 329 in file ..\System\startup_M0518.s

WDT_IRQHandler 00000038

Symbol: WDT_IRQHandler
   Definitions
      At line 346 in file ..\System\startup_M0518.s
   Uses
      At line 206 in file ..\System\startup_M0518.s
      At line 315 in file ..\System\startup_M0518.s

__PC 00000046

Symbol: __PC
   Definitions
      At line 420 in file ..\System\startup_M0518.s



ARM Macro Assembler    Page 7 Alphabetic symbol ordering
Relocatable symbols

   Uses
      At line 421 in file ..\System\startup_M0518.s
Comment: __PC used once
40 symbols



ARM Macro Assembler    Page 1 Alphabetic symbol ordering
Absolute symbols

ADCALD 0000003C

Symbol: ADCALD
   Definitions
      At line 56 in file ..\System\startup_M0518.s
   Uses
      None
Comment: ADCALD unused
ADCALR 00000034

Symbol: ADCALR
   Definitions
      At line 54 in file ..\System\startup_M0518.s
   Uses
      None
Comment: ADCALR unused
ADCFCR 00000038

Symbol: ADCFCR
   Definitions
      At line 55 in file ..\System\startup_M0518.s
   Uses
      None
Comment: ADCFCR unused
ADCHER 00000024

Symbol: ADCHER
   Definitions
      At line 50 in file ..\System\startup_M0518.s
   Uses
      None
Comment: ADCHER unused
ADCMPR0 00000028

Symbol: ADCMPR0
   Definitions
      At line 51 in file ..\System\startup_M0518.s
   Uses
      None
Comment: ADCMPR0 unused
ADCMPR1 0000002C

Symbol: ADCMPR1
   Definitions
      At line 52 in file ..\System\startup_M0518.s
   Uses
      None
Comment: ADCMPR1 unused
ADCR 00000020

Symbol: ADCR
   Definitions
      At line 49 in file ..\System\startup_M0518.s
   Uses
      None
Comment: ADCR unused
ADC_COMP_CLK 50000208

Symbol: ADC_COMP_CLK



ARM Macro Assembler    Page 2 Alphabetic symbol ordering
Absolute symbols

   Definitions
      At line 20 in file ..\System\startup_M0518.s
   Uses
      None
Comment: ADC_COMP_CLK unused
ADC_PDMA_CFG 00002980

Symbol: ADC_PDMA_CFG
   Definitions
      At line 122 in file ..\System\startup_M0518.s
   Uses
      None
Comment: ADC_PDMA_CFG unused
ADC_PDMA_DST C0000000

Symbol: ADC_PDMA_DST
   Definitions
      At line 123 in file ..\System\startup_M0518.s
   Uses
      None
Comment: ADC_PDMA_DST unused
ADC_PDMA_SRC E0024200

Symbol: ADC_PDMA_SRC
   Definitions
      At line 124 in file ..\System\startup_M0518.s
   Uses
      None
Comment: ADC_PDMA_SRC unused
ADC_PDMA_TCBL 00030008

Symbol: ADC_PDMA_TCBL
   Definitions
      At line 125 in file ..\System\startup_M0518.s
   Uses
      None
Comment: ADC_PDMA_TCBL unused
ADC_base 400E0000

Symbol: ADC_base
   Definitions
      At line 40 in file ..\System\startup_M0518.s
   Uses
      None
Comment: ADC_base unused
ADC_enable 10000000

Symbol: ADC_enable
   Definitions
      At line 21 in file ..\System\startup_M0518.s
   Uses
      None
Comment: ADC_enable unused
ADDR0 00000000

Symbol: ADDR0
   Definitions
      At line 41 in file ..\System\startup_M0518.s
   Uses



ARM Macro Assembler    Page 3 Alphabetic symbol ordering
Absolute symbols

      None
Comment: ADDR0 unused
ADDR1 00000004

Symbol: ADDR1
   Definitions
      At line 42 in file ..\System\startup_M0518.s
   Uses
      None
Comment: ADDR1 unused
ADDR2 00000008

Symbol: ADDR2
   Definitions
      At line 43 in file ..\System\startup_M0518.s
   Uses
      None
Comment: ADDR2 unused
ADDR3 0000000C

Symbol: ADDR3
   Definitions
      At line 44 in file ..\System\startup_M0518.s
   Uses
      None
Comment: ADDR3 unused
ADDR4 00000010

Symbol: ADDR4
   Definitions
      At line 45 in file ..\System\startup_M0518.s
   Uses
      None
Comment: ADDR4 unused
ADDR5 00000014

Symbol: ADDR5
   Definitions
      At line 46 in file ..\System\startup_M0518.s
   Uses
      None
Comment: ADDR5 unused
ADDR6 00000018

Symbol: ADDR6
   Definitions
      At line 47 in file ..\System\startup_M0518.s
   Uses
      None
Comment: ADDR6 unused
ADDR7 0000001C

Symbol: ADDR7
   Definitions
      At line 48 in file ..\System\startup_M0518.s
   Uses
      None
Comment: ADDR7 unused
ADSR 00000030



ARM Macro Assembler    Page 4 Alphabetic symbol ordering
Absolute symbols


Symbol: ADSR
   Definitions
      At line 53 in file ..\System\startup_M0518.s
   Uses
      None
Comment: ADSR unused
AHBCLK 00000004

Symbol: AHBCLK
   Definitions
      At line 8 in file ..\System\startup_M0518.s
   Uses
      None
Comment: AHBCLK unused
APBCLK 00000008

Symbol: APBCLK
   Definitions
      At line 9 in file ..\System\startup_M0518.s
   Uses
      None
Comment: APBCLK unused
CLKDIV 00000018

Symbol: CLKDIV
   Definitions
      At line 12 in file ..\System\startup_M0518.s
   Uses
      None
Comment: CLKDIV unused
CLKSEL0 00000010

Symbol: CLKSEL0
   Definitions
      At line 10 in file ..\System\startup_M0518.s
   Uses
      None
Comment: CLKSEL0 unused
CLKSEL1 00000014

Symbol: CLKSEL1
   Definitions
      At line 11 in file ..\System\startup_M0518.s
   Uses
      None
Comment: CLKSEL1 unused
CLK_BA_APBCLK 50000208

Symbol: CLK_BA_APBCLK
   Definitions
      At line 16 in file ..\System\startup_M0518.s
   Uses
      None
Comment: CLK_BA_APBCLK unused
CLK_BA_base 50000200

Symbol: CLK_BA_base
   Definitions



ARM Macro Assembler    Page 5 Alphabetic symbol ordering
Absolute symbols

      At line 6 in file ..\System\startup_M0518.s
   Uses
      None
Comment: CLK_BA_base unused
CMP1CR 00000000

Symbol: CMP1CR
   Definitions
      At line 35 in file ..\System\startup_M0518.s
   Uses
      None
Comment: CMP1CR unused
CMP2CR 00000004

Symbol: CMP2CR
   Definitions
      At line 36 in file ..\System\startup_M0518.s
   Uses
      None
Comment: CMP2CR unused
CMPSR 00000008

Symbol: CMPSR
   Definitions
      At line 37 in file ..\System\startup_M0518.s
   Uses
      None
Comment: CMPSR unused
COMP_base 400D0000

Symbol: COMP_base
   Definitions
      At line 34 in file ..\System\startup_M0518.s
   Uses
      None
Comment: COMP_base unused
COMP_enable 40000000

Symbol: COMP_enable
   Definitions
      At line 22 in file ..\System\startup_M0518.s
   Uses
      None
Comment: COMP_enable unused
GCR_base 50000000

Symbol: GCR_base
   Definitions
      At line 144 in file ..\System\startup_M0518.s
   Uses
      None
Comment: GCR_base unused
GPB_MFP 00000034

Symbol: GPB_MFP
   Definitions
      At line 145 in file ..\System\startup_M0518.s
   Uses
      None



ARM Macro Assembler    Page 6 Alphabetic symbol ordering
Absolute symbols

Comment: GPB_MFP unused
GPIOB_DBEN 00000054

Symbol: GPIOB_DBEN
   Definitions
      At line 136 in file ..\System\startup_M0518.s
   Uses
      None
Comment: GPIOB_DBEN unused
GPIOB_DMASK 0000004C

Symbol: GPIOB_DMASK
   Definitions
      At line 134 in file ..\System\startup_M0518.s
   Uses
      None
Comment: GPIOB_DMASK unused
GPIOB_DOUT 00000048

Symbol: GPIOB_DOUT
   Definitions
      At line 133 in file ..\System\startup_M0518.s
   Uses
      None
Comment: GPIOB_DOUT unused
GPIOB_IEN 0000005C

Symbol: GPIOB_IEN
   Definitions
      At line 138 in file ..\System\startup_M0518.s
   Uses
      None
Comment: GPIOB_IEN unused
GPIOB_IMD 00000058

Symbol: GPIOB_IMD
   Definitions
      At line 137 in file ..\System\startup_M0518.s
   Uses
      None
Comment: GPIOB_IMD unused
GPIOB_ISRC 00000060

Symbol: GPIOB_ISRC
   Definitions
      At line 139 in file ..\System\startup_M0518.s
   Uses
      None
Comment: GPIOB_ISRC unused
GPIOB_OFFD 00000044

Symbol: GPIOB_OFFD
   Definitions
      At line 132 in file ..\System\startup_M0518.s
   Uses
      None
Comment: GPIOB_OFFD unused
GPIOB_PIN 00000050




ARM Macro Assembler    Page 7 Alphabetic symbol ordering
Absolute symbols

Symbol: GPIOB_PIN
   Definitions
      At line 135 in file ..\System\startup_M0518.s
   Uses
      None
Comment: GPIOB_PIN unused
GPIOB_PMD 00000040

Symbol: GPIOB_PMD
   Definitions
      At line 131 in file ..\System\startup_M0518.s
   Uses
      None
Comment: GPIOB_PMD unused
GPIO_base 50004000

Symbol: GPIO_base
   Definitions
      At line 130 in file ..\System\startup_M0518.s
   Uses
      None
Comment: GPIO_base unused
Heap_Size 00000000

Symbol: Heap_Size
   Definitions
      At line 170 in file ..\System\startup_M0518.s
   Uses
      At line 174 in file ..\System\startup_M0518.s
Comment: Heap_Size used once
INT_BA_base 50000300

Symbol: INT_BA_base
   Definitions
      At line 118 in file ..\System\startup_M0518.s
   Uses
      None
Comment: INT_BA_base unused
PDMA_BA_GCR 50008F00

Symbol: PDMA_BA_GCR
   Definitions
      At line 76 in file ..\System\startup_M0518.s
   Uses
      None
Comment: PDMA_BA_GCR unused
PDMA_BA_GCR_base 50008F00

Symbol: PDMA_BA_GCR_base
   Definitions
      At line 77 in file ..\System\startup_M0518.s
   Uses
      None
Comment: PDMA_BA_GCR_base unused
PDMA_BA_ch0_base 50008000

Symbol: PDMA_BA_ch0_base
   Definitions
      At line 67 in file ..\System\startup_M0518.s



ARM Macro Assembler    Page 8 Alphabetic symbol ordering
Absolute symbols

   Uses
      None
Comment: PDMA_BA_ch0_base unused
PDMA_BA_ch1_base 50008100

Symbol: PDMA_BA_ch1_base
   Definitions
      At line 68 in file ..\System\startup_M0518.s
   Uses
      None
Comment: PDMA_BA_ch1_base unused
PDMA_BA_ch2_base 50008200

Symbol: PDMA_BA_ch2_base
   Definitions
      At line 69 in file ..\System\startup_M0518.s
   Uses
      None
Comment: PDMA_BA_ch2_base unused
PDMA_BA_ch3_base 50008300

Symbol: PDMA_BA_ch3_base
   Definitions
      At line 70 in file ..\System\startup_M0518.s
   Uses
      None
Comment: PDMA_BA_ch3_base unused
PDMA_BA_ch4_base 50008400

Symbol: PDMA_BA_ch4_base
   Definitions
      At line 71 in file ..\System\startup_M0518.s
   Uses
      None
Comment: PDMA_BA_ch4_base unused
PDMA_BA_ch5_base 50008500

Symbol: PDMA_BA_ch5_base
   Definitions
      At line 72 in file ..\System\startup_M0518.s
   Uses
      None
Comment: PDMA_BA_ch5_base unused
PDMA_BA_ch6_base 50008600

Symbol: PDMA_BA_ch6_base
   Definitions
      At line 73 in file ..\System\startup_M0518.s
   Uses
      None
Comment: PDMA_BA_ch6_base unused
PDMA_BA_ch7_base 50008700

Symbol: PDMA_BA_ch7_base
   Definitions
      At line 74 in file ..\System\startup_M0518.s
   Uses
      None
Comment: PDMA_BA_ch7_base unused



ARM Macro Assembler    Page 9 Alphabetic symbol ordering
Absolute symbols

PDMA_BCR 0000000C

Symbol: PDMA_BCR
   Definitions
      At line 90 in file ..\System\startup_M0518.s
   Uses
      None
Comment: PDMA_BCR unused
PDMA_CBSR 0000001C

Symbol: PDMA_CBSR
   Definitions
      At line 93 in file ..\System\startup_M0518.s
   Uses
      None
Comment: PDMA_CBSR unused
PDMA_CDAR 00000018

Symbol: PDMA_CDAR
   Definitions
      At line 92 in file ..\System\startup_M0518.s
   Uses
      None
Comment: PDMA_CDAR unused
PDMA_CLK 50000204

Symbol: PDMA_CLK
   Definitions
      At line 24 in file ..\System\startup_M0518.s
   Uses
      None
Comment: PDMA_CLK unused
PDMA_CSAR 00000014

Symbol: PDMA_CSAR
   Definitions
      At line 91 in file ..\System\startup_M0518.s
   Uses
      None
Comment: PDMA_CSAR unused
PDMA_CSR 00000000

Symbol: PDMA_CSR
   Definitions
      At line 87 in file ..\System\startup_M0518.s
   Uses
      None
Comment: PDMA_CSR unused
PDMA_CTCSR 00000028

Symbol: PDMA_CTCSR
   Definitions
      At line 96 in file ..\System\startup_M0518.s
   Uses
      None
Comment: PDMA_CTCSR unused
PDMA_DAR 00000008

Symbol: PDMA_DAR



ARM Macro Assembler    Page 10 Alphabetic symbol ordering
Absolute symbols

   Definitions
      At line 89 in file ..\System\startup_M0518.s
   Uses
      None
Comment: PDMA_DAR unused
PDMA_DASOCR 00000030

Symbol: PDMA_DASOCR
   Definitions
      At line 98 in file ..\System\startup_M0518.s
   Uses
      None
Comment: PDMA_DASOCR unused
PDMA_GCRCSR 00000000

Symbol: PDMA_GCRCSR
   Definitions
      At line 79 in file ..\System\startup_M0518.s
   Uses
      None
Comment: PDMA_GCRCSR unused
PDMA_GCRISR 0000000C

Symbol: PDMA_GCRISR
   Definitions
      At line 82 in file ..\System\startup_M0518.s
   Uses
      None
Comment: PDMA_GCRISR unused
PDMA_GLOBAL_enable 0000FF00

Symbol: PDMA_GLOBAL_enable
   Definitions
      At line 84 in file ..\System\startup_M0518.s
   Uses
      None
Comment: PDMA_GLOBAL_enable unused
PDMA_IER 00000020

Symbol: PDMA_IER
   Definitions
      At line 94 in file ..\System\startup_M0518.s
   Uses
      None
Comment: PDMA_IER unused
PDMA_ISR 00000024

Symbol: PDMA_ISR
   Definitions
      At line 95 in file ..\System\startup_M0518.s
   Uses
      None
Comment: PDMA_ISR unused
PDMA_PDSSR1 00000008

Symbol: PDMA_PDSSR1
   Definitions
      At line 81 in file ..\System\startup_M0518.s
   Uses



ARM Macro Assembler    Page 11 Alphabetic symbol ordering
Absolute symbols

      None
Comment: PDMA_PDSSR1 unused
PDMA_PDSSR2 00000004

Symbol: PDMA_PDSSR2
   Definitions
      At line 80 in file ..\System\startup_M0518.s
   Uses
      None
Comment: PDMA_PDSSR2 unused
PDMA_SAR 00000004

Symbol: PDMA_SAR
   Definitions
      At line 88 in file ..\System\startup_M0518.s
   Uses
      None
Comment: PDMA_SAR unused
PDMA_SASOCR 0000002C

Symbol: PDMA_SASOCR
   Definitions
      At line 97 in file ..\System\startup_M0518.s
   Uses
      None
Comment: PDMA_SASOCR unused
PDMA_SBUF0 00000080

Symbol: PDMA_SBUF0
   Definitions
      At line 99 in file ..\System\startup_M0518.s
   Uses
      None
Comment: PDMA_SBUF0 unused
PDMA_SBUF1 00000084

Symbol: PDMA_SBUF1
   Definitions
      At line 100 in file ..\System\startup_M0518.s
   Uses
      None
Comment: PDMA_SBUF1 unused
PDMA_SBUF2 00000088

Symbol: PDMA_SBUF2
   Definitions
      At line 101 in file ..\System\startup_M0518.s
   Uses
      None
Comment: PDMA_SBUF2 unused
PDMA_SBUF3 0000008C

Symbol: PDMA_SBUF3
   Definitions
      At line 102 in file ..\System\startup_M0518.s
   Uses
      None
Comment: PDMA_SBUF3 unused
PDMA_enable 00000003



ARM Macro Assembler    Page 12 Alphabetic symbol ordering
Absolute symbols


Symbol: PDMA_enable
   Definitions
      At line 25 in file ..\System\startup_M0518.s
   Uses
      None
Comment: PDMA_enable unused
PLLCON 00000020

Symbol: PLLCON
   Definitions
      At line 13 in file ..\System\startup_M0518.s
   Uses
      None
Comment: PLLCON unused
PWRCON 00000000

Symbol: PWRCON
   Definitions
      At line 7 in file ..\System\startup_M0518.s
   Uses
      None
Comment: PWRCON unused
Stack_Size 00000400

Symbol: Stack_Size
   Definitions
      At line 159 in file ..\System\startup_M0518.s
   Uses
      At line 162 in file ..\System\startup_M0518.s
Comment: Stack_Size used once
TEST_S 00000030

Symbol: TEST_S
   Definitions
      At line 14 in file ..\System\startup_M0518.s
   Uses
      None
Comment: TEST_S unused
VIC_EOSCR 00000130

Symbol: VIC_EOSCR
   Definitions
      At line 115 in file ..\System\startup_M0518.s
   Uses
      None
Comment: VIC_EOSCR unused
VIC_MDCR 0000031C

Symbol: VIC_MDCR
   Definitions
      At line 114 in file ..\System\startup_M0518.s
   Uses
      None
Comment: VIC_MDCR unused
VIC_MECR 00000318

Symbol: VIC_MECR
   Definitions



ARM Macro Assembler    Page 13 Alphabetic symbol ordering
Absolute symbols

      At line 113 in file ..\System\startup_M0518.s
   Uses
      None
Comment: VIC_MECR unused
VIC_SCR15 0000003C

Symbol: VIC_SCR15
   Definitions
      At line 107 in file ..\System\startup_M0518.s
   Uses
      None
Comment: VIC_SCR15 unused
VIC_SCR16 00000040

Symbol: VIC_SCR16
   Definitions
      At line 109 in file ..\System\startup_M0518.s
   Uses
      None
Comment: VIC_SCR16 unused
VIC_SCR30 00000078

Symbol: VIC_SCR30
   Definitions
      At line 111 in file ..\System\startup_M0518.s
   Uses
      None
Comment: VIC_SCR30 unused
VIC_SVR15 000000BC

Symbol: VIC_SVR15
   Definitions
      At line 108 in file ..\System\startup_M0518.s
   Uses
      None
Comment: VIC_SVR15 unused
VIC_SVR16 000000C0

Symbol: VIC_SVR16
   Definitions
      At line 110 in file ..\System\startup_M0518.s
   Uses
      None
Comment: VIC_SVR16 unused
VIC_SVR30 000000F8

Symbol: VIC_SVR30
   Definitions
      At line 112 in file ..\System\startup_M0518.s
   Uses
      None
Comment: VIC_SVR30 unused
VIC_base FFFF0000

Symbol: VIC_base
   Definitions
      At line 106 in file ..\System\startup_M0518.s
   Uses
      None



ARM Macro Assembler    Page 14 Alphabetic symbol ordering
Absolute symbols

Comment: VIC_base unused
pattern_00005555 00005555

Symbol: pattern_00005555
   Definitions
      At line 61 in file ..\System\startup_M0518.s
   Uses
      None
Comment: pattern_00005555 unused
pattern_0000aaaa 0000AAAA

Symbol: pattern_0000aaaa
   Definitions
      At line 62 in file ..\System\startup_M0518.s
   Uses
      None
Comment: pattern_0000aaaa unused
pattern_05550515 05550515

Symbol: pattern_05550515
   Definitions
      At line 63 in file ..\System\startup_M0518.s
   Uses
      None
Comment: pattern_05550515 unused
pattern_0aaa0a2a 0AAA0A2A

Symbol: pattern_0aaa0a2a
   Definitions
      At line 64 in file ..\System\startup_M0518.s
   Uses
      None
Comment: pattern_0aaa0a2a unused
pattern_55555555 55555555

Symbol: pattern_55555555
   Definitions
      At line 59 in file ..\System\startup_M0518.s
   Uses
      None
Comment: pattern_55555555 unused
pattern_aaaaaaaa AAAAAAAA

Symbol: pattern_aaaaaaaa
   Definitions
      At line 60 in file ..\System\startup_M0518.s
   Uses
      None
Comment: pattern_aaaaaaaa unused
102 symbols



ARM Macro Assembler    Page 1 Alphabetic symbol ordering
External symbols

ProcessHardFault 00000000

Symbol: ProcessHardFault
   Definitions
      At line 290 in file ..\System\startup_M0518.s
   Uses
      At line 295 in file ..\System\startup_M0518.s
Comment: ProcessHardFault used once
SH_Return 00000000

Symbol: SH_Return
   Definitions
      At line 410 in file ..\System\startup_M0518.s
   Uses
      At line 413 in file ..\System\startup_M0518.s
Comment: SH_Return used once
SystemInit 00000000

Symbol: SystemInit
   Definitions
      At line 254 in file ..\System\startup_M0518.s
   Uses
      At line 275 in file ..\System\startup_M0518.s
Comment: SystemInit used once
__main 00000000

Symbol: __main
   Definitions
      At line 255 in file ..\System\startup_M0518.s
   Uses
      At line 277 in file ..\System\startup_M0518.s
Comment: __main used once
4 symbols
489 symbols in table
