Component: ARM Compiler 5.06 update 1 (build 61) Tool: armlink [4d35a8]

==============================================================================

Small function inlining results

Inlined total of 0 calls.

==============================================================================

Section Cross References

    startup_m0518.o(RESET) refers to startup_m0518.o(STACK) for __initial_sp
    startup_m0518.o(RESET) refers to startup_m0518.o(.text) for Reset_Handler
    startup_m0518.o(RESET) refers to cpu.o(i.SysTick_Handler) for SysTick_Handler
    startup_m0518.o(RESET) refers to hal_timer.o(i.TMR1_IRQHandler) for TMR1_IRQHandler
    startup_m0518.o(RESET) refers to portserial.o(i.UART4_IRQHandler) for UART4_IRQHandler
    startup_m0518.o(.text) refers to system_m0518.o(i.SystemInit) for SystemInit
    startup_m0518.o(.text) refers to entry.o(.ARM.Collect$$$$00000000) for __main
    startup_m0518.o(.text) refers to main.o(i.ProcessHardFault) for ProcessHardFault
    startup_m0518.o(.text) refers to retarget.o(i.SH_Return) for SH_Return
    system_m0518.o(i.CLK_GetPLLClockFreq) refers to uidiv.o(.text) for __aeabi_uidivmod
    system_m0518.o(i.SystemCoreClockUpdate) refers to system_m0518.o(i.CLK_GetPLLClockFreq) for CLK_GetPLLClockFreq
    system_m0518.o(i.SystemCoreClockUpdate) refers to uidiv.o(.text) for __aeabi_uidivmod
    system_m0518.o(i.SystemCoreClockUpdate) refers to system_m0518.o(.data) for PllClock
    main.o(i.CLK_GetPLLClockFreq) refers to uidiv.o(.text) for __aeabi_uidivmod
    main.o(i.DEBUG_UART1_Init) refers to sys.o(i.SYS_ResetModule) for SYS_ResetModule
    main.o(i.DEBUG_UART1_Init) refers to uart.o(i.UART_Open) for UART_Open
    main.o(i.ProcessHardFault) refers to printfa.o(i.__0printf) for __2printf
    main.o(i.SYS_Init) refers to clk.o(i.CLK_EnableXtalRC) for CLK_EnableXtalRC
    main.o(i.SYS_Init) refers to clk.o(i.CLK_WaitClockReady) for CLK_WaitClockReady
    main.o(i.SYS_Init) refers to clk.o(i.CLK_SetHCLK) for CLK_SetHCLK
    main.o(i.SYS_Init) refers to clk.o(i.CLK_SetCoreClock) for CLK_SetCoreClock
    main.o(i.SYS_Init) refers to clk.o(i.CLK_EnableModuleClock) for CLK_EnableModuleClock
    main.o(i.SYS_Init) refers to clk.o(i.CLK_SetModuleClock) for CLK_SetModuleClock
    main.o(i.SYS_Init) refers to sys.o(i.SYS_ResetModule) for SYS_ResetModule
    main.o(i.main) refers to main.o(i.SYS_Init) for SYS_Init
    main.o(i.main) refers to main.o(i.DEBUG_UART1_Init) for DEBUG_UART1_Init
    main.o(i.main) refers to cpu.o(i.hal_CPUInit) for hal_CPUInit
    main.o(i.main) refers to os_system.o(i.OS_TaskInit) for OS_TaskInit
    main.o(i.main) refers to printfa.o(i.__0printf) for __2printf
    main.o(i.main) refers to main.o(i.CLK_GetPLLClockFreq) for CLK_GetPLLClockFreq
    main.o(i.main) refers to hal_task.o(i.hal_task_init) for hal_task_init
    main.o(i.main) refers to uidiv.o(.text) for __aeabi_uidivmod
    main.o(i.main) refers to os_system.o(i.OS_CreatTask) for OS_CreatTask
    main.o(i.main) refers to mt_task.o(i.mt_task_init) for mt_task_init
    main.o(i.main) refers to os_system.o(i.OS_Start) for OS_Start
    main.o(i.main) refers to system_m0518.o(.data) for SystemCoreClock
    main.o(i.main) refers to main.o(.constdata) for .constdata
    main.o(i.main) refers to hal_task.o(i.hal_task) for hal_task
    main.o(i.main) refers to mt_task.o(i.mt_task) for mt_task
    bpwm.o(i.BPWM_ConfigCaptureChannel) refers to bpwm.o(i.CLK_GetPLLClockFreq) for CLK_GetPLLClockFreq
    bpwm.o(i.BPWM_ConfigCaptureChannel) refers to system_m0518.o(i.SystemCoreClockUpdate) for SystemCoreClockUpdate
    bpwm.o(i.BPWM_ConfigCaptureChannel) refers to uidiv.o(.text) for __aeabi_uidivmod
    bpwm.o(i.BPWM_ConfigCaptureChannel) refers to system_m0518.o(.data) for SystemCoreClock
    bpwm.o(i.BPWM_ConfigOutputChannel) refers to bpwm.o(i.CLK_GetPLLClockFreq) for CLK_GetPLLClockFreq
    bpwm.o(i.BPWM_ConfigOutputChannel) refers to system_m0518.o(i.SystemCoreClockUpdate) for SystemCoreClockUpdate
    bpwm.o(i.BPWM_ConfigOutputChannel) refers to uidiv.o(.text) for __aeabi_uidivmod
    bpwm.o(i.BPWM_ConfigOutputChannel) refers to system_m0518.o(.data) for SystemCoreClock
    bpwm.o(i.CLK_GetPLLClockFreq) refers to uidiv.o(.text) for __aeabi_uidivmod
    clk.o(i.CLK_DisableCKO) refers to clk.o(i.CLK_DisableModuleClock) for CLK_DisableModuleClock
    clk.o(i.CLK_DisableModuleClock) refers to clk.o(.constdata) for .constdata
    clk.o(i.CLK_EnableModuleClock) refers to clk.o(.constdata) for .constdata
    clk.o(i.CLK_EnablePLL) refers to clk.o(i.CLK_WaitClockReady) for CLK_WaitClockReady
    clk.o(i.CLK_EnablePLL) refers to uidiv.o(.text) for __aeabi_uidivmod
    clk.o(i.CLK_EnablePLL) refers to clk.o(i.CLK_GetPLLClockFreq) for CLK_GetPLLClockFreq
    clk.o(i.CLK_GetCPUFreq) refers to system_m0518.o(i.SystemCoreClockUpdate) for SystemCoreClockUpdate
    clk.o(i.CLK_GetCPUFreq) refers to system_m0518.o(.data) for SystemCoreClock
[...]
    ..\StdDriver\src\adc.c                   0x00000000   Number         0  adc.o ABSOLUTE
    ..\StdDriver\src\bpwm.c                  0x00000000   Number         0  bpwm.o ABSOLUTE
    ..\StdDriver\src\clk.c                   0x00000000   Number         0  clk.o ABSOLUTE
    ..\StdDriver\src\fmc.c                   0x00000000   Number         0  fmc.o ABSOLUTE
    ..\StdDriver\src\gpio.c                  0x00000000   Number         0  gpio.o ABSOLUTE
    ..\StdDriver\src\i2c.c                   0x00000000   Number         0  i2c.o ABSOLUTE
    ..\StdDriver\src\pwm.c                   0x00000000   Number         0  pwm.o ABSOLUTE
    ..\StdDriver\src\retarget.c              0x00000000   Number         0  retarget.o ABSOLUTE
    ..\StdDriver\src\spi.c                   0x00000000   Number         0  spi.o ABSOLUTE
    ..\StdDriver\src\sys.c                   0x00000000   Number         0  sys.o ABSOLUTE
    ..\StdDriver\src\timer.c                 0x00000000   Number         0  timer.o ABSOLUTE
    ..\StdDriver\src\uart.c                  0x00000000   Number         0  uart.o ABSOLUTE
    ..\StdDriver\src\wdt.c                   0x00000000   Number         0  wdt.o ABSOLUTE
    ..\StdDriver\src\wwdt.c                  0x00000000   Number         0  wwdt.o ABSOLUTE
    ..\System\startup_M0518.s                0x00000000   Number         0  startup_m0518.o ABSOLUTE
    ..\System\system_M0518.c                 0x00000000   Number         0  system_m0518.o ABSOLUTE
    ..\User\main.c                           0x00000000   Number         0  main.o ABSOLUTE
    ..\User\user_misc.c                      0x00000000   Number         0  user_misc.o ABSOLUTE
    ..\\Driver\\driver_i2c.c                 0x00000000   Number         0  driver_i2c.o ABSOLUTE
    ..\\Hal\\hal_adc.c                       0x00000000   Number         0  hal_adc.o ABSOLUTE
    ..\\Hal\\hal_beep.c                      0x00000000   Number         0  hal_beep.o ABSOLUTE
    ..\\Hal\\hal_dac.c                       0x00000000   Number         0  hal_dac.o ABSOLUTE
    ..\\Hal\\hal_iflash.c                    0x00000000   Number         0  hal_iflash.o ABSOLUTE
    ..\\Hal\\hal_io.c                        0x00000000   Number         0  hal_io.o ABSOLUTE
    ..\\Hal\\hal_led.c                       0x00000000   Number         0  hal_led.o ABSOLUTE
    ..\\Hal\\hal_rs485.c                     0x00000000   Number         0  hal_rs485.o ABSOLUTE
    ..\\Hal\\hal_stepper.c                   0x00000000   Number         0  hal_stepper.o ABSOLUTE
    ..\\Hal\\hal_task.c                      0x00000000   Number         0  hal_task.o ABSOLUTE
    ..\\Hal\\hal_timer.c                     0x00000000   Number         0  hal_timer.o ABSOLUTE
    ..\\MT\\mt_modbus.c                      0x00000000   Number         0  mt_modbus.o ABSOLUTE
    ..\\MT\\mt_task.c                        0x00000000   Number         0  mt_task.o ABSOLUTE
    ..\\Modbus\\modbus\\mb.c                 0x00000000   Number         0  mb.o ABSOLUTE
    ..\\Modbus\\port\\portserial.c           0x00000000   Number         0  portserial.o ABSOLUTE
    ..\\OS\\cpu.c                            0x00000000   Number         0  cpu.o ABSOLUTE
    ..\\StdDriver\\src\\adc.c                0x00000000   Number         0  adc.o ABSOLUTE
    ..\\StdDriver\\src\\bpwm.c               0x00000000   Number         0  bpwm.o ABSOLUTE
    ..\\StdDriver\\src\\clk.c                0x00000000   Number         0  clk.o ABSOLUTE
    ..\\StdDriver\\src\\fmc.c                0x00000000   Number         0  fmc.o ABSOLUTE
    ..\\StdDriver\\src\\gpio.c               0x00000000   Number         0  gpio.o ABSOLUTE
    ..\\StdDriver\\src\\i2c.c                0x00000000   Number         0  i2c.o ABSOLUTE
    ..\\StdDriver\\src\\pwm.c                0x00000000   Number         0  pwm.o ABSOLUTE
    ..\\StdDriver\\src\\retarget.c           0x00000000   Number         0  retarget.o ABSOLUTE
    ..\\StdDriver\\src\\spi.c                0x00000000   Number         0  spi.o ABSOLUTE
    ..\\StdDriver\\src\\sys.c                0x00000000   Number         0  sys.o ABSOLUTE
    ..\\StdDriver\\src\\timer.c              0x00000000   Number         0  timer.o ABSOLUTE
    ..\\StdDriver\\src\\uart.c               0x00000000   Number         0  uart.o ABSOLUTE
    ..\\StdDriver\\src\\wdt.c                0x00000000   Number         0  wdt.o ABSOLUTE
    ..\\StdDriver\\src\\wwdt.c               0x00000000   Number         0  wwdt.o ABSOLUTE
    ..\\System\\system_M0518.c               0x00000000   Number         0  system_m0518.o ABSOLUTE
    ..\\User\\main.c                         0x00000000   Number         0  main.o ABSOLUTE
    cdcmple.s                                0x00000000   Number         0  cdcmple.o ABSOLUTE
    cdrcmple.s                               0x00000000   Number         0  cdrcmple.o ABSOLUTE
    cfcmple.s                                0x00000000   Number         0  cfcmple.o ABSOLUTE
    cfrcmple.s                               0x00000000   Number         0  cfrcmple.o ABSOLUTE
    handlers.s                               0x00000000   Number         0  handlers.o ABSOLUTE
    init.s                                   0x00000000   Number         0  init.o ABSOLUTE
    .ARM.Collect$$$$00000000                 0x000000c0   Section        0  entry.o(.ARM.Collect$$$$00000000)
    .ARM.Collect$$$$00000001                 0x000000c0   Section        4  entry2.o(.ARM.Collect$$$$00000001)
    .ARM.Collect$$$$00000004                 0x000000c4   Section        4  entry5.o(.ARM.Collect$$$$00000004)
    .ARM.Collect$$$$00000008                 0x000000c8   Section        0  entry7b.o(.ARM.Collect$$$$00000008)
    .ARM.Collect$$$$0000000A                 0x000000c8   Section        0  entry8b.o(.ARM.Collect$$$$0000000A)
    .ARM.Collect$$$$0000000B                 0x000000c8   Section        8  entry9a.o(.ARM.Collect$$$$0000000B)
    .ARM.Collect$$$$0000000D                 0x000000d0   Section        0  entry10a.o(.ARM.Collect$$$$0000000D)
    .ARM.Collect$$$$0000000F                 0x000000d0   Section        0  entry11a.o(.ARM.Collect$$$$0000000F)
    .ARM.Collect$$$$00002712                 0x000000d0   Section        4  entry2.o(.ARM.Collect$$$$00002712)
    __lit__00000000                          0x000000d0   Data           4  entry2.o(.ARM.Collect$$$$00002712)
    .text                                    0x000000d4   Section      116  startup_m0518.o(.text)
    Default_Handler                          0x0000010d   Thumb Code     2  startup_m0518.o(.text)
    .text                                    0x00000148   Section        0  uidiv.o(.text)
    .text                                    0x00000174   Section        0  idiv.o(.text)
    .text                                    0x0000019c   Section        0  memcpya.o(.text)
    .text                                    0x000001c0   Section        0  fadd.o(.text)
    .text                                    0x00000272   Section        0  fmul.o(.text)
    .text                                    0x000002ec   Section        0  fdiv.o(.text)
    .text                                    0x00000368   Section        0  dadd.o(.text)
    .text                                    0x000004cc   Section        0  dmul.o(.text)
    .text                                    0x0000059c   Section        0  ddiv.o(.text)
    .text                                    0x0000068c   Section        0  fflti.o(.text)
    .text                                    0x000006a2   Section        0  ffltui.o(.text)
    .text                                    0x000006b0   Section        0  ffixui.o(.text)
    .text                                    0x000006d8   Section        0  f2d.o(.text)
    .text                                    0x00000700   Section       40  cdcmple.o(.text)
    .text                                    0x00000728   Section       40  cdrcmple.o(.text)
    .text                                    0x00000750   Section        0  d2f.o(.text)
    .text                                    0x00000788   Section       20  cfcmple.o(.text)
    .text                                    0x0000079c   Section       20  cfrcmple.o(.text)
    .text                                    0x000007b0   Section        0  uldiv.o(.text)
    .text                                    0x00000810   Section        0  llshl.o(.text)
    .text                                    0x00000830   Section        0  llsshr.o(.text)
    .text                                    0x00000856   Section        0  fepilogue.o(.text)
    .text                                    0x00000856   Section        0  iusefp.o(.text)
    .text                                    0x000008d8   Section        0  depilogue.o(.text)
    .text                                    0x00000996   Section        0  dsqrt.o(.text)
    .text                                    0x00000a38   Section        0  dfixul.o(.text)
    .text                                    0x00000a78   Section       36  init.o(.text)
    .text                                    0x00000a9c   Section        0  llushr.o(.text)
    i.ADC_Open                               0x00000ac0   Section        0  adc.o(i.ADC_Open)
    i.AdcFilter                              0x00000ae0   Section        0  hal_adc.o(i.AdcFilter)
    AdcFilter                                0x00000ae1   Thumb Code   166  hal_adc.o(i.AdcFilter)
    i.BPWM_ConfigOutputChannel               0x00000b88   Section        0  bpwm.o(i.BPWM_ConfigOutputChannel)
    i.BPWM_DisableOutput                     0x00000cf0   Section        0  bpwm.o(i.BPWM_DisableOutput)
    i.BPWM_EnableOutput                      0x00000cfc   Section        0  bpwm.o(i.BPWM_EnableOutput)
    i.BPWM_Start                             0x00000d08   Section        0  bpwm.o(i.BPWM_Start)
    i.BPWM_Stop                              0x00000d0e   Section        0  bpwm.o(i.BPWM_Stop)
    i.CLK_EnableModuleClock                  0x00000d14   Section        0  clk.o(i.CLK_EnableModuleClock)
    i.CLK_EnablePLL                          0x00000d50   Section        0  clk.o(i.CLK_EnablePLL)
    i.CLK_EnableXtalRC                       0x00000ed4   Section        0  clk.o(i.CLK_EnableXtalRC)
    i.CLK_GetPLLClockFreq                    0x00000ee4   Section        0  system_m0518.o(i.CLK_GetPLLClockFreq)
    CLK_GetPLLClockFreq                      0x00000ee5   Thumb Code   112  system_m0518.o(i.CLK_GetPLLClockFreq)
    i.CLK_GetPLLClockFreq                    0x00000f64   Section        0  main.o(i.CLK_GetPLLClockFreq)
    CLK_GetPLLClockFreq                      0x00000f65   Thumb Code   112  main.o(i.CLK_GetPLLClockFreq)
    i.CLK_GetPLLClockFreq                    0x00000fe4   Section        0  bpwm.o(i.CLK_GetPLLClockFreq)
    CLK_GetPLLClockFreq                      0x00000fe5   Thumb Code   112  bpwm.o(i.CLK_GetPLLClockFreq)
    i.CLK_GetPLLClockFreq                    0x00001064   Section        0  clk.o(i.CLK_GetPLLClockFreq)
    CLK_GetPLLClockFreq                      0x00001065   Thumb Code   112  clk.o(i.CLK_GetPLLClockFreq)
    i.CLK_GetPLLClockFreq                    0x000010e4   Section        0  uart.o(i.CLK_GetPLLClockFreq)
    CLK_GetPLLClockFreq                      0x000010e5   Thumb Code   112  uart.o(i.CLK_GetPLLClockFreq)
    i.CLK_SetCoreClock                       0x00001164   Section        0  clk.o(i.CLK_SetCoreClock)
    i.CLK_SetHCLK                            0x00001200   Section        0  clk.o(i.CLK_SetHCLK)
    i.CLK_SetModuleClock                     0x00001264   Section        0  clk.o(i.CLK_SetModuleClock)
    i.CLK_WaitClockReady                     0x000012d8   Section        0  clk.o(i.CLK_WaitClockReady)
    i.DEBUG_UART1_Init                       0x00001304   Section        0  main.o(i.DEBUG_UART1_Init)
    i.Delayus                                0x00001320   Section        0  user_misc.o(i.Delayus)
    i.DriverI2C_ReceiveAck                   0x0000133e   Section        0  driver_i2c.o(i.DriverI2C_ReceiveAck)
    i.DriverI2C_SCL_HIGH                     0x00001374   Section        0  driver_i2c.o(i.DriverI2C_SCL_HIGH)
    i.DriverI2C_SCL_LOW                      0x00001390   Section        0  driver_i2c.o(i.DriverI2C_SCL_LOW)
    i.DriverI2C_SDA_HIGH                     0x000013ac   Section        0  driver_i2c.o(i.DriverI2C_SDA_HIGH)
    i.DriverI2C_SDA_LOW                      0x000013c8   Section        0  driver_i2c.o(i.DriverI2C_SDA_LOW)
    i.DriverI2C_SDA_READ                     0x000013e4   Section        0  driver_i2c.o(i.DriverI2C_SDA_READ)
    i.DriverI2C_SendByte                     0x00001404   Section        0  driver_i2c.o(i.DriverI2C_SendByte)
    i.DriverI2C_Start                        0x0000144e   Section        0  driver_i2c.o(i.DriverI2C_Start)
    i.DriverI2C_Stop                         0x0000147e   Section        0  driver_i2c.o(i.DriverI2C_Stop)
    i.EnterCriticalSection                   0x000014a4   Section        0  portserial.o(i.EnterCriticalSection)
    i.ExitCriticalSection                    0x000014d8   Section        0  portserial.o(i.ExitCriticalSection)
    i.FMC_Close                              0x00001500   Section        0  fmc.o(i.FMC_Close)
    i.FMC_EnableConfigUpdate                 0x00001514   Section        0  fmc.o(i.FMC_EnableConfigUpdate)
    i.FMC_Erase                              0x00001528   Section        0  hal_iflash.o(i.FMC_Erase)
    FMC_Erase                                0x00001529   Thumb Code    92  hal_iflash.o(i.FMC_Erase)
    i.FMC_GetBootSource                      0x00001590   Section        0  fmc.o(i.FMC_GetBootSource)
    i.FMC_Open                               0x000015a8   Section        0  fmc.o(i.FMC_Open)
    i.FMC_Read                               0x000015bc   Section        0  fmc.o(i.FMC_Read)
    FMC_Read                                 0x000015bd   Thumb Code    60  fmc.o(i.FMC_Read)
    i.FMC_Read                               0x00001604   Section        0  hal_iflash.o(i.FMC_Read)
    FMC_Read                                 0x00001605   Thumb Code    60  hal_iflash.o(i.FMC_Read)
    i.FMC_ReadConfig                         0x0000164c   Section        0  fmc.o(i.FMC_ReadConfig)
    i.FMC_ReadDataFlashBaseAddr              0x00001688   Section        0  fmc.o(i.FMC_ReadDataFlashBaseAddr)
    i.FMC_Write                              0x00001694   Section        0  hal_iflash.o(i.FMC_Write)
    FMC_Write                                0x00001695   Thumb Code    64  hal_iflash.o(i.FMC_Write)
    i.FMC_WriteConfig                        0x000016e0   Section        0  fmc.o(i.FMC_WriteConfig)
    i.FillDataPattern                        0x00001784   Section        0  hal_iflash.o(i.FillDataPattern)
    i.FlashTest                              0x000017a4   Section        0  hal_iflash.o(i.FlashTest)
    FlashTest                                0x000017a5   Thumb Code   182  hal_iflash.o(i.FlashTest)
    i.GPIO_SetMode                           0x000018fc   Section        0  gpio.o(i.GPIO_SetMode)
    i.HalAdc1Callback                        0x0000192c   Section        0  mt_modbus.o(i.HalAdc1Callback)
    i.HalAdcConverteFlow                     0x000019bc   Section        0  hal_adc.o(i.HalAdcConverteFlow)
    i.HalAdcInit                             0x00001a64   Section        0  hal_adc.o(i.HalAdcInit)
    i.HalDac1SetVoltage                      0x00001a84   Section        0  hal_dac.o(i.HalDac1SetVoltage)
    i.HalGetStepperSpeed                     0x00001bb0   Section        0  hal_stepper.o(i.HalGetStepperSpeed)
    i.HalIflashInit                          0x00001bbc   Section        0  hal_iflash.o(i.HalIflashInit)
    i.HalSetStepperSpeed                     0x00002054   Section        0  hal_stepper.o(i.HalSetStepperSpeed)
    i.HalStepperGetDir                       0x00002074   Section        0  hal_stepper.o(i.HalStepperGetDir)
    i.HalStepperGetStepState                 0x00002080   Section        0  hal_stepper.o(i.HalStepperGetStepState)
    i.HalStepperInit                         0x0000208c   Section        0  hal_stepper.o(i.HalStepperInit)
    i.HalStepperSetDir                       0x000020b8   Section        0  hal_stepper.o(i.HalStepperSetDir)
    i.HalStepperStart                        0x000020dc   Section        0  hal_stepper.o(i.HalStepperStart)
    i.HalStepperStop                         0x0000210c   Section        0  hal_stepper.o(i.HalStepperStop)
    i.Hal_TimerHandle                        0x00002130   Section        0  hal_timer.o(i.Hal_TimerHandle)
    Hal_TimerHandle                          0x00002131   Thumb Code   102  hal_timer.o(i.Hal_TimerHandle)
    i.ModbusRegistersInit                    0x0000219c   Section        0  mt_modbus.o(i.ModbusRegistersInit)
    i.MtModbusInit                           0x000021b0   Section        0  mt_modbus.o(i.MtModbusInit)
    i.NVIC_SetPriority                       0x000021cc   Section        0  cpu.o(i.NVIC_SetPriority)
    NVIC_SetPriority                         0x000021cd   Thumb Code   110  cpu.o(i.NVIC_SetPriority)
    i.OS_CPUInterruptCBSRegister             0x00002244   Section        0  os_system.o(i.OS_CPUInterruptCBSRegister)
    i.OS_ClockInterruptHandle                0x00002258   Section        0  os_system.o(i.OS_ClockInterruptHandle)
    i.OS_CreatTask                           0x000022b8   Section        0  os_system.o(i.OS_CreatTask)
    i.OS_Start                               0x000022f4   Section        0  os_system.o(i.OS_Start)
    i.OS_TaskInit                            0x0000232c   Section        0  os_system.o(i.OS_TaskInit)
    i.ProcessHardFault                       0x00002360   Section        0  main.o(i.ProcessHardFault)
    i.SH_Return                              0x000024e8   Section        0  retarget.o(i.SH_Return)
    i.SYS_Init                               0x000024f0   Section        0  main.o(i.SYS_Init)
    i.SYS_ResetModule                        0x0000269c   Section        0  sys.o(i.SYS_ResetModule)
    i.SYS_UnlockReg                          0x000026cc   Section        0  hal_iflash.o(i.SYS_UnlockReg)
    SYS_UnlockReg                            0x000026cd   Thumb Code    38  hal_iflash.o(i.SYS_UnlockReg)
    i.SendChar                               0x000026fc   Section        0  retarget.o(i.SendChar)
    i.SendChar_ToUART                        0x00002708   Section        0  retarget.o(i.SendChar_ToUART)
    i.SetDataFlashBase                       0x00002740   Section        0  hal_iflash.o(i.SetDataFlashBase)
    SetDataFlashBase                         0x00002741   Thumb Code    98  hal_iflash.o(i.SetDataFlashBase)
    i.SysTick_Handler                        0x000027c4   Section        0  cpu.o(i.SysTick_Handler)
    i.SystemCoreClockUpdate                  0x000027cc   Section        0  system_m0518.o(i.SystemCoreClockUpdate)
    i.SystemInit                             0x00002830   Section        0  system_m0518.o(i.SystemInit)
    i.TIMER_GetModuleClock                   0x00002834   Section        0  timer.o(i.TIMER_GetModuleClock)
    i.TIMER_Open                             0x000028b8   Section        0  timer.o(i.TIMER_Open)
    i.TMR1_IRQHandler                        0x0000290c   Section        0  hal_timer.o(i.TMR1_IRQHandler)
    i.UART4_IRQHandler                       0x00002930   Section        0  portserial.o(i.UART4_IRQHandler)
    i.UART_Open                              0x00002964   Section        0  uart.o(i.UART_Open)
    i.UART_Read                              0x00002a1c   Section        0  uart.o(i.UART_Read)
    i.UART_SetLine_Config                    0x00002a50   Section        0  uart.o(i.UART_SetLine_Config)
    i.UART_Write                             0x00002b08   Section        0  uart.o(i.UART_Write)
    i.UpdateHoldingRegs                      0x00002b3c   Section        0  mt_modbus.o(i.UpdateHoldingRegs)
    UpdateHoldingRegs                        0x00002b3d   Thumb Code   212  mt_modbus.o(i.UpdateHoldingRegs)
    i.VerifyData                             0x00002c3c   Section        0  hal_iflash.o(i.VerifyData)
    i.WtiteHoldingRegs                       0x00002c74   Section        0  mt_modbus.o(i.WtiteHoldingRegs)
    WtiteHoldingRegs                         0x00002c75   Thumb Code   268  mt_modbus.o(i.WtiteHoldingRegs)
    i.__0printf                              0x00002de8   Section        0  printfa.o(i.__0printf)
    i.__ARM_clz                              0x00002e08   Section        0  depilogue.o(i.__ARM_clz)
    i.__scatterload_copy                     0x00002e36   Section       14  handlers.o(i.__scatterload_copy)
    i.__scatterload_null                     0x00002e44   Section        2  handlers.o(i.__scatterload_null)
    i.__scatterload_zeroinit                 0x00002e46   Section       14  handlers.o(i.__scatterload_zeroinit)
    i.__set_errno                            0x00002e54   Section        0  errno.o(i.__set_errno)
    i._fp_digits                             0x00002e60   Section        0  printfa.o(i._fp_digits)
    _fp_digits                               0x00002e61   Thumb Code   316  printfa.o(i._fp_digits)
    i._printf_core                           0x00002fb8   Section        0  printfa.o(i._printf_core)
    _printf_core                             0x00002fb9   Thumb Code  1754  printfa.o(i._printf_core)
    i._printf_post_padding                   0x000036a4   Section        0  printfa.o(i._printf_post_padding)
    _printf_post_padding                     0x000036a5   Thumb Code    32  printfa.o(i._printf_post_padding)
    i._printf_pre_padding                    0x000036c4   Section        0  printfa.o(i._printf_pre_padding)
    _printf_pre_padding                      0x000036c5   Thumb Code    44  printfa.o(i._printf_pre_padding)
    i.calculate_temperature                  0x000036f0   Section        0  mt_modbus.o(i.calculate_temperature)
    i.eMBEnable                              0x000037fc   Section        0  mb.o(i.eMBEnable)
    i.eMBFuncReadHoldingRegister             0x00003838   Section        0  mbfuncholding.o(i.eMBFuncReadHoldingRegister)
    i.eMBFuncWriteMultipleHoldingRegister    0x000038c2   Section        0  mbfuncholding.o(i.eMBFuncWriteMultipleHoldingRegister)
    i.eMBInit                                0x00003930   Section        0  mb.o(i.eMBInit)
    i.eMBPoll                                0x00003a0c   Section        0  mb.o(i.eMBPoll)
    i.eMBRTUInit                             0x00003b54   Section        0  mbrtu.o(i.eMBRTUInit)
    i.eMBRTUReceive                          0x00003bac   Section        0  mbrtu.o(i.eMBRTUReceive)
    i.eMBRTUSend                             0x00003bf8   Section        0  mbrtu.o(i.eMBRTUSend)
    i.eMBRTUStart                            0x00003c84   Section        0  mbrtu.o(i.eMBRTUStart)
    i.eMBRTUStop                             0x00003ca8   Section        0  mbrtu.o(i.eMBRTUStop)
    i.eMBRegHoldingCB                        0x00003cc0   Section        0  mt_modbus.o(i.eMBRegHoldingCB)
    i.fputc                                  0x00003d48   Section        0  retarget.o(i.fputc)
    i.hal_CPUInit                            0x00003d58   Section        0  cpu.o(i.hal_CPUInit)
    i.hal_CPU_Critical_Control               0x00003d6c   Section        0  cpu.o(i.hal_CPU_Critical_Control)
    i.hal_CoreClockInit                      0x00003d94   Section        0  cpu.o(i.hal_CoreClockInit)
    hal_CoreClockInit                        0x00003d95   Thumb Code    54  cpu.o(i.hal_CoreClockInit)
    i.hal_CreatTimer                         0x00003dd8   Section        0  hal_timer.o(i.hal_CreatTimer)
    i.hal_Led1Turn                           0x00003e08   Section        0  hal_led.o(i.hal_Led1Turn)
    hal_Led1Turn                             0x00003e09   Thumb Code    34  hal_led.o(i.hal_Led1Turn)
    i.hal_LedConfig                          0x00003e34   Section        0  hal_led.o(i.hal_LedConfig)
    hal_LedConfig                            0x00003e35   Thumb Code    20  hal_led.o(i.hal_LedConfig)
    i.hal_LedHandle                          0x00003e50   Section        0  hal_led.o(i.hal_LedHandle)
    i.hal_LedInit                            0x00003e74   Section        0  hal_led.o(i.hal_LedInit)
    i.hal_MatrixtimerInit                    0x00003e7c   Section        0  hal_timer.o(i.hal_MatrixtimerInit)
    i.hal_ResetTimer                         0x00003eb8   Section        0  hal_timer.o(i.hal_ResetTimer)
    i.hal_beep_init                          0x00003ee8   Section        0  hal_beep.o(i.hal_beep_init)
    i.hal_beep_off                           0x00003f04   Section        0  hal_beep.o(i.hal_beep_off)
    i.hal_beep_on                            0x00003f10   Section        0  hal_beep.o(i.hal_beep_on)
    i.hal_getprimask                         0x00003f1c   Section        0  cpu.o(i.hal_getprimask)
    hal_getprimask                           0x00003f1d   Thumb Code    18  cpu.o(i.hal_getprimask)
    i.hal_io_init                            0x00003f30   Section        0  hal_io.o(i.hal_io_init)
    i.hal_task                               0x00004008   Section        0  hal_task.o(i.hal_task)
    i.hal_task_init                          0x00004014   Section        0  hal_task.o(i.hal_task_init)
    i.hal_timer1Config                       0x0000404c   Section        0  hal_timer.o(i.hal_timer1Config)
    hal_timer1Config                         0x0000404d   Thumb Code    62  hal_timer.o(i.hal_timer1Config)
    i.main                                   0x00004098   Section        0  main.o(i.main)
    i.mt_task                                0x000041e8   Section        0  mt_task.o(i.mt_task)
    i.mt_task_init                           0x000041f0   Section        0  mt_task.o(i.mt_task_init)
    i.prveMBError2Exception                  0x000041f8   Section        0  mbutils.o(i.prveMBError2Exception)
    i.sqrt                                   0x0000421c   Section        0  sqrt.o(i.sqrt)
    i.usMBCRC16                              0x00004264   Section        0  mbcrc.o(i.usMBCRC16)
    i.vMBPortSerialEnable                    0x0000429c   Section        0  portserial.o(i.vMBPortSerialEnable)
    i.vMBPortTimersDisable                   0x000042e0   Section        0  porttimer.o(i.vMBPortTimersDisable)
    i.vMBPortTimersEnable                    0x000042ec   Section        0  porttimer.o(i.vMBPortTimersEnable)
    i.xMBPortEventGet                        0x000042f8   Section        0  portevent.o(i.xMBPortEventGet)
    i.xMBPortEventInit                       0x0000431c   Section        0  portevent.o(i.xMBPortEventInit)
    i.xMBPortEventPost                       0x0000432c   Section        0  portevent.o(i.xMBPortEventPost)
    i.xMBPortSerialGetByte                   0x00004344   Section        0  portserial.o(i.xMBPortSerialGetByte)
    i.xMBPortSerialInit                      0x0000435c   Section        0  portserial.o(i.xMBPortSerialInit)
    i.xMBPortSerialPutByte                   0x000043cc   Section        0  portserial.o(i.xMBPortSerialPutByte)
    i.xMBPortTimersInit                      0x000043e0   Section        0  porttimer.o(i.xMBPortTimersInit)
    i.xMBRTUReceiveFSM                       0x00004418   Section        0  mbrtu.o(i.xMBRTUReceiveFSM)
    i.xMBRTUTimerT35Expired                  0x000044a4   Section        0  mbrtu.o(i.xMBRTUTimerT35Expired)
    i.xMBRTUTransmitFSM                      0x000044e8   Section        0  mbrtu.o(i.xMBRTUTransmitFSM)
    .constdata                               0x00004558   Section       16  main.o(.constdata)
    .constdata                               0x00004568   Section       48  clk.o(.constdata)
    .constdata                               0x00004598   Section       32  timer.o(.constdata)
    .constdata                               0x000045b8   Section       48  uart.o(.constdata)
    .constdata                               0x000045e8   Section      512  mbcrc.o(.constdata)
    aucCRCHi                                 0x000045e8   Data         256  mbcrc.o(.constdata)
    aucCRCLo                                 0x000046e8   Data         256  mbcrc.o(.constdata)
    .conststring                             0x000047e8   Section       70  hal_iflash.o(.conststring)
    .data                                    0x20000000   Section       44  system_m0518.o(.data)
    .data                                    0x2000002c   Section        4  fmc.o(.data)
    .data                                    0x20000030   Section        8  retarget.o(.data)
    .data                                    0x20000038   Section        4  os_system.o(.data)
    .data                                    0x2000003c   Section        7  hal_led.o(.data)
    i                                        0x20000041   Data           1  hal_led.o(.data)
    i                                        0x20000042   Data           1  hal_led.o(.data)
    .data                                    0x20000043   Section       22  hal_io.o(.data)
    filter_cnt                               0x20000045   Data           8  hal_io.o(.data)
    bit_state                                0x2000004d   Data           1  hal_io.o(.data)
    bit_state_previou                        0x2000004e   Data           1  hal_io.o(.data)
    trigger_flag                             0x2000004f   Data           8  hal_io.o(.data)
    bit_state                                0x20000057   Data           1  hal_io.o(.data)
    bit_state_previou                        0x20000058   Data           1  hal_io.o(.data)
    .data                                    0x2000005c   Section       14  hal_adc.o(.data)
    conv_step                                0x20000068   Data           1  hal_adc.o(.data)
    index                                    0x20000069   Data           1  hal_adc.o(.data)
    .data                                    0x2000006c   Section        8  hal_stepper.o(.data)
    .data                                    0x20000074   Section        2  portevent.o(.data)
    eQueuedEvent                             0x20000074   Data           1  portevent.o(.data)
    xEventInQueue                            0x20000075   Data           1  portevent.o(.data)
    .data                                    0x20000076   Section        2  portserial.o(.data)
    .data                                    0x20000078   Section       12  mbrtu.o(.data)
    eSndState                                0x20000078   Data           1  mbrtu.o(.data)
    eRcvState                                0x20000079   Data           1  mbrtu.o(.data)
    pucSndBufferCur                          0x2000007c   Data           4  mbrtu.o(.data)
    usSndBufferCount                         0x20000080   Data           2  mbrtu.o(.data)
    usRcvBufferPos                           0x20000082   Data           2  mbrtu.o(.data)
    .data                                    0x20000084   Section       69  mb.o(.data)
    ucMBAddress                              0x20000084   Data           1  mb.o(.data)
    eMBCurrentMode                           0x20000085   Data           1  mb.o(.data)
    eMBState                                 0x20000086   Data           1  mb.o(.data)
    peMBFrameSendCur                         0x20000088   Data           4  mb.o(.data)
    pvMBFrameStartCur                        0x2000008c   Data           4  mb.o(.data)
    pvMBFrameStopCur                         0x20000090   Data           4  mb.o(.data)
    peMBFrameReceiveCur                      0x20000094   Data           4  mb.o(.data)
    pvMBFrameCloseCur                        0x20000098   Data           4  mb.o(.data)
    xFuncHandlers                            0x200000b0   Data          16  mb.o(.data)
    ucMBFrame                                0x200000c0   Data           4  mb.o(.data)
    ucRcvAddress                             0x200000c4   Data           1  mb.o(.data)
    ucFunctionCode                           0x200000c5   Data           1  mb.o(.data)
    usLength                                 0x200000c6   Data           2  mb.o(.data)
    eException                               0x200000c8   Data           1  mb.o(.data)
    .data                                    0x200000cc   Section       20  mt_modbus.o(.data)
    u32value                                 0x200000dc   Data           4  mt_modbus.o(.data)
    .data                                    0x200000e0   Section        4  errno.o(.data)
    _errno                                   0x200000e0   Data           4  errno.o(.data)
    .bss                                     0x200000e4   Section       36  os_system.o(.bss)
    .bss                                     0x20000108   Section       24  hal_timer.o(.bss)
    .bss                                     0x20000120   Section       40  hal_adc.o(.bss)
    .bss                                     0x20000148   Section      256  mbrtu.o(.bss)
    .bss                                     0x20000248   Section       28  mt_modbus.o(.bss)
    STACK                                    0x20000268   Section     1024  startup_m0518.o(STACK)

    Global Symbols

    Symbol Name                              Value     Ov Type        Size  Object(Section)

    BuildAttributes$$THM_ISAv3M$S$PE$A:L22$X:L11$S22$IEEE1$IW$USESV6$~STKCKD$USESV7$~SHL$OTIME$ROPI$IEEEJ$EBA8$MICROLIB$REQ8$PRES8$EABIv2 0x00000000   Number         0  anon$$obj.o ABSOLUTE
    __ARM_use_no_argv                        0x00000000   Number         0  main.o ABSOLUTE
    __Vectors                                0x00000000   Data           4  startup_m0518.o(RESET)
    _printf_a                                0x00000000   Number         0  stubs.o ABSOLUTE
    _printf_c                                0x00000000   Number         0  stubs.o ABSOLUTE
    _printf_charcount                        0x00000000   Number         0  stubs.o ABSOLUTE
    _printf_d                                0x00000000   Number         0  stubs.o ABSOLUTE
    _printf_e                                0x00000000   Number         0  stubs.o ABSOLUTE
    _printf_f                                0x00000000   Number         0  stubs.o ABSOLUTE
    _printf_flags                            0x00000000   Number         0  stubs.o ABSOLUTE
    _printf_fp_dec                           0x00000000   Number         0  stubs.o ABSOLUTE
    _printf_fp_hex                           0x00000000   Number         0  stubs.o ABSOLUTE
    _printf_g                                0x00000000   Number         0  stubs.o ABSOLUTE
    _printf_i                                0x00000000   Number         0  stubs.o ABSOLUTE
    _printf_int_dec                          0x00000000   Number         0  stubs.o ABSOLUTE
    _printf_l                                0x00000000   Number         0  stubs.o ABSOLUTE
    _printf_lc                               0x00000000   Number         0  stubs.o ABSOLUTE
    _printf_ll                               0x00000000   Number         0  stubs.o ABSOLUTE
    _printf_lld                              0x00000000   Number         0  stubs.o ABSOLUTE
    _printf_lli                              0x00000000   Number         0  stubs.o ABSOLUTE
    _printf_llo                              0x00000000   Number         0  stubs.o ABSOLUTE
    _printf_llu                              0x00000000   Number         0  stubs.o ABSOLUTE
    _printf_llx                              0x00000000   Number         0  stubs.o ABSOLUTE
    _printf_longlong_dec                     0x00000000   Number         0  stubs.o ABSOLUTE
    _printf_longlong_hex                     0x00000000   Number         0  stubs.o ABSOLUTE
    _printf_longlong_oct                     0x00000000   Number         0  stubs.o ABSOLUTE
    _printf_ls                               0x00000000   Number         0  stubs.o ABSOLUTE
    _printf_mbtowc                           0x00000000   Number         0  stubs.o ABSOLUTE
    _printf_n                                0x00000000   Number         0  stubs.o ABSOLUTE
    _printf_o                                0x00000000   Number         0  stubs.o ABSOLUTE
    _printf_p                                0x00000000   Number         0  stubs.o ABSOLUTE
    _printf_percent                          0x00000000   Number         0  stubs.o ABSOLUTE
    _printf_pre_padding                      0x00000000   Number         0  stubs.o ABSOLUTE
    _printf_return_value                     0x00000000   Number         0  stubs.o ABSOLUTE
    _printf_s                                0x00000000   Number         0  stubs.o ABSOLUTE
    _printf_sizespec                         0x00000000   Number         0  stubs.o ABSOLUTE
    _printf_str                              0x00000000   Number         0  stubs.o ABSOLUTE
    _printf_truncate_signed                  0x00000000   Number         0  stubs.o ABSOLUTE
    _printf_truncate_unsigned                0x00000000   Number         0  stubs.o ABSOLUTE
    _printf_u                                0x00000000   Number         0  stubs.o ABSOLUTE
    _printf_wc                               0x00000000   Number         0  stubs.o ABSOLUTE
    _printf_wctomb                           0x00000000   Number         0  stubs.o ABSOLUTE
    _printf_widthprec                        0x00000000   Number         0  stubs.o ABSOLUTE
    _printf_x                                0x00000000   Number         0  stubs.o ABSOLUTE
    __cpp_initialize__aeabi_                  - Undefined Weak Reference
    __cxa_finalize                            - Undefined Weak Reference
    __decompress                              - Undefined Weak Reference
    _clock_init                               - Undefined Weak Reference
    _microlib_exit                            - Undefined Weak Reference
    __main                                   0x000000c1   Thumb Code     0  entry.o(.ARM.Collect$$$$00000000)
    _main_stk                                0x000000c1   Thumb Code     0  entry2.o(.ARM.Collect$$$$00000001)
    _main_scatterload                        0x000000c5   Thumb Code     0  entry5.o(.ARM.Collect$$$$00000004)
    __main_after_scatterload                 0x000000c9   Thumb Code     0  entry5.o(.ARM.Collect$$$$00000004)
    _main_clock                              0x000000c9   Thumb Code     0  entry7b.o(.ARM.Collect$$$$00000008)
    _main_cpp_init                           0x000000c9   Thumb Code     0  entry8b.o(.ARM.Collect$$$$0000000A)
    _main_init                               0x000000c9   Thumb Code     0  entry9a.o(.ARM.Collect$$$$0000000B)
    __rt_final_cpp                           0x000000d1   Thumb Code     0  entry10a.o(.ARM.Collect$$$$0000000D)
    __rt_final_exit                          0x000000d1   Thumb Code     0  entry11a.o(.ARM.Collect$$$$0000000F)
    Reset_Handler                            0x000000d5   Thumb Code    32  startup_m0518.o(.text)
    NMI_Handler                              0x000000f5   Thumb Code     2  startup_m0518.o(.text)
    HardFault_Handler                        0x000000f7   Thumb Code    16  startup_m0518.o(.text)
    SVC_Handler                              0x00000107   Thumb Code     2  startup_m0518.o(.text)
    PendSV_Handler                           0x00000109   Thumb Code     2  startup_m0518.o(.text)
    ADC_IRQHandler                           0x0000010d   Thumb Code     0  startup_m0518.o(.text)
    BOD_IRQHandler                           0x0000010d   Thumb Code     0  startup_m0518.o(.text)
    BPWM0_IRQHandler                         0x0000010d   Thumb Code     0  startup_m0518.o(.text)
    BPWM1_IRQHandler                         0x0000010d   Thumb Code     0  startup_m0518.o(.text)
    BRAKE0_IRQHandler                        0x0000010d   Thumb Code     0  startup_m0518.o(.text)
    BRAKE1_IRQHandler                        0x0000010d   Thumb Code     0  startup_m0518.o(.text)
    CAN0_IRQHandler                          0x0000010d   Thumb Code     0  startup_m0518.o(.text)
    CAN1_IRQHandler                          0x0000010d   Thumb Code     0  startup_m0518.o(.text)
    CKD_IRQHandler                           0x0000010d   Thumb Code     0  startup_m0518.o(.text)
    EINT0_IRQHandler                         0x0000010d   Thumb Code     0  startup_m0518.o(.text)
    EINT1_IRQHandler                         0x0000010d   Thumb Code     0  startup_m0518.o(.text)
    GPAB_IRQHandler                          0x0000010d   Thumb Code     0  startup_m0518.o(.text)
    GPCDEF_IRQHandler                        0x0000010d   Thumb Code     0  startup_m0518.o(.text)
    I2C0_IRQHandler                          0x0000010d   Thumb Code     0  startup_m0518.o(.text)
    I2C1_IRQHandler                          0x0000010d   Thumb Code     0  startup_m0518.o(.text)
    PWM0_IRQHandler                          0x0000010d   Thumb Code     0  startup_m0518.o(.text)
    PWM1_IRQHandler                          0x0000010d   Thumb Code     0  startup_m0518.o(.text)
    PWRWU_IRQHandler                         0x0000010d   Thumb Code     0  startup_m0518.o(.text)
    RTC_IRQHandler                           0x0000010d   Thumb Code     0  startup_m0518.o(.text)
    SPI0_IRQHandler                          0x0000010d   Thumb Code     0  startup_m0518.o(.text)
    TMR0_IRQHandler                          0x0000010d   Thumb Code     0  startup_m0518.o(.text)
    TMR2_IRQHandler                          0x0000010d   Thumb Code     0  startup_m0518.o(.text)
    TMR3_IRQHandler                          0x0000010d   Thumb Code     0  startup_m0518.o(.text)
    UART02_IRQHandler                        0x0000010d   Thumb Code     0  startup_m0518.o(.text)
    UART1_IRQHandler                         0x0000010d   Thumb Code     0  startup_m0518.o(.text)
    UART3_IRQHandler                         0x0000010d   Thumb Code     0  startup_m0518.o(.text)
    UART5_IRQHandler                         0x0000010d   Thumb Code     0  startup_m0518.o(.text)
    WDT_IRQHandler                           0x0000010d   Thumb Code     0  startup_m0518.o(.text)
    SH_DoCommand                             0x00000111   Thumb Code    10  startup_m0518.o(.text)
    __PC                                     0x0000011b   Thumb Code     6  startup_m0518.o(.text)
    __aeabi_uidiv                            0x00000149   Thumb Code     0  uidiv.o(.text)
    __aeabi_uidivmod                         0x00000149   Thumb Code    44  uidiv.o(.text)
    __aeabi_idiv                             0x00000175   Thumb Code     0  idiv.o(.text)
    __aeabi_idivmod                          0x00000175   Thumb Code    40  idiv.o(.text)
    __aeabi_memcpy                           0x0000019d   Thumb Code    36  memcpya.o(.text)
    __aeabi_memcpy4                          0x0000019d   Thumb Code     0  memcpya.o(.text)
    __aeabi_memcpy8                          0x0000019d   Thumb Code     0  memcpya.o(.text)
    __aeabi_fadd                             0x000001c1   Thumb Code   162  fadd.o(.text)
    __aeabi_fsub                             0x00000263   Thumb Code     8  fadd.o(.text)
    __aeabi_frsub                            0x0000026b   Thumb Code     8  fadd.o(.text)
    __aeabi_fmul                             0x00000273   Thumb Code   122  fmul.o(.text)
    __aeabi_fdiv                             0x000002ed   Thumb Code   124  fdiv.o(.text)
    __aeabi_dadd                             0x00000369   Thumb Code   328  dadd.o(.text)
    __aeabi_dsub                             0x000004b1   Thumb Code    12  dadd.o(.text)
    __aeabi_drsub                            0x000004bd   Thumb Code    12  dadd.o(.text)
    __aeabi_dmul                             0x000004cd   Thumb Code   202  dmul.o(.text)
    __aeabi_ddiv                             0x0000059d   Thumb Code   234  ddiv.o(.text)
    __aeabi_i2f                              0x0000068d   Thumb Code    22  fflti.o(.text)
    __aeabi_ui2f                             0x000006a3   Thumb Code    14  ffltui.o(.text)
    __aeabi_f2uiz                            0x000006b1   Thumb Code    40  ffixui.o(.text)
    __aeabi_f2d                              0x000006d9   Thumb Code    40  f2d.o(.text)
    __aeabi_cdcmpeq                          0x00000701   Thumb Code     0  cdcmple.o(.text)
    __aeabi_cdcmple                          0x00000701   Thumb Code    38  cdcmple.o(.text)
    __aeabi_cdrcmple                         0x00000729   Thumb Code    38  cdrcmple.o(.text)
    __aeabi_d2f                              0x00000751   Thumb Code    56  d2f.o(.text)
    __aeabi_cfcmpeq                          0x00000789   Thumb Code     0  cfcmple.o(.text)
    __aeabi_cfcmple                          0x00000789   Thumb Code    20  cfcmple.o(.text)
    __aeabi_cfrcmple                         0x0000079d   Thumb Code    20  cfrcmple.o(.text)
    __aeabi_uldivmod                         0x000007b1   Thumb Code    96  uldiv.o(.text)
    __aeabi_llsl                             0x00000811   Thumb Code    32  llshl.o(.text)
    _ll_shift_l                              0x00000811   Thumb Code     0  llshl.o(.text)
    __aeabi_lasr                             0x00000831   Thumb Code    38  llsshr.o(.text)
    _ll_sshift_r                             0x00000831   Thumb Code     0  llsshr.o(.text)
    __I$use$fp                               0x00000857   Thumb Code     0  iusefp.o(.text)
    _float_round                             0x00000857   Thumb Code    16  fepilogue.o(.text)
    _float_epilogue                          0x00000867   Thumb Code   114  fepilogue.o(.text)
    _double_round                            0x000008d9   Thumb Code    26  depilogue.o(.text)
    _double_epilogue                         0x000008f3   Thumb Code   164  depilogue.o(.text)
    _dsqrt                                   0x00000997   Thumb Code   162  dsqrt.o(.text)
    __aeabi_d2ulz                            0x00000a39   Thumb Code    54  dfixul.o(.text)
    __scatterload                            0x00000a79   Thumb Code    28  init.o(.text)
    __scatterload_rt2                        0x00000a79   Thumb Code     0  init.o(.text)
    __aeabi_llsr                             0x00000a9d   Thumb Code    34  llushr.o(.text)
    _ll_ushift_r                             0x00000a9d   Thumb Code     0  llushr.o(.text)
    ADC_Open                                 0x00000ac1   Thumb Code    26  adc.o(i.ADC_Open)
    BPWM_ConfigOutputChannel                 0x00000b89   Thumb Code   336  bpwm.o(i.BPWM_ConfigOutputChannel)
    BPWM_DisableOutput                       0x00000cf1   Thumb Code    12  bpwm.o(i.BPWM_DisableOutput)
    BPWM_EnableOutput                        0x00000cfd   Thumb Code    12  bpwm.o(i.BPWM_EnableOutput)
    BPWM_Start                               0x00000d09   Thumb Code     6  bpwm.o(i.BPWM_Start)
    BPWM_Stop                                0x00000d0f   Thumb Code     6  bpwm.o(i.BPWM_Stop)
    CLK_EnableModuleClock                    0x00000d15   Thumb Code    52  clk.o(i.CLK_EnableModuleClock)
    CLK_EnablePLL                            0x00000d51   Thumb Code   342  clk.o(i.CLK_EnablePLL)
    CLK_EnableXtalRC                         0x00000ed5   Thumb Code    12  clk.o(i.CLK_EnableXtalRC)
    CLK_SetCoreClock                         0x00001165   Thumb Code   144  clk.o(i.CLK_SetCoreClock)
    CLK_SetHCLK                              0x00001201   Thumb Code    94  clk.o(i.CLK_SetHCLK)
    CLK_SetModuleClock                       0x00001265   Thumb Code   108  clk.o(i.CLK_SetModuleClock)
    CLK_WaitClockReady                       0x000012d9   Thumb Code    36  clk.o(i.CLK_WaitClockReady)
    DEBUG_UART1_Init                         0x00001305   Thumb Code    20  main.o(i.DEBUG_UART1_Init)
    Delayus                                  0x00001321   Thumb Code    30  user_misc.o(i.Delayus)
    DriverI2C_ReceiveAck                     0x0000133f   Thumb Code    52  driver_i2c.o(i.DriverI2C_ReceiveAck)
    DriverI2C_SCL_HIGH                       0x00001375   Thumb Code    24  driver_i2c.o(i.DriverI2C_SCL_HIGH)
    DriverI2C_SCL_LOW                        0x00001391   Thumb Code    24  driver_i2c.o(i.DriverI2C_SCL_LOW)
    DriverI2C_SDA_HIGH                       0x000013ad   Thumb Code    24  driver_i2c.o(i.DriverI2C_SDA_HIGH)
    DriverI2C_SDA_LOW                        0x000013c9   Thumb Code    24  driver_i2c.o(i.DriverI2C_SDA_LOW)
    DriverI2C_SDA_READ                       0x000013e5   Thumb Code    28  driver_i2c.o(i.DriverI2C_SDA_READ)
    DriverI2C_SendByte                       0x00001405   Thumb Code    74  driver_i2c.o(i.DriverI2C_SendByte)
    DriverI2C_Start                          0x0000144f   Thumb Code    48  driver_i2c.o(i.DriverI2C_Start)
    DriverI2C_Stop                           0x0000147f   Thumb Code    36  driver_i2c.o(i.DriverI2C_Stop)
    EnterCriticalSection                     0x000014a5   Thumb Code    44  portserial.o(i.EnterCriticalSection)
    ExitCriticalSection                      0x000014d9   Thumb Code    30  portserial.o(i.ExitCriticalSection)
    FMC_Close                                0x00001501   Thumb Code    14  fmc.o(i.FMC_Close)
    FMC_EnableConfigUpdate                   0x00001515   Thumb Code    14  fmc.o(i.FMC_EnableConfigUpdate)
    FMC_GetBootSource                        0x00001591   Thumb Code    20  fmc.o(i.FMC_GetBootSource)
    FMC_Open                                 0x000015a9   Thumb Code    14  fmc.o(i.FMC_Open)
    FMC_ReadConfig                           0x0000164d   Thumb Code    56  fmc.o(i.FMC_ReadConfig)
    FMC_ReadDataFlashBaseAddr                0x00001689   Thumb Code     6  fmc.o(i.FMC_ReadDataFlashBaseAddr)
    FMC_WriteConfig                          0x000016e1   Thumb Code   152  fmc.o(i.FMC_WriteConfig)
    FillDataPattern                          0x00001785   Thumb Code    30  hal_iflash.o(i.FillDataPattern)
    GPIO_SetMode                             0x000018fd   Thumb Code    46  gpio.o(i.GPIO_SetMode)
    HalAdc1Callback                          0x0000192d   Thumb Code   116  mt_modbus.o(i.HalAdc1Callback)
    HalAdcConverteFlow                       0x000019bd   Thumb Code   146  hal_adc.o(i.HalAdcConverteFlow)
    HalAdcInit                               0x00001a65   Thumb Code    28  hal_adc.o(i.HalAdcInit)
    HalDac1SetVoltage                        0x00001a85   Thumb Code   200  hal_dac.o(i.HalDac1SetVoltage)
    HalGetStepperSpeed                       0x00001bb1   Thumb Code     6  hal_stepper.o(i.HalGetStepperSpeed)
    HalIflashInit                            0x00001bbd   Thumb Code   536  hal_iflash.o(i.HalIflashInit)
    HalSetStepperSpeed                       0x00002055   Thumb Code    22  hal_stepper.o(i.HalSetStepperSpeed)
    HalStepperGetDir                         0x00002075   Thumb Code     6  hal_stepper.o(i.HalStepperGetDir)
    HalStepperGetStepState                   0x00002081   Thumb Code     6  hal_stepper.o(i.HalStepperGetStepState)
    HalStepperInit                           0x0000208d   Thumb Code    32  hal_stepper.o(i.HalStepperInit)
    HalStepperSetDir                         0x000020b9   Thumb Code    28  hal_stepper.o(i.HalStepperSetDir)
    HalStepperStart                          0x000020dd   Thumb Code    40  hal_stepper.o(i.HalStepperStart)
    HalStepperStop                           0x0000210d   Thumb Code    26  hal_stepper.o(i.HalStepperStop)
    ModbusRegistersInit                      0x0000219d   Thumb Code    12  mt_modbus.o(i.ModbusRegistersInit)
    MtModbusInit                             0x000021b1   Thumb Code    28  mt_modbus.o(i.MtModbusInit)
    OS_CPUInterruptCBSRegister               0x00002245   Thumb Code    14  os_system.o(i.OS_CPUInterruptCBSRegister)
    OS_ClockInterruptHandle                  0x00002259   Thumb Code    90  os_system.o(i.OS_ClockInterruptHandle)
    OS_CreatTask                             0x000022b9   Thumb Code    54  os_system.o(i.OS_CreatTask)
    OS_Start                                 0x000022f5   Thumb Code    50  os_system.o(i.OS_Start)
    OS_TaskInit                              0x0000232d   Thumb Code    48  os_system.o(i.OS_TaskInit)
    ProcessHardFault                         0x00002361   Thumb Code   166  main.o(i.ProcessHardFault)
    SH_Return                                0x000024e9   Thumb Code     6  retarget.o(i.SH_Return)
    SYS_Init                                 0x000024f1   Thumb Code   392  main.o(i.SYS_Init)
    SYS_ResetModule                          0x0000269d   Thumb Code    48  sys.o(i.SYS_ResetModule)
    SendChar                                 0x000026fd   Thumb Code    12  retarget.o(i.SendChar)
    SendChar_ToUART                          0x00002709   Thumb Code    50  retarget.o(i.SendChar_ToUART)
    SysTick_Handler                          0x000027c5   Thumb Code     8  cpu.o(i.SysTick_Handler)
    SystemCoreClockUpdate                    0x000027cd   Thumb Code    76  system_m0518.o(i.SystemCoreClockUpdate)
    SystemInit                               0x00002831   Thumb Code     2  system_m0518.o(i.SystemInit)
    TIMER_GetModuleClock                     0x00002835   Thumb Code   110  timer.o(i.TIMER_GetModuleClock)
    TIMER_Open                               0x000028b9   Thumb Code    82  timer.o(i.TIMER_Open)
    TMR1_IRQHandler                          0x0000290d   Thumb Code    32  hal_timer.o(i.TMR1_IRQHandler)
    UART4_IRQHandler                         0x00002931   Thumb Code    38  portserial.o(i.UART4_IRQHandler)
    UART_Open                                0x00002965   Thumb Code   166  uart.o(i.UART_Open)
    UART_Read                                0x00002a1d   Thumb Code    50  uart.o(i.UART_Read)
    UART_SetLine_Config                      0x00002a51   Thumb Code   170  uart.o(i.UART_SetLine_Config)
    UART_Write                               0x00002b09   Thumb Code    52  uart.o(i.UART_Write)
    VerifyData                               0x00002c3d   Thumb Code    52  hal_iflash.o(i.VerifyData)
    __0printf                                0x00002de9   Thumb Code    24  printfa.o(i.__0printf)
    __1printf                                0x00002de9   Thumb Code     0  printfa.o(i.__0printf)
    __2printf                                0x00002de9   Thumb Code     0  printfa.o(i.__0printf)
    __c89printf                              0x00002de9   Thumb Code     0  printfa.o(i.__0printf)
    printf                                   0x00002de9   Thumb Code     0  printfa.o(i.__0printf)
    __ARM_clz                                0x00002e09   Thumb Code    46  depilogue.o(i.__ARM_clz)
    __scatterload_copy                       0x00002e37   Thumb Code    14  handlers.o(i.__scatterload_copy)
    __scatterload_null                       0x00002e45   Thumb Code     2  handlers.o(i.__scatterload_null)
    __scatterload_zeroinit                   0x00002e47   Thumb Code    14  handlers.o(i.__scatterload_zeroinit)
    __set_errno                              0x00002e55   Thumb Code     6  errno.o(i.__set_errno)
    calculate_temperature                    0x000036f1   Thumb Code   174  mt_modbus.o(i.calculate_temperature)
    eMBEnable                                0x000037fd   Thumb Code    38  mb.o(i.eMBEnable)
    eMBFuncReadHoldingRegister               0x00003839   Thumb Code   138  mbfuncholding.o(i.eMBFuncReadHoldingRegister)
    eMBFuncWriteMultipleHoldingRegister      0x000038c3   Thumb Code   108  mbfuncholding.o(i.eMBFuncWriteMultipleHoldingRegister)
    eMBInit                                  0x00003931   Thumb Code   148  mb.o(i.eMBInit)
    eMBPoll                                  0x00003a0d   Thumb Code   282  mb.o(i.eMBPoll)
    eMBRTUInit                               0x00003b55   Thumb Code    82  mbrtu.o(i.eMBRTUInit)
    eMBRTUReceive                            0x00003bad   Thumb Code    68  mbrtu.o(i.eMBRTUReceive)
    eMBRTUSend                               0x00003bf9   Thumb Code   120  mbrtu.o(i.eMBRTUSend)
    eMBRTUStart                              0x00003c85   Thumb Code    30  mbrtu.o(i.eMBRTUStart)
    eMBRTUStop                               0x00003ca9   Thumb Code    24  mbrtu.o(i.eMBRTUStop)
    eMBRegHoldingCB                          0x00003cc1   Thumb Code   130  mt_modbus.o(i.eMBRegHoldingCB)
    fputc                                    0x00003d49   Thumb Code    16  retarget.o(i.fputc)
    hal_CPUInit                              0x00003d59   Thumb Code    14  cpu.o(i.hal_CPUInit)
    hal_CPU_Critical_Control                 0x00003d6d   Thumb Code    38  cpu.o(i.hal_CPU_Critical_Control)
    hal_CreatTimer                           0x00003dd9   Thumb Code    42  hal_timer.o(i.hal_CreatTimer)
    hal_LedHandle                            0x00003e51   Thumb Code    30  hal_led.o(i.hal_LedHandle)
    hal_LedInit                              0x00003e75   Thumb Code     8  hal_led.o(i.hal_LedInit)
    hal_MatrixtimerInit                      0x00003e7d   Thumb Code    56  hal_timer.o(i.hal_MatrixtimerInit)
    hal_ResetTimer                           0x00003eb9   Thumb Code    44  hal_timer.o(i.hal_ResetTimer)
    hal_beep_init                            0x00003ee9   Thumb Code    20  hal_beep.o(i.hal_beep_init)
    hal_beep_off                             0x00003f05   Thumb Code     8  hal_beep.o(i.hal_beep_off)
    hal_beep_on                              0x00003f11   Thumb Code     8  hal_beep.o(i.hal_beep_on)
    hal_io_init                              0x00003f31   Thumb Code   202  hal_io.o(i.hal_io_init)
    hal_task                                 0x00004009   Thumb Code    12  hal_task.o(i.hal_task)
    hal_task_init                            0x00004015   Thumb Code    48  hal_task.o(i.hal_task_init)
    main                                     0x00004099   Thumb Code   220  main.o(i.main)
    mt_task                                  0x000041e9   Thumb Code     8  mt_task.o(i.mt_task)
    mt_task_init                             0x000041f1   Thumb Code     8  mt_task.o(i.mt_task_init)
    prveMBError2Exception                    0x000041f9   Thumb Code    36  mbutils.o(i.prveMBError2Exception)
    sqrt                                     0x0000421d   Thumb Code    66  sqrt.o(i.sqrt)
    usMBCRC16                                0x00004265   Thumb Code    46  mbcrc.o(i.usMBCRC16)
    vMBPortSerialEnable                      0x0000429d   Thumb Code    62  portserial.o(i.vMBPortSerialEnable)
    vMBPortTimersDisable                     0x000042e1   Thumb Code    12  porttimer.o(i.vMBPortTimersDisable)
    vMBPortTimersEnable                      0x000042ed   Thumb Code    12  porttimer.o(i.vMBPortTimersEnable)
    xMBPortEventGet                          0x000042f9   Thumb Code    28  portevent.o(i.xMBPortEventGet)
    xMBPortEventInit                         0x0000431d   Thumb Code    10  portevent.o(i.xMBPortEventInit)
    xMBPortEventPost                         0x0000432d   Thumb Code    16  portevent.o(i.xMBPortEventPost)
    xMBPortSerialGetByte                     0x00004345   Thumb Code    18  portserial.o(i.xMBPortSerialGetByte)
    xMBPortSerialInit                        0x0000435d   Thumb Code    98  portserial.o(i.xMBPortSerialInit)
    xMBPortSerialPutByte                     0x000043cd   Thumb Code    16  portserial.o(i.xMBPortSerialPutByte)
    xMBPortTimersInit                        0x000043e1   Thumb Code    30  porttimer.o(i.xMBPortTimersInit)
    xMBRTUReceiveFSM                         0x00004419   Thumb Code   126  mbrtu.o(i.xMBRTUReceiveFSM)
    xMBRTUTimerT35Expired                    0x000044a5   Thumb Code    62  mbrtu.o(i.xMBRTUTimerT35Expired)
    xMBRTUTransmitFSM                        0x000044e9   Thumb Code    98  mbrtu.o(i.xMBRTUTransmitFSM)
    Region$$Table$$Base                      0x00004830   Number         0  anon$$obj.o(Region$$Table)
    Region$$Table$$Limit                     0x00004850   Number         0  anon$$obj.o(Region$$Table)
    SystemCoreClock                          0x20000000   Data           4  system_m0518.o(.data)
    CyclesPerUs                              0x20000004   Data           4  system_m0518.o(.data)
    PllClock                                 0x20000008   Data           4  system_m0518.o(.data)
    gau32ClkSrcTbl                           0x2000000c   Data          32  system_m0518.o(.data)
    g_FMC_i32ErrCode                         0x2000002c   Data           4  fmc.o(.data)
    __stdout                                 0x20000030   Data           4  retarget.o(.data)
    __stdin                                  0x20000034   Data           4  retarget.o(.data)
    CPUInterrupptCtrlCBS                     0x20000038   Data           4  os_system.o(.data)
    array                                    0x2000003c   Data           5  hal_led.o(.data)
    g_input_state                            0x20000043   Data           1  hal_io.o(.data)
    g_output_state                           0x20000044   Data           1  hal_io.o(.data)
    adc_ch1_callback                         0x2000005c   Data           4  hal_adc.o(.data)
    adc_ch2_callback                         0x20000060   Data           4  hal_adc.o(.data)
    adc_average                              0x20000064   Data           4  hal_adc.o(.data)
    stepper                                  0x2000006c   Data           8  hal_stepper.o(.data)
    ucGIEWasEnabled                          0x20000076   Data           1  portserial.o(.data)
    ucCriticalNesting                        0x20000077   Data           1  portserial.o(.data)
    pxMBFrameCBByteReceived                  0x2000009c   Data           4  mb.o(.data)
    pxMBFrameCBTransmitterEmpty              0x200000a0   Data           4  mb.o(.data)
    pxMBPortCBTimerExpired                   0x200000a4   Data           4  mb.o(.data)
    pxMBFrameCBReceiveFSMCur                 0x200000a8   Data           4  mb.o(.data)
    pxMBFrameCBTransmitFSMCur                0x200000ac   Data           4  mb.o(.data)
    dac_voltage                              0x200000cc   Data           4  mt_modbus.o(.data)
    pt100_coef_k                             0x200000d0   Data           2  mt_modbus.o(.data)
    pt100_coef_b                             0x200000d2   Data           2  mt_modbus.o(.data)
    pt100_res                                0x200000d4   Data           4  mt_modbus.o(.data)
    pt100_temp                               0x200000d8   Data           4  mt_modbus.o(.data)
    OS_Task                                  0x200000e4   Data          36  os_system.o(.bss)
    Stu_Timer                                0x20000108   Data          24  hal_timer.o(.bss)
    adc_raw_value                            0x20000120   Data          40  hal_adc.o(.bss)
    ucRTUBuf                                 0x20000148   Data         256  mbrtu.o(.bss)
    usRegHoldingBuf                          0x20000248   Data          28  mt_modbus.o(.bss)
    __initial_sp                             0x20000668   Data           0  startup_m0518.o(STACK)



==============================================================================

Memory Map of the image

  Image Entry point : 0x000000d5

  Load Region LR_1 (Base: 0x00000000, Size: 0x00004934, Max: 0xffffffff, ABSOLUTE)

    Execution Region ER_RO (Exec base: 0x00000000, Load base: 0x00000000, Size: 0x00004850, Max: 0xffffffff, ABSOLUTE)

    Exec Addr    Load Addr    Size         Type   Attr      Idx    E Section Name        Object

    0x00000000   0x00000000   0x000000c0   Data   RO            3    RESET               startup_m0518.o
    0x000000c0   0x000000c0   0x00000000   Code   RO         2834  * .ARM.Collect$$$$00000000  mc_p.l(entry.o)
    0x000000c0   0x000000c0   0x00000004   Code   RO         3134    .ARM.Collect$$$$00000001  mc_p.l(entry2.o)
    0x000000c4   0x000000c4   0x00000004   Code   RO         3137    .ARM.Collect$$$$00000004  mc_p.l(entry5.o)
    0x000000c8   0x000000c8   0x00000000   Code   RO         3139    .ARM.Collect$$$$00000008  mc_p.l(entry7b.o)
    0x000000c8   0x000000c8   0x00000000   Code   RO         3141    .ARM.Collect$$$$0000000A  mc_p.l(entry8b.o)
    0x000000c8   0x000000c8   0x00000008   Code   RO         3142    .ARM.Collect$$$$0000000B  mc_p.l(entry9a.o)
    0x000000d0   0x000000d0   0x00000000   Code   RO         3144    .ARM.Collect$$$$0000000D  mc_p.l(entry10a.o)
    0x000000d0   0x000000d0   0x00000000   Code   RO         3146    .ARM.Collect$$$$0000000F  mc_p.l(entry11a.o)
    0x000000d0   0x000000d0   0x00000004   Code   RO         3135    .ARM.Collect$$$$00002712  mc_p.l(entry2.o)
    0x000000d4   0x000000d4   0x00000074   Code   RO            4  * .text               startup_m0518.o
    0x00000148   0x00000148   0x0000002c   Code   RO         2835    .text               mc_p.l(uidiv.o)
    0x00000174   0x00000174   0x00000028   Code   RO         2837    .text               mc_p.l(idiv.o)
    0x0000019c   0x0000019c   0x00000024   Code   RO         2839    .text               mc_p.l(memcpya.o)
    0x000001c0   0x000001c0   0x000000b2   Code   RO         3104    .text               mf_p.l(fadd.o)
    0x00000272   0x00000272   0x0000007a   Code   RO         3106    .text               mf_p.l(fmul.o)
    0x000002ec   0x000002ec   0x0000007c   Code   RO         3108    .text               mf_p.l(fdiv.o)
    0x00000368   0x00000368   0x00000164   Code   RO         3110    .text               mf_p.l(dadd.o)
    0x000004cc   0x000004cc   0x000000d0   Code   RO         3112    .text               mf_p.l(dmul.o)
    0x0000059c   0x0000059c   0x000000f0   Code   RO         3114    .text               mf_p.l(ddiv.o)
    0x0000068c   0x0000068c   0x00000016   Code   RO         3116    .text               mf_p.l(fflti.o)
    0x000006a2   0x000006a2   0x0000000e   Code   RO         3118    .text               mf_p.l(ffltui.o)
    0x000006b0   0x000006b0   0x00000028   Code   RO         3120    .text               mf_p.l(ffixui.o)
    0x000006d8   0x000006d8   0x00000028   Code   RO         3122    .text               mf_p.l(f2d.o)
    0x00000700   0x00000700   0x00000028   Code   RO         3124    .text               mf_p.l(cdcmple.o)
    0x00000728   0x00000728   0x00000028   Code   RO         3126    .text               mf_p.l(cdrcmple.o)
    0x00000750   0x00000750   0x00000038   Code   RO         3128    .text               mf_p.l(d2f.o)
    0x00000788   0x00000788   0x00000014   Code   RO         3130    .text               mf_p.l(cfcmple.o)
    0x0000079c   0x0000079c   0x00000014   Code   RO         3132    .text               mf_p.l(cfrcmple.o)
    0x000007b0   0x000007b0   0x00000060   Code   RO         3148    .text               mc_p.l(uldiv.o)
    0x00000810   0x00000810   0x00000020   Code   RO         3150    .text               mc_p.l(llshl.o)
    0x00000830   0x00000830   0x00000026   Code   RO         3152    .text               mc_p.l(llsshr.o)
    0x00000856   0x00000856   0x00000000   Code   RO         3161    .text               mc_p.l(iusefp.o)
    0x00000856   0x00000856   0x00000082   Code   RO         3162    .text               mf_p.l(fepilogue.o)
    0x000008d8   0x000008d8   0x000000be   Code   RO         3164    .text               mf_p.l(depilogue.o)
    0x00000996   0x00000996   0x000000a2   Code   RO         3168    .text               mf_p.l(dsqrt.o)
    0x00000a38   0x00000a38   0x00000040   Code   RO         3170    .text               mf_p.l(dfixul.o)
    0x00000a78   0x00000a78   0x00000024   Code   RO         3172    .text               mc_p.l(init.o)
    0x00000a9c   0x00000a9c   0x00000022   Code   RO         3174    .text               mc_p.l(llushr.o)
    0x00000abe   0x00000abe   0x00000002   PAD
    0x00000ac0   0x00000ac0   0x00000020   Code   RO          195    i.ADC_Open          adc.o
    0x00000ae0   0x00000ae0   0x000000a6   Code   RO         2078    i.AdcFilter         hal_adc.o
    0x00000b86   0x00000b86   0x00000002   PAD
    0x00000b88   0x00000b88   0x00000168   Code   RO          250    i.BPWM_ConfigOutputChannel  bpwm.o
    0x00000cf0   0x00000cf0   0x0000000c   Code   RO          256    i.BPWM_DisableOutput  bpwm.o
    0x00000cfc   0x00000cfc   0x0000000c   Code   RO          264    i.BPWM_EnableOutput  bpwm.o
    0x00000d08   0x00000d08   0x00000006   Code   RO          275    i.BPWM_Start        bpwm.o
    0x00000d0e   0x00000d0e   0x00000006   Code   RO          276    i.BPWM_Stop         bpwm.o
    0x00000d14   0x00000d14   0x0000003c   Code   RO          475    i.CLK_EnableModuleClock  clk.o
    0x00000d50   0x00000d50   0x00000184   Code   RO          476    i.CLK_EnablePLL     clk.o
    0x00000ed4   0x00000ed4   0x00000010   Code   RO          478    i.CLK_EnableXtalRC  clk.o
    0x00000ee4   0x00000ee4   0x00000080   Code   RO           12    i.CLK_GetPLLClockFreq  system_m0518.o
    0x00000f64   0x00000f64   0x00000080   Code   RO          105    i.CLK_GetPLLClockFreq  main.o
    0x00000fe4   0x00000fe4   0x00000080   Code   RO          277    i.CLK_GetPLLClockFreq  bpwm.o
    0x00001064   0x00001064   0x00000080   Code   RO          483    i.CLK_GetPLLClockFreq  clk.o
    0x000010e4   0x000010e4   0x00000080   Code   RO         1512    i.CLK_GetPLLClockFreq  uart.o
    0x00001164   0x00001164   0x0000009c   Code   RO          486    i.CLK_SetCoreClock  clk.o
    0x00001200   0x00001200   0x00000064   Code   RO          487    i.CLK_SetHCLK       clk.o
    0x00001264   0x00001264   0x00000074   Code   RO          488    i.CLK_SetModuleClock  clk.o
    0x000012d8   0x000012d8   0x0000002c   Code   RO          490    i.CLK_WaitClockReady  clk.o
    0x00001304   0x00001304   0x0000001c   Code   RO          106    i.DEBUG_UART1_Init  main.o
    0x00001320   0x00001320   0x0000001e   Code   RO          171    i.Delayus           user_misc.o
    0x0000133e   0x0000133e   0x00000034   Code   RO         2734    i.DriverI2C_ReceiveAck  driver_i2c.o
    0x00001372   0x00001372   0x00000002   PAD
    0x00001374   0x00001374   0x0000001c   Code   RO         2736    i.DriverI2C_SCL_HIGH  driver_i2c.o
    0x00001390   0x00001390   0x0000001c   Code   RO         2737    i.DriverI2C_SCL_LOW  driver_i2c.o
    0x000013ac   0x000013ac   0x0000001c   Code   RO         2738    i.DriverI2C_SDA_HIGH  driver_i2c.o
    0x000013c8   0x000013c8   0x0000001c   Code   RO         2739    i.DriverI2C_SDA_LOW  driver_i2c.o
    0x000013e4   0x000013e4   0x00000020   Code   RO         2740    i.DriverI2C_SDA_READ  driver_i2c.o
    0x00001404   0x00001404   0x0000004a   Code   RO         2742    i.DriverI2C_SendByte  driver_i2c.o
    0x0000144e   0x0000144e   0x00000030   Code   RO         2743    i.DriverI2C_Start   driver_i2c.o
    0x0000147e   0x0000147e   0x00000024   Code   RO         2744    i.DriverI2C_Stop    driver_i2c.o
    0x000014a2   0x000014a2   0x00000002   PAD
    0x000014a4   0x000014a4   0x00000034   Code   RO         2355    i.EnterCriticalSection  portserial.o
    0x000014d8   0x000014d8   0x00000028   Code   RO         2356    i.ExitCriticalSection  portserial.o
    0x00001500   0x00001500   0x00000014   Code   RO          615    i.FMC_Close         fmc.o
    0x00001514   0x00001514   0x00000014   Code   RO          620    i.FMC_EnableConfigUpdate  fmc.o
    0x00001528   0x00001528   0x00000068   Code   RO         2237    i.FMC_Erase         hal_iflash.o
    0x00001590   0x00001590   0x00000018   Code   RO          622    i.FMC_GetBootSource  fmc.o
    0x000015a8   0x000015a8   0x00000014   Code   RO          623    i.FMC_Open          fmc.o
    0x000015bc   0x000015bc   0x00000048   Code   RO          624    i.FMC_Read          fmc.o
    0x00001604   0x00001604   0x00000048   Code   RO         2238    i.FMC_Read          hal_iflash.o
    0x0000164c   0x0000164c   0x0000003c   Code   RO          625    i.FMC_ReadConfig    fmc.o
    0x00001688   0x00001688   0x0000000c   Code   RO          626    i.FMC_ReadDataFlashBaseAddr  fmc.o
    0x00001694   0x00001694   0x0000004c   Code   RO         2239    i.FMC_Write         hal_iflash.o
    0x000016e0   0x000016e0   0x000000a4   Code   RO          628    i.FMC_WriteConfig   fmc.o
    0x00001784   0x00001784   0x0000001e   Code   RO         2240    i.FillDataPattern   hal_iflash.o
    0x000017a2   0x000017a2   0x00000002   PAD
    0x000017a4   0x000017a4   0x00000158   Code   RO         2241    i.FlashTest         hal_iflash.o
    0x000018fc   0x000018fc   0x0000002e   Code   RO          732    i.GPIO_SetMode      gpio.o
    0x0000192a   0x0000192a   0x00000002   PAD
    0x0000192c   0x0000192c   0x00000090   Code   RO         2636    i.HalAdc1Callback   mt_modbus.o
    0x000019bc   0x000019bc   0x000000a8   Code   RO         2082    i.HalAdcConverteFlow  hal_adc.o
    0x00001a64   0x00001a64   0x00000020   Code   RO         2083    i.HalAdcInit        hal_adc.o
    0x00001a84   0x00001a84   0x0000012c   Code   RO         2199    i.HalDac1SetVoltage  hal_dac.o
    0x00001bb0   0x00001bb0   0x0000000c   Code   RO         2134    i.HalGetStepperSpeed  hal_stepper.o
    0x00001bbc   0x00001bbc   0x00000498   Code   RO         2242    i.HalIflashInit     hal_iflash.o
    0x00002054   0x00002054   0x00000020   Code   RO         2135    i.HalSetStepperSpeed  hal_stepper.o
    0x00002074   0x00002074   0x0000000c   Code   RO         2136    i.HalStepperGetDir  hal_stepper.o
    0x00002080   0x00002080   0x0000000c   Code   RO         2137    i.HalStepperGetStepState  hal_stepper.o
    0x0000208c   0x0000208c   0x0000002c   Code   RO         2138    i.HalStepperInit    hal_stepper.o
    0x000020b8   0x000020b8   0x00000024   Code   RO         2139    i.HalStepperSetDir  hal_stepper.o
    0x000020dc   0x000020dc   0x00000030   Code   RO         2140    i.HalStepperStart   hal_stepper.o
    0x0000210c   0x0000210c   0x00000024   Code   RO         2141    i.HalStepperStop    hal_stepper.o
    0x00002130   0x00002130   0x0000006c   Code   RO         1889    i.Hal_TimerHandle   hal_timer.o
    0x0000219c   0x0000219c   0x00000014   Code   RO         2637    i.ModbusRegistersInit  mt_modbus.o
    0x000021b0   0x000021b0   0x0000001c   Code   RO         2638    i.MtModbusInit      mt_modbus.o
    0x000021cc   0x000021cc   0x00000078   Code   RO         1669    i.NVIC_SetPriority  cpu.o
    0x00002244   0x00002244   0x00000014   Code   RO         1720    i.OS_CPUInterruptCBSRegister  os_system.o
    0x00002258   0x00002258   0x00000060   Code   RO         1721    i.OS_ClockInterruptHandle  os_system.o
    0x000022b8   0x000022b8   0x0000003c   Code   RO         1722    i.OS_CreatTask      os_system.o
    0x000022f4   0x000022f4   0x00000038   Code   RO         1723    i.OS_Start          os_system.o
    0x0000232c   0x0000232c   0x00000034   Code   RO         1725    i.OS_TaskInit       os_system.o
    0x00002360   0x00002360   0x00000188   Code   RO          107    i.ProcessHardFault  main.o
    0x000024e8   0x000024e8   0x00000006   Code   RO         1182    i.SH_Return         retarget.o
    0x000024ee   0x000024ee   0x00000002   PAD
    0x000024f0   0x000024f0   0x000001ac   Code   RO          108    i.SYS_Init          main.o
    0x0000269c   0x0000269c   0x00000030   Code   RO         1384    i.SYS_ResetModule   sys.o
    0x000026cc   0x000026cc   0x00000030   Code   RO         2245    i.SYS_UnlockReg     hal_iflash.o
    0x000026fc   0x000026fc   0x0000000c   Code   RO         1183    i.SendChar          retarget.o
    0x00002708   0x00002708   0x00000038   Code   RO         1184    i.SendChar_ToUART   retarget.o
    0x00002740   0x00002740   0x00000084   Code   RO         2246    i.SetDataFlashBase  hal_iflash.o
    0x000027c4   0x000027c4   0x00000008   Code   RO         1670    i.SysTick_Handler   cpu.o
    0x000027cc   0x000027cc   0x00000064   Code   RO           13    i.SystemCoreClockUpdate  system_m0518.o
    0x00002830   0x00002830   0x00000002   Code   RO           14    i.SystemInit        system_m0518.o
    0x00002832   0x00002832   0x00000002   PAD
    0x00002834   0x00002834   0x00000084   Code   RO         1455    i.TIMER_GetModuleClock  timer.o
    0x000028b8   0x000028b8   0x00000052   Code   RO         1456    i.TIMER_Open        timer.o
    0x0000290a   0x0000290a   0x00000002   PAD
    0x0000290c   0x0000290c   0x00000024   Code   RO         1890    i.TMR1_IRQHandler   hal_timer.o
    0x00002930   0x00002930   0x00000034   Code   RO         2357    i.UART4_IRQHandler  portserial.o
    0x00002964   0x00002964   0x000000b8   Code   RO         1521    i.UART_Open         uart.o
    0x00002a1c   0x00002a1c   0x00000032   Code   RO         1522    i.UART_Read         uart.o
    0x00002a4e   0x00002a4e   0x00000002   PAD
    0x00002a50   0x00002a50   0x000000b8   Code   RO         1526    i.UART_SetLine_Config  uart.o
    0x00002b08   0x00002b08   0x00000034   Code   RO         1528    i.UART_Write        uart.o
    0x00002b3c   0x00002b3c   0x00000100   Code   RO         2639    i.UpdateHoldingRegs  mt_modbus.o
    0x00002c3c   0x00002c3c   0x00000038   Code   RO         2247    i.VerifyData        hal_iflash.o
    0x00002c74   0x00002c74   0x00000174   Code   RO         2640    i.WtiteHoldingRegs  mt_modbus.o
    0x00002de8   0x00002de8   0x00000020   Code   RO         3076    i.__0printf         mc_p.l(printfa.o)
    0x00002e08   0x00002e08   0x0000002e   Code   RO         3166    i.__ARM_clz         mf_p.l(depilogue.o)
    0x00002e36   0x00002e36   0x0000000e   Code   RO         3178    i.__scatterload_copy  mc_p.l(handlers.o)
    0x00002e44   0x00002e44   0x00000002   Code   RO         3179    i.__scatterload_null  mc_p.l(handlers.o)
    0x00002e46   0x00002e46   0x0000000e   Code   RO         3180    i.__scatterload_zeroinit  mc_p.l(handlers.o)
    0x00002e54   0x00002e54   0x0000000c   Code   RO         3156    i.__set_errno       mc_p.l(errno.o)
    0x00002e60   0x00002e60   0x00000158   Code   RO         3083    i._fp_digits        mc_p.l(printfa.o)
    0x00002fb8   0x00002fb8   0x000006ec   Code   RO         3084    i._printf_core      mc_p.l(printfa.o)
    0x000036a4   0x000036a4   0x00000020   Code   RO         3085    i._printf_post_padding  mc_p.l(printfa.o)
    0x000036c4   0x000036c4   0x0000002c   Code   RO         3086    i._printf_pre_padding  mc_p.l(printfa.o)
    0x000036f0   0x000036f0   0x0000010c   Code   RO         2641    i.calculate_temperature  mt_modbus.o
    0x000037fc   0x000037fc   0x0000003c   Code   RO         2576    i.eMBEnable         mb.o
    0x00003838   0x00003838   0x0000008a   Code   RO         2436    i.eMBFuncReadHoldingRegister  mbfuncholding.o
    0x000038c2   0x000038c2   0x0000006c   Code   RO         2437    i.eMBFuncWriteMultipleHoldingRegister  mbfuncholding.o
    0x0000392e   0x0000392e   0x00000002   PAD
    0x00003930   0x00003930   0x000000dc   Code   RO         2577    i.eMBInit           mb.o
    0x00003a0c   0x00003a0c   0x00000148   Code   RO         2578    i.eMBPoll           mb.o
    0x00003b54   0x00003b54   0x00000058   Code   RO         2504    i.eMBRTUInit        mbrtu.o
    0x00003bac   0x00003bac   0x0000004c   Code   RO         2505    i.eMBRTUReceive     mbrtu.o
    0x00003bf8   0x00003bf8   0x0000008c   Code   RO         2506    i.eMBRTUSend        mbrtu.o
    0x00003c84   0x00003c84   0x00000024   Code   RO         2507    i.eMBRTUStart       mbrtu.o
    0x00003ca8   0x00003ca8   0x00000018   Code   RO         2508    i.eMBRTUStop        mbrtu.o
    0x00003cc0   0x00003cc0   0x00000088   Code   RO         2642    i.eMBRegHoldingCB   mt_modbus.o
    0x00003d48   0x00003d48   0x00000010   Code   RO         1188    i.fputc             retarget.o
    0x00003d58   0x00003d58   0x00000014   Code   RO         1671    i.hal_CPUInit       cpu.o
    0x00003d6c   0x00003d6c   0x00000026   Code   RO         1672    i.hal_CPU_Critical_Control  cpu.o
    0x00003d92   0x00003d92   0x00000002   PAD
    0x00003d94   0x00003d94   0x00000044   Code   RO         1673    i.hal_CoreClockInit  cpu.o
    0x00003dd8   0x00003dd8   0x00000030   Code   RO         1891    i.hal_CreatTimer    hal_timer.o
    0x00003e08   0x00003e08   0x0000002c   Code   RO         1798    i.hal_Led1Turn      hal_led.o
    0x00003e34   0x00003e34   0x0000001c   Code   RO         1799    i.hal_LedConfig     hal_led.o
    0x00003e50   0x00003e50   0x00000024   Code   RO         1800    i.hal_LedHandle     hal_led.o
    0x00003e74   0x00003e74   0x00000008   Code   RO         1801    i.hal_LedInit       hal_led.o
    0x00003e7c   0x00003e7c   0x0000003c   Code   RO         1895    i.hal_MatrixtimerInit  hal_timer.o
    0x00003eb8   0x00003eb8   0x00000030   Code   RO         1896    i.hal_ResetTimer    hal_timer.o
    0x00003ee8   0x00003ee8   0x0000001c   Code   RO         1967    i.hal_beep_init     hal_beep.o
    0x00003f04   0x00003f04   0x0000000c   Code   RO         1968    i.hal_beep_off      hal_beep.o
    0x00003f10   0x00003f10   0x0000000c   Code   RO         1969    i.hal_beep_on       hal_beep.o
    0x00003f1c   0x00003f1c   0x00000012   Code   RO         1674    i.hal_getprimask    cpu.o
    0x00003f2e   0x00003f2e   0x00000002   PAD
    0x00003f30   0x00003f30   0x000000d8   Code   RO         2002    i.hal_io_init       hal_io.o
    0x00004008   0x00004008   0x0000000c   Code   RO         1840    i.hal_task          hal_task.o
    0x00004014   0x00004014   0x00000038   Code   RO         1841    i.hal_task_init     hal_task.o
    0x0000404c   0x0000404c   0x0000004c   Code   RO         1897    i.hal_timer1Config  hal_timer.o
    0x00004098   0x00004098   0x00000150   Code   RO          109    i.main              main.o
    0x000041e8   0x000041e8   0x00000008   Code   RO         2707    i.mt_task           mt_task.o
    0x000041f0   0x000041f0   0x00000008   Code   RO         2708    i.mt_task_init      mt_task.o
    0x000041f8   0x000041f8   0x00000024   Code   RO         2466    i.prveMBError2Exception  mbutils.o
    0x0000421c   0x0000421c   0x00000048   Code   RO         2827    i.sqrt              m_ps.l(sqrt.o)
    0x00004264   0x00004264   0x00000038   Code   RO         2490    i.usMBCRC16         mbcrc.o
    0x0000429c   0x0000429c   0x00000044   Code   RO         2358    i.vMBPortSerialEnable  portserial.o
    0x000042e0   0x000042e0   0x0000000c   Code   RO         2412    i.vMBPortTimersDisable  porttimer.o
    0x000042ec   0x000042ec   0x0000000c   Code   RO         2413    i.vMBPortTimersEnable  porttimer.o
    0x000042f8   0x000042f8   0x00000024   Code   RO         2317    i.xMBPortEventGet   portevent.o
    0x0000431c   0x0000431c   0x00000010   Code   RO         2318    i.xMBPortEventInit  portevent.o
    0x0000432c   0x0000432c   0x00000018   Code   RO         2319    i.xMBPortEventPost  portevent.o
    0x00004344   0x00004344   0x00000018   Code   RO         2359    i.xMBPortSerialGetByte  portserial.o
    0x0000435c   0x0000435c   0x00000070   Code   RO         2360    i.xMBPortSerialInit  portserial.o
    0x000043cc   0x000043cc   0x00000014   Code   RO         2361    i.xMBPortSerialPutByte  portserial.o
    0x000043e0   0x000043e0   0x00000038   Code   RO         2414    i.xMBPortTimersInit  porttimer.o
    0x00004418   0x00004418   0x0000008c   Code   RO         2509    i.xMBRTUReceiveFSM  mbrtu.o
    0x000044a4   0x000044a4   0x00000044   Code   RO         2510    i.xMBRTUTimerT35Expired  mbrtu.o
    0x000044e8   0x000044e8   0x00000070   Code   RO         2511    i.xMBRTUTransmitFSM  mbrtu.o
    0x00004558   0x00004558   0x00000010   Data   RO          110    .constdata          main.o
    0x00004568   0x00004568   0x00000030   Data   RO          491    .constdata          clk.o
    0x00004598   0x00004598   0x00000020   Data   RO         1457    .constdata          timer.o
    0x000045b8   0x000045b8   0x00000030   Data   RO         1529    .constdata          uart.o
    0x000045e8   0x000045e8   0x00000200   Data   RO         2491    .constdata          mbcrc.o
    0x000047e8   0x000047e8   0x00000046   Data   RO         2248    .conststring        hal_iflash.o
    0x0000482e   0x0000482e   0x00000002   PAD
    0x00004830   0x00004830   0x00000020   Data   RO         3176    Region$$Table       anon$$obj.o


    Execution Region ER_RW (Exec base: 0x20000000, Load base: 0x00004850, Size: 0x000000e4, Max: 0xffffffff, ABSOLUTE)

    Exec Addr    Load Addr    Size         Type   Attr      Idx    E Section Name        Object

    0x20000000   0x00004850   0x0000002c   Data   RW           15    .data               system_m0518.o
    0x2000002c   0x0000487c   0x00000004   Data   RW          629    .data               fmc.o
    0x20000030   0x00004880   0x00000008   Data   RW         1190    .data               retarget.o
    0x20000038   0x00004888   0x00000004   Data   RW         1732    .data               os_system.o
    0x2000003c   0x0000488c   0x00000007   Data   RW         1802    .data               hal_led.o
    0x20000043   0x00004893   0x00000016   Data   RW         2004    .data               hal_io.o
    0x20000059   0x000048a9   0x00000003   PAD
    0x2000005c   0x000048ac   0x0000000e   Data   RW         2085    .data               hal_adc.o
    0x2000006a   0x000048ba   0x00000002   PAD
    0x2000006c   0x000048bc   0x00000008   Data   RW         2142    .data               hal_stepper.o
    0x20000074   0x000048c4   0x00000002   Data   RW         2320    .data               portevent.o
    0x20000076   0x000048c6   0x00000002   Data   RW         2362    .data               portserial.o
    0x20000078   0x000048c8   0x0000000c   Data   RW         2513    .data               mbrtu.o
    0x20000084   0x000048d4   0x00000045   Data   RW         2580    .data               mb.o
    0x200000c9   0x00004919   0x00000003   PAD
    0x200000cc   0x0000491c   0x00000014   Data   RW         2645    .data               mt_modbus.o
    0x200000e0   0x00004930   0x00000004   Data   RW         3157    .data               mc_p.l(errno.o)


    Execution Region ER_ZI (Exec base: 0x200000e4, Load base: 0x00004934, Size: 0x00000584, Max: 0xffffffff, ABSOLUTE)

    Exec Addr    Load Addr    Size         Type   Attr      Idx    E Section Name        Object

    0x200000e4        -       0x00000024   Zero   RW         1731    .bss                os_system.o
    0x20000108        -       0x00000018   Zero   RW         1898    .bss                hal_timer.o
    0x20000120        -       0x00000028   Zero   RW         2084    .bss                hal_adc.o
    0x20000148        -       0x00000100   Zero   RW         2512    .bss                mbrtu.o
    0x20000248        -       0x0000001c   Zero   RW         2644    .bss                mt_modbus.o
    0x20000264   0x00004934   0x00000004   PAD
    0x20000268        -       0x00000400   Zero   RW            1    STACK               startup_m0518.o


==============================================================================

Image component sizes


      Code (inc. data)   RO Data    RW Data    ZI Data      Debug   Object Name

        32          6          0          0          0        823   adc.o
       524         40          0          0          0       3893   bpwm.o
      1008        108         48          0          0       5486   clk.o
       272         30          0          0          0       9303   cpu.o
       354         20          0          0          0       4458   driver_i2c.o
       392         56          0          4          0     111634   fmc.o
        46          0          0          0          0        839   gpio.o
       366         26          0         14         40       2812   hal_adc.o
        52         16          0          0          0       1169   hal_beep.o
       300        100          0          0          0       1508   hal_dac.o
      2038        886         70          0          0      60974   hal_iflash.o
       216         14          0         22          0       2228   hal_io.o
       116         24          0          7          0       2150   hal_led.o
         0          0          0          0          0       2528   hal_rs485.o
       232         66          0          8          0       3679   hal_stepper.o
        68          8          0          0          0       1799   hal_task.o
       376         38          0          0         24      11498   hal_timer.o
      1312        402         16          0          0      59284   main.o
       608        140          0         69          0       4536   mb.o
        56         10        512          0          0       1140   mbcrc.o
       246          0          0          0          0       3147   mbfuncholding.o
       684         74          0         12        256       5859   mbrtu.o
        36          0          0          0          0        548   mbutils.o
      1224        284          0         20         28       5494   mt_modbus.o
        16          0          0          0          0        789   mt_task.o
       284         28          0          4         36       2978   os_system.o
        76         22          0          2          0       4553   portevent.o
       368         62          0          2          0       4556   portserial.o
        80         26          0          0          0       1401   porttimer.o
        90          6          0          8          0       3811   retarget.o
       116         44        192          0       1024        720   startup_m0518.o
        48          0          0          0          0        446   sys.o
       230         40          0         44          0     122687   system_m0518.o
       214         22         32          0          0       1688   timer.o
       598         48         48          0          0       4175   uart.o
        30          0          0          0          0        758   user_misc.o

    ----------------------------------------------------------------------
     12732       2646        952        224       1412     455351   Object Totals
         0          0         32          0          0          0   (incl. Generated)
        24          0          2          8          4          0   (incl. Padding)

    ----------------------------------------------------------------------

      Code (inc. data)   RO Data    RW Data    ZI Data      Debug   Library Member Name

        72          6          0          0          0         76   sqrt.o
         0          0          0          0          0          0   entry.o
         0          0          0          0          0          0   entry10a.o
         0          0          0          0          0          0   entry11a.o
         8          4          0          0          0          0   entry2.o
         4          0          0          0          0          0   entry5.o
         0          0          0          0          0          0   entry7b.o
         0          0          0          0          0          0   entry8b.o
         8          4          0          0          0          0   entry9a.o
        12          6          0          4          0         60   errno.o
        30          0          0          0          0          0   handlers.o
        40          0          0          0          0         72   idiv.o
        36          8          0          0          0         68   init.o
         0          0          0          0          0          0   iusefp.o
        32          0          0          0          0         68   llshl.o
        38          0          0          0          0         68   llsshr.o
        34          0          0          0          0         68   llushr.o
        36          0          0          0          0         60   memcpya.o
      2224         98          0          0          0        412   printfa.o
        44          0          0          0          0         72   uidiv.o
        96          0          0          0          0         84   uldiv.o
        40          2          0          0          0         68   cdcmple.o
        40          2          0          0          0         68   cdrcmple.o
        20          0          0          0          0         68   cfcmple.o
        20          0          0          0          0         68   cfrcmple.o
        56          0          0          0          0         68   d2f.o
       356          4          0          0          0        140   dadd.o
       240          6          0          0          0         84   ddiv.o
       236          0          0          0          0        216   depilogue.o
        64         10          0          0          0         68   dfixul.o
       208          6          0          0          0         88   dmul.o
       162          0          0          0          0         80   dsqrt.o
        40          0          0          0          0         60   f2d.o
       178          0          0          0          0        108   fadd.o
       124          0          0          0          0         72   fdiv.o
       130          0          0          0          0        144   fepilogue.o
        40          0          0          0          0         60   ffixui.o
        22          0          0          0          0         68   fflti.o
        14          0          0          0          0         68   ffltui.o
       122          0          0          0          0         72   fmul.o

    ----------------------------------------------------------------------
      4828        156          0          4          0       2776   Library Totals
         2          0          0          0          0          0   (incl. Padding)

    ----------------------------------------------------------------------

      Code (inc. data)   RO Data    RW Data    ZI Data      Debug   Library Name

        72          6          0          0          0         76   m_ps.l
      2642        120          0          4          0       1032   mc_p.l
      2112         30          0          0          0       1668   mf_p.l

    ----------------------------------------------------------------------
      4828        156          0          4          0       2776   Library Totals

    ----------------------------------------------------------------------

==============================================================================


      Code (inc. data)   RO Data    RW Data    ZI Data      Debug   

     17560       2802        952        228       1412     450943   Grand Totals
     17560       2802        952        228       1412     450943   ELF Image Totals
     17560       2802        952        228          0          0   ROM Totals

==============================================================================

    Total RO  Size (Code + RO Data)                18512 (  18.08kB)
    Total RW  Size (RW Data + ZI Data)              1640 (   1.60kB)
    Total ROM Size (Code + RO Data + RW Data)      18740 (  18.30kB)

==============================================================================

