Component: ARM Compiler 5.06 update 5 (build 528) Tool: armlink [4d35e2]

==============================================================================

Small function inlining results

Inlined total of 0 calls.

==============================================================================

Section Cross References

    startup_m0518.o(RESET) refers to startup_m0518.o(STACK) for __initial_sp
    startup_m0518.o(RESET) refers to startup_m0518.o(.text) for Reset_Handler
    startup_m0518.o(RESET) refers to cpu.o(i.SysTick_Handler) for SysTick_Handler
    startup_m0518.o(RESET) refers to hal_timer.o(i.TMR1_IRQHandler) for TMR1_IRQHandler
    startup_m0518.o(RESET) refers to portserial.o(i.UART4_IRQHandler) for UART4_IRQHandler
    startup_m0518.o(.text) refers to system_m0518.o(i.SystemInit) for SystemInit
    startup_m0518.o(.text) refers to entry.o(.ARM.Collect$$$$00000000) for __main
    startup_m0518.o(.text) refers to retarget.o(i.ProcessHardFault) for ProcessHardFault
    startup_m0518.o(.text) refers to retarget.o(i.SH_Return) for SH_Return
    system_m0518.o(i.CLK_GetPLLClockFreq) refers to uidiv.o(.text) for __aeabi_uidivmod
    system_m0518.o(i.SystemCoreClockUpdate) refers to system_m0518.o(i.CLK_GetPLLClockFreq) for CLK_GetPLLClockFreq
    system_m0518.o(i.SystemCoreClockUpdate) refers to uidiv.o(.text) for __aeabi_uidivmod
    system_m0518.o(i.SystemCoreClockUpdate) refers to system_m0518.o(.data) for PllClock
    main.o(i.DEBUG_UART1_Init) refers to sys.o(i.SYS_ResetModule) for SYS_ResetModule
    main.o(i.DEBUG_UART1_Init) refers to uart.o(i.UART_Open) for UART_Open
    main.o(i.SYS_Init) refers to clk.o(i.CLK_EnableXtalRC) for CLK_EnableXtalRC
    main.o(i.SYS_Init) refers to clk.o(i.CLK_WaitClockReady) for CLK_WaitClockReady
    main.o(i.SYS_Init) refers to clk.o(i.CLK_SetHCLK) for CLK_SetHCLK
    main.o(i.SYS_Init) refers to clk.o(i.CLK_SetCoreClock) for CLK_SetCoreClock
    main.o(i.SYS_Init) refers to clk.o(i.CLK_EnableModuleClock) for CLK_EnableModuleClock
    main.o(i.SYS_Init) refers to clk.o(i.CLK_SetModuleClock) for CLK_SetModuleClock
    main.o(i.SYS_Init) refers to sys.o(i.SYS_ResetModule) for SYS_ResetModule
    main.o(i.main) refers to main.o(i.SYS_Init) for SYS_Init
    main.o(i.main) refers to main.o(i.DEBUG_UART1_Init) for DEBUG_UART1_Init
    main.o(i.main) refers to cpu.o(i.hal_CPUInit) for hal_CPUInit
    main.o(i.main) refers to os_system.o(i.OS_TaskInit) for OS_TaskInit
    main.o(i.main) refers to printfa.o(i.__0printf) for __2printf
    main.o(i.main) refers to hal_task.o(i.hal_task_init) for hal_task_init
    main.o(i.main) refers to uidiv.o(.text) for __aeabi_uidivmod
    main.o(i.main) refers to os_system.o(i.OS_CreatTask) for OS_CreatTask
    main.o(i.main) refers to mt_task.o(i.mt_task_init) for mt_task_init
    main.o(i.main) refers to os_system.o(i.OS_Start) for OS_Start
    main.o(i.main) refers to system_m0518.o(.data) for SystemCoreClock
    main.o(i.main) refers to main.o(.constdata) for .constdata
    main.o(i.main) refers to hal_task.o(i.hal_task) for hal_task
    main.o(i.main) refers to mt_task.o(i.mt_task) for mt_task
    bpwm.o(i.BPWM_ConfigCaptureChannel) refers to bpwm.o(i.CLK_GetPLLClockFreq) for CLK_GetPLLClockFreq
    bpwm.o(i.BPWM_ConfigCaptureChannel) refers to system_m0518.o(i.SystemCoreClockUpdate) for SystemCoreClockUpdate
    bpwm.o(i.BPWM_ConfigCaptureChannel) refers to uidiv.o(.text) for __aeabi_uidivmod
    bpwm.o(i.BPWM_ConfigCaptureChannel) refers to system_m0518.o(.data) for SystemCoreClock
    bpwm.o(i.BPWM_ConfigOutputChannel) refers to bpwm.o(i.CLK_GetPLLClockFreq) for CLK_GetPLLClockFreq
    bpwm.o(i.BPWM_ConfigOutputChannel) refers to system_m0518.o(i.SystemCoreClockUpdate) for SystemCoreClockUpdate
    bpwm.o(i.BPWM_ConfigOutputChannel) refers to uidiv.o(.text) for __aeabi_uidivmod
    bpwm.o(i.BPWM_ConfigOutputChannel) refers to system_m0518.o(.data) for SystemCoreClock
    bpwm.o(i.CLK_GetPLLClockFreq) refers to uidiv.o(.text) for __aeabi_uidivmod
    clk.o(i.CLK_DisableCKO) refers to clk.o(i.CLK_DisableModuleClock) for CLK_DisableModuleClock
    clk.o(i.CLK_DisableModuleClock) refers to clk.o(.constdata) for .constdata
    clk.o(i.CLK_EnableModuleClock) refers to clk.o(.constdata) for .constdata
    clk.o(i.CLK_EnablePLL) refers to clk.o(i.CLK_WaitClockReady) for CLK_WaitClockReady
    clk.o(i.CLK_EnablePLL) refers to uidiv.o(.text) for __aeabi_uidivmod
    clk.o(i.CLK_EnablePLL) refers to clk.o(i.CLK_GetPLLClockFreq) for CLK_GetPLLClockFreq
    clk.o(i.CLK_GetCPUFreq) refers to system_m0518.o(i.SystemCoreClockUpdate) for SystemCoreClockUpdate
    clk.o(i.CLK_GetCPUFreq) refers to system_m0518.o(.data) for SystemCoreClock
    clk.o(i.CLK_GetHCLKFreq) refers to system_m0518.o(i.SystemCoreClockUpdate) for SystemCoreClockUpdate
    clk.o(i.CLK_GetHCLKFreq) refers to system_m0518.o(.data) for SystemCoreClock
    clk.o(i.CLK_GetPCLKFreq) refers to system_m0518.o(i.SystemCoreClockUpdate) for SystemCoreClockUpdate
[...]
    ../clib/microlib/printf/printf.c         0x00000000   Number         0  printfa.o ABSOLUTE
    ../clib/microlib/printf/printf.c         0x00000000   Number         0  printf8.o ABSOLUTE
    ../clib/microlib/printf/printf.c         0x00000000   Number         0  printf0.o ABSOLUTE
    ../clib/microlib/printf/printf.c         0x00000000   Number         0  printf7.o ABSOLUTE
    ../clib/microlib/printf/printf.c         0x00000000   Number         0  printf1.o ABSOLUTE
    ../clib/microlib/printf/printf.c         0x00000000   Number         0  printf6.o ABSOLUTE
    ../clib/microlib/printf/printf.c         0x00000000   Number         0  printf2.o ABSOLUTE
    ../clib/microlib/printf/printf.c         0x00000000   Number         0  printf5.o ABSOLUTE
    ../clib/microlib/printf/printf.c         0x00000000   Number         0  printf3.o ABSOLUTE
    ../clib/microlib/printf/printf.c         0x00000000   Number         0  printf4.o ABSOLUTE
    ../clib/microlib/printf/printf.c         0x00000000   Number         0  printfb.o ABSOLUTE
    ../clib/microlib/printf/stubs.s          0x00000000   Number         0  stubs.o ABSOLUTE
    ../clib/microlib/string/memcpy.c         0x00000000   Number         0  memcpya.o ABSOLUTE
    ../clib/microlib/string/memcpy.c         0x00000000   Number         0  memcpyb.o ABSOLUTE
    ../clib/microlib/stubs.s                 0x00000000   Number         0  iusefp.o ABSOLUTE
    ../fplib/microlib/d2f.c                  0x00000000   Number         0  d2f.o ABSOLUTE
    ../fplib/microlib/f2d.c                  0x00000000   Number         0  f2d.o ABSOLUTE
    ../fplib/microlib/fpadd.c                0x00000000   Number         0  dadd.o ABSOLUTE
    ../fplib/microlib/fpdiv.c                0x00000000   Number         0  ddiv.o ABSOLUTE
    ../fplib/microlib/fpdiv.c                0x00000000   Number         0  fdiv.o ABSOLUTE
    ../fplib/microlib/fpepilogue.c           0x00000000   Number         0  depilogue.o ABSOLUTE
    ../fplib/microlib/fpepilogue.c           0x00000000   Number         0  fepilogue.o ABSOLUTE
    ../fplib/microlib/fpfix.c                0x00000000   Number         0  dfixul.o ABSOLUTE
    ../fplib/microlib/fpfix.c                0x00000000   Number         0  ffixui.o ABSOLUTE
    ../fplib/microlib/fpflt.c                0x00000000   Number         0  ffltui.o ABSOLUTE
    ../fplib/microlib/fpflt.c                0x00000000   Number         0  dflti.o ABSOLUTE
    ../fplib/microlib/fpmul.c                0x00000000   Number         0  fmul.o ABSOLUTE
    ../fplib/microlib/fpmul.c                0x00000000   Number         0  dmul.o ABSOLUTE
    ../fplib/microlib/fpsqrt.c               0x00000000   Number         0  dsqrt.o ABSOLUTE
    ../mathlib/sqrt.c                        0x00000000   Number         0  sqrt_x.o ABSOLUTE
    ../mathlib/sqrt.c                        0x00000000   Number         0  sqrt.o ABSOLUTE
    ..\Device\dev_dac5571.c                  0x00000000   Number         0  dev_dac5571.o ABSOLUTE
    ..\Driver\driver_i2c.c                   0x00000000   Number         0  driver_i2c.o ABSOLUTE
    ..\Hal\hal_adc.c                         0x00000000   Number         0  hal_adc.o ABSOLUTE
    ..\Hal\hal_beep.c                        0x00000000   Number         0  hal_beep.o ABSOLUTE
    ..\Hal\hal_dac.c                         0x00000000   Number         0  hal_dac.o ABSOLUTE
    ..\Hal\hal_io.c                          0x00000000   Number         0  hal_io.o ABSOLUTE
    ..\Hal\hal_led.c                         0x00000000   Number         0  hal_led.o ABSOLUTE
    ..\Hal\hal_rs485.c                       0x00000000   Number         0  hal_rs485.o ABSOLUTE
    ..\Hal\hal_stepper.c                     0x00000000   Number         0  hal_stepper.o ABSOLUTE
    ..\Hal\hal_task.c                        0x00000000   Number         0  hal_task.o ABSOLUTE
    ..\Hal\hal_timer.c                       0x00000000   Number         0  hal_timer.o ABSOLUTE
    ..\MT\mt_modbus.c                        0x00000000   Number         0  mt_modbus.o ABSOLUTE
    ..\MT\mt_task.c                          0x00000000   Number         0  mt_task.o ABSOLUTE
    ..\Modbus\modbus\functions\mbfuncholding.c 0x00000000   Number         0  mbfuncholding.o ABSOLUTE
    ..\Modbus\modbus\functions\mbutils.c     0x00000000   Number         0  mbutils.o ABSOLUTE
    ..\Modbus\modbus\mb.c                    0x00000000   Number         0  mb.o ABSOLUTE
    ..\Modbus\modbus\rtu\mbcrc.c             0x00000000   Number         0  mbcrc.o ABSOLUTE
    ..\Modbus\modbus\rtu\mbrtu.c             0x00000000   Number         0  mbrtu.o ABSOLUTE
    ..\Modbus\port\portevent.c               0x00000000   Number         0  portevent.o ABSOLUTE
    ..\Modbus\port\portserial.c              0x00000000   Number         0  portserial.o ABSOLUTE
    ..\Modbus\port\porttimer.c               0x00000000   Number         0  porttimer.o ABSOLUTE
    ..\OS\OS_System.c                        0x00000000   Number         0  os_system.o ABSOLUTE
    ..\OS\cpu.c                              0x00000000   Number         0  cpu.o ABSOLUTE
    ..\StdDriver\src\adc.c                   0x00000000   Number         0  adc.o ABSOLUTE
    ..\StdDriver\src\bpwm.c                  0x00000000   Number         0  bpwm.o ABSOLUTE
    ..\StdDriver\src\clk.c                   0x00000000   Number         0  clk.o ABSOLUTE
    ..\StdDriver\src\fmc.c                   0x00000000   Number         0  fmc.o ABSOLUTE
    ..\StdDriver\src\gpio.c                  0x00000000   Number         0  gpio.o ABSOLUTE
    ..\StdDriver\src\i2c.c                   0x00000000   Number         0  i2c.o ABSOLUTE
    ..\StdDriver\src\pwm.c                   0x00000000   Number         0  pwm.o ABSOLUTE
    ..\StdDriver\src\retarget.c              0x00000000   Number         0  retarget.o ABSOLUTE
    ..\StdDriver\src\spi.c                   0x00000000   Number         0  spi.o ABSOLUTE
    ..\StdDriver\src\sys.c                   0x00000000   Number         0  sys.o ABSOLUTE
    ..\StdDriver\src\timer.c                 0x00000000   Number         0  timer.o ABSOLUTE
    ..\StdDriver\src\uart.c                  0x00000000   Number         0  uart.o ABSOLUTE
    ..\StdDriver\src\wdt.c                   0x00000000   Number         0  wdt.o ABSOLUTE
    ..\StdDriver\src\wwdt.c                  0x00000000   Number         0  wwdt.o ABSOLUTE
    ..\System\startup_M0518.s                0x00000000   Number         0  startup_m0518.o ABSOLUTE
    ..\System\system_M0518.c                 0x00000000   Number         0  system_m0518.o ABSOLUTE
    ..\User\main.c                           0x00000000   Number         0  main.o ABSOLUTE
    ..\User\user_misc.c                      0x00000000   Number         0  user_misc.o ABSOLUTE
    ..\\Driver\\driver_i2c.c                 0x00000000   Number         0  driver_i2c.o ABSOLUTE
    ..\\Hal\\hal_adc.c                       0x00000000   Number         0  hal_adc.o ABSOLUTE
    ..\\Hal\\hal_beep.c                      0x00000000   Number         0  hal_beep.o ABSOLUTE
    ..\\Hal\\hal_dac.c                       0x00000000   Number         0  hal_dac.o ABSOLUTE
    ..\\Hal\\hal_io.c                        0x00000000   Number         0  hal_io.o ABSOLUTE
    ..\\Hal\\hal_led.c                       0x00000000   Number         0  hal_led.o ABSOLUTE
    ..\\Hal\\hal_rs485.c                     0x00000000   Number         0  hal_rs485.o ABSOLUTE
    ..\\Hal\\hal_stepper.c                   0x00000000   Number         0  hal_stepper.o ABSOLUTE
    ..\\Hal\\hal_task.c                      0x00000000   Number         0  hal_task.o ABSOLUTE
    ..\\Hal\\hal_timer.c                     0x00000000   Number         0  hal_timer.o ABSOLUTE
    ..\\MT\\mt_modbus.c                      0x00000000   Number         0  mt_modbus.o ABSOLUTE
    ..\\MT\\mt_task.c                        0x00000000   Number         0  mt_task.o ABSOLUTE
    ..\\Modbus\\modbus\\mb.c                 0x00000000   Number         0  mb.o ABSOLUTE
    ..\\Modbus\\port\\portserial.c           0x00000000   Number         0  portserial.o ABSOLUTE
    ..\\OS\\cpu.c                            0x00000000   Number         0  cpu.o ABSOLUTE
    ..\\StdDriver\\src\\adc.c                0x00000000   Number         0  adc.o ABSOLUTE
    ..\\StdDriver\\src\\bpwm.c               0x00000000   Number         0  bpwm.o ABSOLUTE
    ..\\StdDriver\\src\\clk.c                0x00000000   Number         0  clk.o ABSOLUTE
    ..\\StdDriver\\src\\fmc.c                0x00000000   Number         0  fmc.o ABSOLUTE
    ..\\StdDriver\\src\\gpio.c               0x00000000   Number         0  gpio.o ABSOLUTE
    ..\\StdDriver\\src\\i2c.c                0x00000000   Number         0  i2c.o ABSOLUTE
    ..\\StdDriver\\src\\pwm.c                0x00000000   Number         0  pwm.o ABSOLUTE
    ..\\StdDriver\\src\\retarget.c           0x00000000   Number         0  retarget.o ABSOLUTE
    ..\\StdDriver\\src\\spi.c                0x00000000   Number         0  spi.o ABSOLUTE
    ..\\StdDriver\\src\\sys.c                0x00000000   Number         0  sys.o ABSOLUTE
    ..\\StdDriver\\src\\timer.c              0x00000000   Number         0  timer.o ABSOLUTE
    ..\\StdDriver\\src\\uart.c               0x00000000   Number         0  uart.o ABSOLUTE
    ..\\StdDriver\\src\\wdt.c                0x00000000   Number         0  wdt.o ABSOLUTE
    ..\\StdDriver\\src\\wwdt.c               0x00000000   Number         0  wwdt.o ABSOLUTE
    ..\\System\\system_M0518.c               0x00000000   Number         0  system_m0518.o ABSOLUTE
    ..\\User\\main.c                         0x00000000   Number         0  main.o ABSOLUTE
    cdcmple.s                                0x00000000   Number         0  cdcmple.o ABSOLUTE
    cdrcmple.s                               0x00000000   Number         0  cdrcmple.o ABSOLUTE
    cfcmple.s                                0x00000000   Number         0  cfcmple.o ABSOLUTE
    cfrcmple.s                               0x00000000   Number         0  cfrcmple.o ABSOLUTE
    handlers.s                               0x00000000   Number         0  handlers.o ABSOLUTE
    init.s                                   0x00000000   Number         0  init.o ABSOLUTE
    .ARM.Collect$$$$00000000                 0x000000c0   Section        0  entry.o(.ARM.Collect$$$$00000000)
    .ARM.Collect$$$$00000001                 0x000000c0   Section        4  entry2.o(.ARM.Collect$$$$00000001)
    .ARM.Collect$$$$00000004                 0x000000c4   Section        4  entry5.o(.ARM.Collect$$$$00000004)
    .ARM.Collect$$$$00000008                 0x000000c8   Section        0  entry7b.o(.ARM.Collect$$$$00000008)
    .ARM.Collect$$$$0000000A                 0x000000c8   Section        0  entry8b.o(.ARM.Collect$$$$0000000A)
    .ARM.Collect$$$$0000000B                 0x000000c8   Section        8  entry9a.o(.ARM.Collect$$$$0000000B)
    .ARM.Collect$$$$0000000D                 0x000000d0   Section        0  entry10a.o(.ARM.Collect$$$$0000000D)
    .ARM.Collect$$$$0000000F                 0x000000d0   Section        0  entry11a.o(.ARM.Collect$$$$0000000F)
    .ARM.Collect$$$$00002712                 0x000000d0   Section        4  entry2.o(.ARM.Collect$$$$00002712)
    __lit__00000000                          0x000000d0   Data           4  entry2.o(.ARM.Collect$$$$00002712)
    .text                                    0x000000d4   Section      116  startup_m0518.o(.text)
    Default_Handler                          0x0000010d   Thumb Code     2  startup_m0518.o(.text)
    .text                                    0x00000148   Section        0  uidiv.o(.text)
    .text                                    0x00000174   Section        0  idiv.o(.text)
    .text                                    0x0000019c   Section        0  memcpya.o(.text)
    .text                                    0x000001c0   Section        0  fmul.o(.text)
    .text                                    0x0000023a   Section        0  fdiv.o(.text)
    .text                                    0x000002b8   Section        0  dadd.o(.text)
    .text                                    0x0000041c   Section        0  dmul.o(.text)
    .text                                    0x000004ec   Section        0  ddiv.o(.text)
    .text                                    0x000005dc   Section        0  ffltui.o(.text)
    .text                                    0x000005ec   Section        0  dflti.o(.text)
    .text                                    0x00000614   Section        0  ffixui.o(.text)
    .text                                    0x0000063c   Section        0  f2d.o(.text)
    .text                                    0x00000664   Section       40  cdcmple.o(.text)
    .text                                    0x0000068c   Section       40  cdrcmple.o(.text)
    .text                                    0x000006b4   Section        0  d2f.o(.text)
    .text                                    0x000006ec   Section       20  cfcmple.o(.text)
    .text                                    0x00000700   Section       20  cfrcmple.o(.text)
    .text                                    0x00000714   Section        0  uldiv.o(.text)
    .text                                    0x00000774   Section        0  llshl.o(.text)
    .text                                    0x00000794   Section        0  llsshr.o(.text)
    .text                                    0x000007ba   Section        0  iusefp.o(.text)
    .text                                    0x000007ba   Section        0  fepilogue.o(.text)
    .text                                    0x0000083c   Section        0  depilogue.o(.text)
    .text                                    0x000008fa   Section        0  dsqrt.o(.text)
    .text                                    0x0000099c   Section        0  dfixul.o(.text)
    .text                                    0x000009dc   Section       36  init.o(.text)
    .text                                    0x00000a00   Section        0  llushr.o(.text)
    i.ADC_Open                               0x00000a24   Section        0  adc.o(i.ADC_Open)
    i.AdcFilter                              0x00000a44   Section        0  hal_adc.o(i.AdcFilter)
    AdcFilter                                0x00000a45   Thumb Code   166  hal_adc.o(i.AdcFilter)
    i.BPWM_ConfigOutputChannel               0x00000aec   Section        0  bpwm.o(i.BPWM_ConfigOutputChannel)
    i.BPWM_EnableOutput                      0x00000c54   Section        0  bpwm.o(i.BPWM_EnableOutput)
    i.BPWM_Start                             0x00000c60   Section        0  bpwm.o(i.BPWM_Start)
    i.BPWM_Stop                              0x00000c66   Section        0  bpwm.o(i.BPWM_Stop)
    i.CLK_EnableModuleClock                  0x00000c6c   Section        0  clk.o(i.CLK_EnableModuleClock)
    i.CLK_EnablePLL                          0x00000ca8   Section        0  clk.o(i.CLK_EnablePLL)
    i.CLK_EnableXtalRC                       0x00000e2c   Section        0  clk.o(i.CLK_EnableXtalRC)
    i.CLK_GetPLLClockFreq                    0x00000e3c   Section        0  system_m0518.o(i.CLK_GetPLLClockFreq)
    CLK_GetPLLClockFreq                      0x00000e3d   Thumb Code   112  system_m0518.o(i.CLK_GetPLLClockFreq)
    i.CLK_GetPLLClockFreq                    0x00000ebc   Section        0  bpwm.o(i.CLK_GetPLLClockFreq)
    CLK_GetPLLClockFreq                      0x00000ebd   Thumb Code   112  bpwm.o(i.CLK_GetPLLClockFreq)
    i.CLK_GetPLLClockFreq                    0x00000f3c   Section        0  clk.o(i.CLK_GetPLLClockFreq)
    CLK_GetPLLClockFreq                      0x00000f3d   Thumb Code   112  clk.o(i.CLK_GetPLLClockFreq)
    i.CLK_GetPLLClockFreq                    0x00000fbc   Section        0  uart.o(i.CLK_GetPLLClockFreq)
    CLK_GetPLLClockFreq                      0x00000fbd   Thumb Code   112  uart.o(i.CLK_GetPLLClockFreq)
    i.CLK_SetCoreClock                       0x0000103c   Section        0  clk.o(i.CLK_SetCoreClock)
    i.CLK_SetHCLK                            0x000010d8   Section        0  clk.o(i.CLK_SetHCLK)
    i.CLK_SetModuleClock                     0x0000113c   Section        0  clk.o(i.CLK_SetModuleClock)
    i.CLK_WaitClockReady                     0x000011b0   Section        0  clk.o(i.CLK_WaitClockReady)
    i.DEBUG_UART1_Init                       0x000011dc   Section        0  main.o(i.DEBUG_UART1_Init)
    i.Delayus                                0x000011f8   Section        0  user_misc.o(i.Delayus)
    i.DriverI2C_ReceiveAck                   0x00001216   Section        0  driver_i2c.o(i.DriverI2C_ReceiveAck)
    i.DriverI2C_SCL_HIGH                     0x0000124c   Section        0  driver_i2c.o(i.DriverI2C_SCL_HIGH)
    i.DriverI2C_SCL_LOW                      0x00001268   Section        0  driver_i2c.o(i.DriverI2C_SCL_LOW)
    i.DriverI2C_SDA_HIGH                     0x00001284   Section        0  driver_i2c.o(i.DriverI2C_SDA_HIGH)
    i.DriverI2C_SDA_LOW                      0x000012a0   Section        0  driver_i2c.o(i.DriverI2C_SDA_LOW)
    i.DriverI2C_SDA_READ                     0x000012bc   Section        0  driver_i2c.o(i.DriverI2C_SDA_READ)
    i.DriverI2C_SendByte                     0x000012dc   Section        0  driver_i2c.o(i.DriverI2C_SendByte)
    i.DriverI2C_Start                        0x00001320   Section        0  driver_i2c.o(i.DriverI2C_Start)
    i.DriverI2C_Stop                         0x00001350   Section        0  driver_i2c.o(i.DriverI2C_Stop)
    i.EnterCriticalSection                   0x00001374   Section        0  portserial.o(i.EnterCriticalSection)
    i.ExitCriticalSection                    0x000013a8   Section        0  portserial.o(i.ExitCriticalSection)
    i.GPIO_SetMode                           0x000013d0   Section        0  gpio.o(i.GPIO_SetMode)
    i.HalAdc1Callback                        0x00001400   Section        0  mt_modbus.o(i.HalAdc1Callback)
    i.HalAdcConverteFlow                     0x000014bc   Section        0  hal_adc.o(i.HalAdcConverteFlow)
    i.HalAdcInit                             0x00001564   Section        0  hal_adc.o(i.HalAdcInit)
    i.HalDac1SetVoltage                      0x00001584   Section        0  hal_dac.o(i.HalDac1SetVoltage)
    i.HalDac2SetVoltage                      0x00001670   Section        0  hal_dac.o(i.HalDac2SetVoltage)
    i.HalGetStepperSpeed                     0x0000175c   Section        0  hal_stepper.o(i.HalGetStepperSpeed)
    i.HalSetStepperSpeed                     0x00001768   Section        0  hal_stepper.o(i.HalSetStepperSpeed)
    i.HalStepperGetDir                       0x00001788   Section        0  hal_stepper.o(i.HalStepperGetDir)
    i.HalStepperGetStepState                 0x00001794   Section        0  hal_stepper.o(i.HalStepperGetStepState)
    i.HalStepperInit                         0x000017a0   Section        0  hal_stepper.o(i.HalStepperInit)
    i.HalStepperSetDir                       0x000017d8   Section        0  hal_stepper.o(i.HalStepperSetDir)
    i.HalStepperStart                        0x000017fc   Section        0  hal_stepper.o(i.HalStepperStart)
    i.HalStepperStop                         0x00001818   Section        0  hal_stepper.o(i.HalStepperStop)
    i.Hal_TimerHandle                        0x00001834   Section        0  hal_timer.o(i.Hal_TimerHandle)
    Hal_TimerHandle                          0x00001835   Thumb Code   102  hal_timer.o(i.Hal_TimerHandle)
    i.ModbusRegistersInit                    0x000018a0   Section        0  mt_modbus.o(i.ModbusRegistersInit)
    i.MtModbusInit                           0x000018b4   Section        0  mt_modbus.o(i.MtModbusInit)
    i.NVIC_SetPriority                       0x000018d0   Section        0  cpu.o(i.NVIC_SetPriority)
    NVIC_SetPriority                         0x000018d1   Thumb Code   110  cpu.o(i.NVIC_SetPriority)
    i.OS_CPUInterruptCBSRegister             0x00001948   Section        0  os_system.o(i.OS_CPUInterruptCBSRegister)
    i.OS_ClockInterruptHandle                0x0000195c   Section        0  os_system.o(i.OS_ClockInterruptHandle)
    i.OS_CreatTask                           0x000019bc   Section        0  os_system.o(i.OS_CreatTask)
    i.OS_Start                               0x000019f8   Section        0  os_system.o(i.OS_Start)
    i.OS_TaskInit                            0x00001a30   Section        0  os_system.o(i.OS_TaskInit)
    i.ProcessHardFault                       0x00001a64   Section        0  retarget.o(i.ProcessHardFault)
    i.SH_Return                              0x00001aa0   Section        0  retarget.o(i.SH_Return)
    i.SYS_Init                               0x00001aa8   Section        0  main.o(i.SYS_Init)
    i.SYS_ResetModule                        0x00001bf0   Section        0  sys.o(i.SYS_ResetModule)
    i.SendChar                               0x00001c20   Section        0  retarget.o(i.SendChar)
    i.SendChar_ToUART                        0x00001c2c   Section        0  retarget.o(i.SendChar_ToUART)
    i.SysTick_Handler                        0x00001c64   Section        0  cpu.o(i.SysTick_Handler)
    i.SystemCoreClockUpdate                  0x00001c6c   Section        0  system_m0518.o(i.SystemCoreClockUpdate)
    i.SystemInit                             0x00001cd0   Section        0  system_m0518.o(i.SystemInit)
    i.TIMER_GetModuleClock                   0x00001cd4   Section        0  timer.o(i.TIMER_GetModuleClock)
    i.TIMER_Open                             0x00001d58   Section        0  timer.o(i.TIMER_Open)
    i.TMR1_IRQHandler                        0x00001dac   Section        0  hal_timer.o(i.TMR1_IRQHandler)
    i.UART4_IRQHandler                       0x00001dd0   Section        0  portserial.o(i.UART4_IRQHandler)
    i.UART_Open                              0x00001e04   Section        0  uart.o(i.UART_Open)
    i.UART_Read                              0x00001ebc   Section        0  uart.o(i.UART_Read)
    i.UART_Write                             0x00001eee   Section        0  uart.o(i.UART_Write)
    i.UpdateHoldingRegs                      0x00001f24   Section        0  mt_modbus.o(i.UpdateHoldingRegs)
    UpdateHoldingRegs                        0x00001f25   Thumb Code   222  mt_modbus.o(i.UpdateHoldingRegs)
    i.WtiteHoldingRegs                       0x00002030   Section        0  mt_modbus.o(i.WtiteHoldingRegs)
    WtiteHoldingRegs                         0x00002031   Thumb Code   176  mt_modbus.o(i.WtiteHoldingRegs)
    i.__0printf                              0x000020f8   Section        0  printfa.o(i.__0printf)
    i.__ARM_clz                              0x00002118   Section        0  depilogue.o(i.__ARM_clz)
    i.__ARM_common_switch8                   0x00002146   Section        0  hal_io.o(i.__ARM_common_switch8)
    i.__scatterload_copy                     0x00002162   Section       14  handlers.o(i.__scatterload_copy)
    i.__scatterload_null                     0x00002170   Section        2  handlers.o(i.__scatterload_null)
    i.__scatterload_zeroinit                 0x00002172   Section       14  handlers.o(i.__scatterload_zeroinit)
    i.__set_errno                            0x00002180   Section        0  errno.o(i.__set_errno)
    i._fp_digits                             0x0000218c   Section        0  printfa.o(i._fp_digits)
    _fp_digits                               0x0000218d   Thumb Code   344  printfa.o(i._fp_digits)
    i._printf_core                           0x00002300   Section        0  printfa.o(i._printf_core)
    _printf_core                             0x00002301   Thumb Code  1754  printfa.o(i._printf_core)
    i._printf_post_padding                   0x000029ec   Section        0  printfa.o(i._printf_post_padding)
    _printf_post_padding                     0x000029ed   Thumb Code    32  printfa.o(i._printf_post_padding)
    i._printf_pre_padding                    0x00002a0c   Section        0  printfa.o(i._printf_pre_padding)
    _printf_pre_padding                      0x00002a0d   Thumb Code    44  printfa.o(i._printf_pre_padding)
    i.calculate_temperature                  0x00002a38   Section        0  mt_modbus.o(i.calculate_temperature)
    i.eMBEnable                              0x00002b2c   Section        0  mb.o(i.eMBEnable)
    i.eMBFuncReadHoldingRegister             0x00002b68   Section        0  mbfuncholding.o(i.eMBFuncReadHoldingRegister)
    i.eMBFuncWriteMultipleHoldingRegister    0x00002bf2   Section        0  mbfuncholding.o(i.eMBFuncWriteMultipleHoldingRegister)
    i.eMBInit                                0x00002c60   Section        0  mb.o(i.eMBInit)
    i.eMBPoll                                0x00002d3c   Section        0  mb.o(i.eMBPoll)
    i.eMBRTUInit                             0x00002e84   Section        0  mbrtu.o(i.eMBRTUInit)
    i.eMBRTUReceive                          0x00002edc   Section        0  mbrtu.o(i.eMBRTUReceive)
    i.eMBRTUSend                             0x00002f28   Section        0  mbrtu.o(i.eMBRTUSend)
    i.eMBRTUStart                            0x00002fb4   Section        0  mbrtu.o(i.eMBRTUStart)
    i.eMBRTUStop                             0x00002fd8   Section        0  mbrtu.o(i.eMBRTUStop)
    i.eMBRegHoldingCB                        0x00002ff0   Section        0  mt_modbus.o(i.eMBRegHoldingCB)
    i.fputc                                  0x00003078   Section        0  retarget.o(i.fputc)
    i.hal_CPUInit                            0x00003088   Section        0  cpu.o(i.hal_CPUInit)
    i.hal_CPU_Critical_Control               0x0000309c   Section        0  cpu.o(i.hal_CPU_Critical_Control)
    i.hal_CoreClockInit                      0x000030c4   Section        0  cpu.o(i.hal_CoreClockInit)
    hal_CoreClockInit                        0x000030c5   Thumb Code    54  cpu.o(i.hal_CoreClockInit)
    i.hal_CreatTimer                         0x00003108   Section        0  hal_timer.o(i.hal_CreatTimer)
    i.hal_Led1Turn                           0x00003138   Section        0  hal_led.o(i.hal_Led1Turn)
    hal_Led1Turn                             0x00003139   Thumb Code    34  hal_led.o(i.hal_Led1Turn)
    i.hal_LedConfig                          0x00003164   Section        0  hal_led.o(i.hal_LedConfig)
    hal_LedConfig                            0x00003165   Thumb Code    20  hal_led.o(i.hal_LedConfig)
    i.hal_LedHandle                          0x00003180   Section        0  hal_led.o(i.hal_LedHandle)
    i.hal_LedInit                            0x000031a4   Section        0  hal_led.o(i.hal_LedInit)
    i.hal_MatrixtimerInit                    0x000031ac   Section        0  hal_timer.o(i.hal_MatrixtimerInit)
    i.hal_ResetTimer                         0x000031e8   Section        0  hal_timer.o(i.hal_ResetTimer)
    i.hal_beep_init                          0x00003218   Section        0  hal_beep.o(i.hal_beep_init)
    i.hal_beep_off                           0x00003234   Section        0  hal_beep.o(i.hal_beep_off)
    i.hal_beep_on                            0x00003240   Section        0  hal_beep.o(i.hal_beep_on)
    i.hal_getprimask                         0x0000324c   Section        0  cpu.o(i.hal_getprimask)
    hal_getprimask                           0x0000324d   Thumb Code    18  cpu.o(i.hal_getprimask)
    i.hal_handle_input_10ms_loop             0x00003260   Section        0  hal_io.o(i.hal_handle_input_10ms_loop)
    i.hal_handle_output_10ms_loop            0x000033a4   Section        0  hal_io.o(i.hal_handle_output_10ms_loop)
    i.hal_input_read                         0x00003444   Section        0  hal_io.o(i.hal_input_read)
    i.hal_io_init                            0x000034b8   Section        0  hal_io.o(i.hal_io_init)
    i.hal_output_set                         0x00003590   Section        0  hal_io.o(i.hal_output_set)
    i.hal_task                               0x00003634   Section        0  hal_task.o(i.hal_task)
    i.hal_task_init                          0x00003648   Section        0  hal_task.o(i.hal_task_init)
    i.hal_timer1Config                       0x0000367c   Section        0  hal_timer.o(i.hal_timer1Config)
    hal_timer1Config                         0x0000367d   Thumb Code    62  hal_timer.o(i.hal_timer1Config)
    i.main                                   0x000036c8   Section        0  main.o(i.main)
    i.mt_task                                0x00003800   Section        0  mt_task.o(i.mt_task)
    i.mt_task_init                           0x00003808   Section        0  mt_task.o(i.mt_task_init)
    i.prveMBError2Exception                  0x00003810   Section        0  mbutils.o(i.prveMBError2Exception)
    i.sqrt                                   0x00003834   Section        0  sqrt.o(i.sqrt)
    i.usMBCRC16                              0x0000387c   Section        0  mbcrc.o(i.usMBCRC16)
    i.vMBPortSerialEnable                    0x000038b4   Section        0  portserial.o(i.vMBPortSerialEnable)
    i.vMBPortTimersDisable                   0x000038f8   Section        0  porttimer.o(i.vMBPortTimersDisable)
    i.vMBPortTimersEnable                    0x00003904   Section        0  porttimer.o(i.vMBPortTimersEnable)
    i.xMBPortEventGet                        0x00003910   Section        0  portevent.o(i.xMBPortEventGet)
    i.xMBPortEventInit                       0x00003934   Section        0  portevent.o(i.xMBPortEventInit)
    i.xMBPortEventPost                       0x00003944   Section        0  portevent.o(i.xMBPortEventPost)
    i.xMBPortSerialGetByte                   0x0000395c   Section        0  portserial.o(i.xMBPortSerialGetByte)
    i.xMBPortSerialInit                      0x00003974   Section        0  portserial.o(i.xMBPortSerialInit)
    i.xMBPortSerialPutByte                   0x000039d0   Section        0  portserial.o(i.xMBPortSerialPutByte)
    i.xMBPortTimersInit                      0x000039e4   Section        0  porttimer.o(i.xMBPortTimersInit)
    i.xMBRTUReceiveFSM                       0x00003a00   Section        0  mbrtu.o(i.xMBRTUReceiveFSM)
    i.xMBRTUTimerT35Expired                  0x00003a8c   Section        0  mbrtu.o(i.xMBRTUTimerT35Expired)
    i.xMBRTUTransmitFSM                      0x00003ad0   Section        0  mbrtu.o(i.xMBRTUTransmitFSM)
    .constdata                               0x00003b40   Section       16  main.o(.constdata)
    .constdata                               0x00003b50   Section       48  clk.o(.constdata)
    .constdata                               0x00003b80   Section       32  timer.o(.constdata)
    .constdata                               0x00003ba0   Section       48  uart.o(.constdata)
    .constdata                               0x00003bd0   Section      512  mbcrc.o(.constdata)
    aucCRCHi                                 0x00003bd0   Data         256  mbcrc.o(.constdata)
    aucCRCLo                                 0x00003cd0   Data         256  mbcrc.o(.constdata)
    .data                                    0x20000000   Section       44  system_m0518.o(.data)
    .data                                    0x2000002c   Section        8  retarget.o(.data)
    .data                                    0x20000034   Section        4  os_system.o(.data)
    .data                                    0x20000038   Section        7  hal_led.o(.data)
    i                                        0x2000003d   Data           1  hal_led.o(.data)
    i                                        0x2000003e   Data           1  hal_led.o(.data)
    .data                                    0x2000003f   Section       22  hal_io.o(.data)
    filter_cnt                               0x20000041   Data           8  hal_io.o(.data)
    bit_state                                0x20000049   Data           1  hal_io.o(.data)
    bit_state_previou                        0x2000004a   Data           1  hal_io.o(.data)
    trigger_flag                             0x2000004b   Data           8  hal_io.o(.data)
    bit_state                                0x20000053   Data           1  hal_io.o(.data)
    bit_state_previou                        0x20000054   Data           1  hal_io.o(.data)
    .data                                    0x20000058   Section       14  hal_adc.o(.data)
    conv_step                                0x20000064   Data           1  hal_adc.o(.data)
    index                                    0x20000065   Data           1  hal_adc.o(.data)
    .data                                    0x20000068   Section       12  hal_stepper.o(.data)
    .data                                    0x20000074   Section        4  hal_dac.o(.data)
    .data                                    0x20000078   Section        2  portevent.o(.data)
    eQueuedEvent                             0x20000078   Data           1  portevent.o(.data)
    xEventInQueue                            0x20000079   Data           1  portevent.o(.data)
    .data                                    0x2000007a   Section        2  portserial.o(.data)
    .data                                    0x2000007c   Section       12  mbrtu.o(.data)
    eSndState                                0x2000007c   Data           1  mbrtu.o(.data)
    eRcvState                                0x2000007d   Data           1  mbrtu.o(.data)
    pucSndBufferCur                          0x20000080   Data           4  mbrtu.o(.data)
    usSndBufferCount                         0x20000084   Data           2  mbrtu.o(.data)
    usRcvBufferPos                           0x20000086   Data           2  mbrtu.o(.data)
    .data                                    0x20000088   Section       69  mb.o(.data)
    ucMBAddress                              0x20000088   Data           1  mb.o(.data)
    eMBCurrentMode                           0x20000089   Data           1  mb.o(.data)
    eMBState                                 0x2000008a   Data           1  mb.o(.data)
    peMBFrameSendCur                         0x2000008c   Data           4  mb.o(.data)
    pvMBFrameStartCur                        0x20000090   Data           4  mb.o(.data)
    pvMBFrameStopCur                         0x20000094   Data           4  mb.o(.data)
    peMBFrameReceiveCur                      0x20000098   Data           4  mb.o(.data)
    pvMBFrameCloseCur                        0x2000009c   Data           4  mb.o(.data)
    xFuncHandlers                            0x200000b4   Data          16  mb.o(.data)
    ucMBFrame                                0x200000c4   Data           4  mb.o(.data)
    ucRcvAddress                             0x200000c8   Data           1  mb.o(.data)
    ucFunctionCode                           0x200000c9   Data           1  mb.o(.data)
    usLength                                 0x200000ca   Data           2  mb.o(.data)
    eException                               0x200000cc   Data           1  mb.o(.data)
    .data                                    0x200000d0   Section       16  mt_modbus.o(.data)
    u32value                                 0x200000dc   Data           4  mt_modbus.o(.data)
    .data                                    0x200000e0   Section        4  errno.o(.data)
    _errno                                   0x200000e0   Data           4  errno.o(.data)
    .bss                                     0x200000e4   Section       36  os_system.o(.bss)
    .bss                                     0x20000108   Section       24  hal_timer.o(.bss)
    .bss                                     0x20000120   Section       40  hal_adc.o(.bss)
    .bss                                     0x20000148   Section      256  mbrtu.o(.bss)
    .bss                                     0x20000248   Section       28  mt_modbus.o(.bss)
    STACK                                    0x20000268   Section     1024  startup_m0518.o(STACK)

    Global Symbols

    Symbol Name                              Value     Ov Type        Size  Object(Section)

    BuildAttributes$$THM_ISAv3M$S$PE$A:L22$X:L11$S22$IEEE1$IW$USESV6$~STKCKD$USESV7$~SHL$OTIME$ROPI$IEEEJ$EBA8$MICROLIB$REQ8$PRES8$EABIv2 0x00000000   Number         0  anon$$obj.o ABSOLUTE
    __ARM_use_no_argv                        0x00000000   Number         0  main.o ABSOLUTE
    __Vectors                                0x00000000   Data           4  startup_m0518.o(RESET)
    _printf_a                                0x00000000   Number         0  stubs.o ABSOLUTE
    _printf_c                                0x00000000   Number         0  stubs.o ABSOLUTE
    _printf_charcount                        0x00000000   Number         0  stubs.o ABSOLUTE
    _printf_d                                0x00000000   Number         0  stubs.o ABSOLUTE
    _printf_e                                0x00000000   Number         0  stubs.o ABSOLUTE
    _printf_f                                0x00000000   Number         0  stubs.o ABSOLUTE
    _printf_flags                            0x00000000   Number         0  stubs.o ABSOLUTE
    _printf_fp_dec                           0x00000000   Number         0  stubs.o ABSOLUTE
    _printf_fp_hex                           0x00000000   Number         0  stubs.o ABSOLUTE
    _printf_g                                0x00000000   Number         0  stubs.o ABSOLUTE
    _printf_i                                0x00000000   Number         0  stubs.o ABSOLUTE
    _printf_int_dec                          0x00000000   Number         0  stubs.o ABSOLUTE
    _printf_l                                0x00000000   Number         0  stubs.o ABSOLUTE
    _printf_lc                               0x00000000   Number         0  stubs.o ABSOLUTE
    _printf_ll                               0x00000000   Number         0  stubs.o ABSOLUTE
    _printf_lld                              0x00000000   Number         0  stubs.o ABSOLUTE
    _printf_lli                              0x00000000   Number         0  stubs.o ABSOLUTE
    _printf_llo                              0x00000000   Number         0  stubs.o ABSOLUTE
    _printf_llu                              0x00000000   Number         0  stubs.o ABSOLUTE
    _printf_llx                              0x00000000   Number         0  stubs.o ABSOLUTE
    _printf_longlong_dec                     0x00000000   Number         0  stubs.o ABSOLUTE
    _printf_longlong_hex                     0x00000000   Number         0  stubs.o ABSOLUTE
    _printf_longlong_oct                     0x00000000   Number         0  stubs.o ABSOLUTE
    _printf_ls                               0x00000000   Number         0  stubs.o ABSOLUTE
    _printf_mbtowc                           0x00000000   Number         0  stubs.o ABSOLUTE
    _printf_n                                0x00000000   Number         0  stubs.o ABSOLUTE
    _printf_o                                0x00000000   Number         0  stubs.o ABSOLUTE
    _printf_p                                0x00000000   Number         0  stubs.o ABSOLUTE
    _printf_percent                          0x00000000   Number         0  stubs.o ABSOLUTE
    _printf_pre_padding                      0x00000000   Number         0  stubs.o ABSOLUTE
    _printf_return_value                     0x00000000   Number         0  stubs.o ABSOLUTE
    _printf_s                                0x00000000   Number         0  stubs.o ABSOLUTE
    _printf_sizespec                         0x00000000   Number         0  stubs.o ABSOLUTE
    _printf_str                              0x00000000   Number         0  stubs.o ABSOLUTE
    _printf_truncate_signed                  0x00000000   Number         0  stubs.o ABSOLUTE
    _printf_truncate_unsigned                0x00000000   Number         0  stubs.o ABSOLUTE
    _printf_u                                0x00000000   Number         0  stubs.o ABSOLUTE
    _printf_wc                               0x00000000   Number         0  stubs.o ABSOLUTE
    _printf_wctomb                           0x00000000   Number         0  stubs.o ABSOLUTE
    _printf_widthprec                        0x00000000   Number         0  stubs.o ABSOLUTE
    _printf_x                                0x00000000   Number         0  stubs.o ABSOLUTE
    __cpp_initialize__aeabi_                  - Undefined Weak Reference
    __cxa_finalize                            - Undefined Weak Reference
    __decompress                              - Undefined Weak Reference
    _clock_init                               - Undefined Weak Reference
    _microlib_exit                            - Undefined Weak Reference
    __main                                   0x000000c1   Thumb Code     0  entry.o(.ARM.Collect$$$$00000000)
    _main_stk                                0x000000c1   Thumb Code     0  entry2.o(.ARM.Collect$$$$00000001)
    _main_scatterload                        0x000000c5   Thumb Code     0  entry5.o(.ARM.Collect$$$$00000004)
    __main_after_scatterload                 0x000000c9   Thumb Code     0  entry5.o(.ARM.Collect$$$$00000004)
    _main_clock                              0x000000c9   Thumb Code     0  entry7b.o(.ARM.Collect$$$$00000008)
    _main_cpp_init                           0x000000c9   Thumb Code     0  entry8b.o(.ARM.Collect$$$$0000000A)
    _main_init                               0x000000c9   Thumb Code     0  entry9a.o(.ARM.Collect$$$$0000000B)
    __rt_final_cpp                           0x000000d1   Thumb Code     0  entry10a.o(.ARM.Collect$$$$0000000D)
    __rt_final_exit                          0x000000d1   Thumb Code     0  entry11a.o(.ARM.Collect$$$$0000000F)
    Reset_Handler                            0x000000d5   Thumb Code    32  startup_m0518.o(.text)
    NMI_Handler                              0x000000f5   Thumb Code     2  startup_m0518.o(.text)
    HardFault_Handler                        0x000000f7   Thumb Code    16  startup_m0518.o(.text)
    SVC_Handler                              0x00000107   Thumb Code     2  startup_m0518.o(.text)
    PendSV_Handler                           0x00000109   Thumb Code     2  startup_m0518.o(.text)
    ADC_IRQHandler                           0x0000010d   Thumb Code     0  startup_m0518.o(.text)
    BOD_IRQHandler                           0x0000010d   Thumb Code     0  startup_m0518.o(.text)
    BPWM0_IRQHandler                         0x0000010d   Thumb Code     0  startup_m0518.o(.text)
    BPWM1_IRQHandler                         0x0000010d   Thumb Code     0  startup_m0518.o(.text)
    BRAKE0_IRQHandler                        0x0000010d   Thumb Code     0  startup_m0518.o(.text)
    BRAKE1_IRQHandler                        0x0000010d   Thumb Code     0  startup_m0518.o(.text)
    CAN0_IRQHandler                          0x0000010d   Thumb Code     0  startup_m0518.o(.text)
    CAN1_IRQHandler                          0x0000010d   Thumb Code     0  startup_m0518.o(.text)
    CKD_IRQHandler                           0x0000010d   Thumb Code     0  startup_m0518.o(.text)
    EINT0_IRQHandler                         0x0000010d   Thumb Code     0  startup_m0518.o(.text)
    EINT1_IRQHandler                         0x0000010d   Thumb Code     0  startup_m0518.o(.text)
    GPAB_IRQHandler                          0x0000010d   Thumb Code     0  startup_m0518.o(.text)
    GPCDEF_IRQHandler                        0x0000010d   Thumb Code     0  startup_m0518.o(.text)
    I2C0_IRQHandler                          0x0000010d   Thumb Code     0  startup_m0518.o(.text)
    I2C1_IRQHandler                          0x0000010d   Thumb Code     0  startup_m0518.o(.text)
    PWM0_IRQHandler                          0x0000010d   Thumb Code     0  startup_m0518.o(.text)
    PWM1_IRQHandler                          0x0000010d   Thumb Code     0  startup_m0518.o(.text)
    PWRWU_IRQHandler                         0x0000010d   Thumb Code     0  startup_m0518.o(.text)
    RTC_IRQHandler                           0x0000010d   Thumb Code     0  startup_m0518.o(.text)
    SPI0_IRQHandler                          0x0000010d   Thumb Code     0  startup_m0518.o(.text)
    TMR0_IRQHandler                          0x0000010d   Thumb Code     0  startup_m0518.o(.text)
    TMR2_IRQHandler                          0x0000010d   Thumb Code     0  startup_m0518.o(.text)
    TMR3_IRQHandler                          0x0000010d   Thumb Code     0  startup_m0518.o(.text)
    UART02_IRQHandler                        0x0000010d   Thumb Code     0  startup_m0518.o(.text)
    UART1_IRQHandler                         0x0000010d   Thumb Code     0  startup_m0518.o(.text)
    UART3_IRQHandler                         0x0000010d   Thumb Code     0  startup_m0518.o(.text)
    UART5_IRQHandler                         0x0000010d   Thumb Code     0  startup_m0518.o(.text)
    WDT_IRQHandler                           0x0000010d   Thumb Code     0  startup_m0518.o(.text)
    SH_DoCommand                             0x00000111   Thumb Code    10  startup_m0518.o(.text)
    __PC                                     0x0000011b   Thumb Code     6  startup_m0518.o(.text)
    __aeabi_uidiv                            0x00000149   Thumb Code     0  uidiv.o(.text)
    __aeabi_uidivmod                         0x00000149   Thumb Code    44  uidiv.o(.text)
    __aeabi_idiv                             0x00000175   Thumb Code     0  idiv.o(.text)
    __aeabi_idivmod                          0x00000175   Thumb Code    40  idiv.o(.text)
    __aeabi_memcpy                           0x0000019d   Thumb Code    36  memcpya.o(.text)
    __aeabi_memcpy4                          0x0000019d   Thumb Code     0  memcpya.o(.text)
    __aeabi_memcpy8                          0x0000019d   Thumb Code     0  memcpya.o(.text)
    __aeabi_fmul                             0x000001c1   Thumb Code   122  fmul.o(.text)
    __aeabi_fdiv                             0x0000023b   Thumb Code   124  fdiv.o(.text)
    __aeabi_dadd                             0x000002b9   Thumb Code   328  dadd.o(.text)
    __aeabi_dsub                             0x00000401   Thumb Code    12  dadd.o(.text)
    __aeabi_drsub                            0x0000040d   Thumb Code    12  dadd.o(.text)
    __aeabi_dmul                             0x0000041d   Thumb Code   202  dmul.o(.text)
    __aeabi_ddiv                             0x000004ed   Thumb Code   234  ddiv.o(.text)
    __aeabi_ui2f                             0x000005dd   Thumb Code    14  ffltui.o(.text)
    __aeabi_i2d                              0x000005ed   Thumb Code    34  dflti.o(.text)
    __aeabi_f2uiz                            0x00000615   Thumb Code    40  ffixui.o(.text)
    __aeabi_f2d                              0x0000063d   Thumb Code    40  f2d.o(.text)
    __aeabi_cdcmpeq                          0x00000665   Thumb Code     0  cdcmple.o(.text)
    __aeabi_cdcmple                          0x00000665   Thumb Code    38  cdcmple.o(.text)
    __aeabi_cdrcmple                         0x0000068d   Thumb Code    38  cdrcmple.o(.text)
    __aeabi_d2f                              0x000006b5   Thumb Code    56  d2f.o(.text)
    __aeabi_cfcmpeq                          0x000006ed   Thumb Code     0  cfcmple.o(.text)
    __aeabi_cfcmple                          0x000006ed   Thumb Code    20  cfcmple.o(.text)
    __aeabi_cfrcmple                         0x00000701   Thumb Code    20  cfrcmple.o(.text)
    __aeabi_uldivmod                         0x00000715   Thumb Code    96  uldiv.o(.text)
    __aeabi_llsl                             0x00000775   Thumb Code    32  llshl.o(.text)
    _ll_shift_l                              0x00000775   Thumb Code     0  llshl.o(.text)
    __aeabi_lasr                             0x00000795   Thumb Code    38  llsshr.o(.text)
    _ll_sshift_r                             0x00000795   Thumb Code     0  llsshr.o(.text)
    __I$use$fp                               0x000007bb   Thumb Code     0  iusefp.o(.text)
    _float_round                             0x000007bb   Thumb Code    16  fepilogue.o(.text)
    _float_epilogue                          0x000007cb   Thumb Code   114  fepilogue.o(.text)
    _double_round                            0x0000083d   Thumb Code    26  depilogue.o(.text)
    _double_epilogue                         0x00000857   Thumb Code   164  depilogue.o(.text)
    _dsqrt                                   0x000008fb   Thumb Code   162  dsqrt.o(.text)
    __aeabi_d2ulz                            0x0000099d   Thumb Code    54  dfixul.o(.text)
    __scatterload                            0x000009dd   Thumb Code    28  init.o(.text)
    __scatterload_rt2                        0x000009dd   Thumb Code     0  init.o(.text)
    __aeabi_llsr                             0x00000a01   Thumb Code    34  llushr.o(.text)
    _ll_ushift_r                             0x00000a01   Thumb Code     0  llushr.o(.text)
    ADC_Open                                 0x00000a25   Thumb Code    26  adc.o(i.ADC_Open)
    BPWM_ConfigOutputChannel                 0x00000aed   Thumb Code   336  bpwm.o(i.BPWM_ConfigOutputChannel)
    BPWM_EnableOutput                        0x00000c55   Thumb Code    12  bpwm.o(i.BPWM_EnableOutput)
    BPWM_Start                               0x00000c61   Thumb Code     6  bpwm.o(i.BPWM_Start)
    BPWM_Stop                                0x00000c67   Thumb Code     6  bpwm.o(i.BPWM_Stop)
    CLK_EnableModuleClock                    0x00000c6d   Thumb Code    52  clk.o(i.CLK_EnableModuleClock)
    CLK_EnablePLL                            0x00000ca9   Thumb Code   342  clk.o(i.CLK_EnablePLL)
    CLK_EnableXtalRC                         0x00000e2d   Thumb Code    12  clk.o(i.CLK_EnableXtalRC)
    CLK_SetCoreClock                         0x0000103d   Thumb Code   144  clk.o(i.CLK_SetCoreClock)
    CLK_SetHCLK                              0x000010d9   Thumb Code    94  clk.o(i.CLK_SetHCLK)
    CLK_SetModuleClock                       0x0000113d   Thumb Code   108  clk.o(i.CLK_SetModuleClock)
    CLK_WaitClockReady                       0x000011b1   Thumb Code    36  clk.o(i.CLK_WaitClockReady)
    DEBUG_UART1_Init                         0x000011dd   Thumb Code    20  main.o(i.DEBUG_UART1_Init)
    Delayus                                  0x000011f9   Thumb Code    30  user_misc.o(i.Delayus)
    DriverI2C_ReceiveAck                     0x00001217   Thumb Code    52  driver_i2c.o(i.DriverI2C_ReceiveAck)
    DriverI2C_SCL_HIGH                       0x0000124d   Thumb Code    24  driver_i2c.o(i.DriverI2C_SCL_HIGH)
    DriverI2C_SCL_LOW                        0x00001269   Thumb Code    24  driver_i2c.o(i.DriverI2C_SCL_LOW)
    DriverI2C_SDA_HIGH                       0x00001285   Thumb Code    24  driver_i2c.o(i.DriverI2C_SDA_HIGH)
    DriverI2C_SDA_LOW                        0x000012a1   Thumb Code    24  driver_i2c.o(i.DriverI2C_SDA_LOW)
    DriverI2C_SDA_READ                       0x000012bd   Thumb Code    28  driver_i2c.o(i.DriverI2C_SDA_READ)
    DriverI2C_SendByte                       0x000012dd   Thumb Code    68  driver_i2c.o(i.DriverI2C_SendByte)
    DriverI2C_Start                          0x00001321   Thumb Code    48  driver_i2c.o(i.DriverI2C_Start)
    DriverI2C_Stop                           0x00001351   Thumb Code    36  driver_i2c.o(i.DriverI2C_Stop)
    EnterCriticalSection                     0x00001375   Thumb Code    44  portserial.o(i.EnterCriticalSection)
    ExitCriticalSection                      0x000013a9   Thumb Code    30  portserial.o(i.ExitCriticalSection)
    GPIO_SetMode                             0x000013d1   Thumb Code    46  gpio.o(i.GPIO_SetMode)
    HalAdc1Callback                          0x00001401   Thumb Code   150  mt_modbus.o(i.HalAdc1Callback)
    HalAdcConverteFlow                       0x000014bd   Thumb Code   146  hal_adc.o(i.HalAdcConverteFlow)
    HalAdcInit                               0x00001565   Thumb Code    28  hal_adc.o(i.HalAdcInit)
    HalDac1SetVoltage                        0x00001585   Thumb Code   164  hal_dac.o(i.HalDac1SetVoltage)
    HalDac2SetVoltage                        0x00001671   Thumb Code   164  hal_dac.o(i.HalDac2SetVoltage)
    HalGetStepperSpeed                       0x0000175d   Thumb Code     6  hal_stepper.o(i.HalGetStepperSpeed)
    HalSetStepperSpeed                       0x00001769   Thumb Code    22  hal_stepper.o(i.HalSetStepperSpeed)
    HalStepperGetDir                         0x00001789   Thumb Code     6  hal_stepper.o(i.HalStepperGetDir)
    HalStepperGetStepState                   0x00001795   Thumb Code     6  hal_stepper.o(i.HalStepperGetStepState)
    HalStepperInit                           0x000017a1   Thumb Code    40  hal_stepper.o(i.HalStepperInit)
    HalStepperSetDir                         0x000017d9   Thumb Code    28  hal_stepper.o(i.HalStepperSetDir)
    HalStepperStart                          0x000017fd   Thumb Code    18  hal_stepper.o(i.HalStepperStart)
    HalStepperStop                           0x00001819   Thumb Code    18  hal_stepper.o(i.HalStepperStop)
    ModbusRegistersInit                      0x000018a1   Thumb Code    12  mt_modbus.o(i.ModbusRegistersInit)
    MtModbusInit                             0x000018b5   Thumb Code    28  mt_modbus.o(i.MtModbusInit)
    OS_CPUInterruptCBSRegister               0x00001949   Thumb Code    14  os_system.o(i.OS_CPUInterruptCBSRegister)
    OS_ClockInterruptHandle                  0x0000195d   Thumb Code    90  os_system.o(i.OS_ClockInterruptHandle)
    OS_CreatTask                             0x000019bd   Thumb Code    54  os_system.o(i.OS_CreatTask)
    OS_Start                                 0x000019f9   Thumb Code    50  os_system.o(i.OS_Start)
    OS_TaskInit                              0x00001a31   Thumb Code    48  os_system.o(i.OS_TaskInit)
    ProcessHardFault                         0x00001a65   Thumb Code    44  retarget.o(i.ProcessHardFault)
    SH_Return                                0x00001aa1   Thumb Code     6  retarget.o(i.SH_Return)
    SYS_Init                                 0x00001aa9   Thumb Code   292  main.o(i.SYS_Init)
    SYS_ResetModule                          0x00001bf1   Thumb Code    48  sys.o(i.SYS_ResetModule)
    SendChar                                 0x00001c21   Thumb Code    12  retarget.o(i.SendChar)
    SendChar_ToUART                          0x00001c2d   Thumb Code    50  retarget.o(i.SendChar_ToUART)
    SysTick_Handler                          0x00001c65   Thumb Code     8  cpu.o(i.SysTick_Handler)
    SystemCoreClockUpdate                    0x00001c6d   Thumb Code    76  system_m0518.o(i.SystemCoreClockUpdate)
    SystemInit                               0x00001cd1   Thumb Code     2  system_m0518.o(i.SystemInit)
    TIMER_GetModuleClock                     0x00001cd5   Thumb Code   110  timer.o(i.TIMER_GetModuleClock)
    TIMER_Open                               0x00001d59   Thumb Code    82  timer.o(i.TIMER_Open)
    TMR1_IRQHandler                          0x00001dad   Thumb Code    32  hal_timer.o(i.TMR1_IRQHandler)
    UART4_IRQHandler                         0x00001dd1   Thumb Code    38  portserial.o(i.UART4_IRQHandler)
    UART_Open                                0x00001e05   Thumb Code   166  uart.o(i.UART_Open)
    UART_Read                                0x00001ebd   Thumb Code    50  uart.o(i.UART_Read)
    UART_Write                               0x00001eef   Thumb Code    52  uart.o(i.UART_Write)
    __0printf                                0x000020f9   Thumb Code    24  printfa.o(i.__0printf)
    __1printf                                0x000020f9   Thumb Code     0  printfa.o(i.__0printf)
    __2printf                                0x000020f9   Thumb Code     0  printfa.o(i.__0printf)
    __c89printf                              0x000020f9   Thumb Code     0  printfa.o(i.__0printf)
    printf                                   0x000020f9   Thumb Code     0  printfa.o(i.__0printf)
    __ARM_clz                                0x00002119   Thumb Code    46  depilogue.o(i.__ARM_clz)
    __ARM_common_switch8                     0x00002147   Thumb Code    28  hal_io.o(i.__ARM_common_switch8)
    __scatterload_copy                       0x00002163   Thumb Code    14  handlers.o(i.__scatterload_copy)
    __scatterload_null                       0x00002171   Thumb Code     2  handlers.o(i.__scatterload_null)
    __scatterload_zeroinit                   0x00002173   Thumb Code    14  handlers.o(i.__scatterload_zeroinit)
    __set_errno                              0x00002181   Thumb Code     6  errno.o(i.__set_errno)
    calculate_temperature                    0x00002a39   Thumb Code   152  mt_modbus.o(i.calculate_temperature)
    eMBEnable                                0x00002b2d   Thumb Code    38  mb.o(i.eMBEnable)
    eMBFuncReadHoldingRegister               0x00002b69   Thumb Code   138  mbfuncholding.o(i.eMBFuncReadHoldingRegister)
    eMBFuncWriteMultipleHoldingRegister      0x00002bf3   Thumb Code   108  mbfuncholding.o(i.eMBFuncWriteMultipleHoldingRegister)
    eMBInit                                  0x00002c61   Thumb Code   148  mb.o(i.eMBInit)
    eMBPoll                                  0x00002d3d   Thumb Code   282  mb.o(i.eMBPoll)
    eMBRTUInit                               0x00002e85   Thumb Code    82  mbrtu.o(i.eMBRTUInit)
    eMBRTUReceive                            0x00002edd   Thumb Code    68  mbrtu.o(i.eMBRTUReceive)
    eMBRTUSend                               0x00002f29   Thumb Code   120  mbrtu.o(i.eMBRTUSend)
    eMBRTUStart                              0x00002fb5   Thumb Code    30  mbrtu.o(i.eMBRTUStart)
    eMBRTUStop                               0x00002fd9   Thumb Code    24  mbrtu.o(i.eMBRTUStop)
    eMBRegHoldingCB                          0x00002ff1   Thumb Code   130  mt_modbus.o(i.eMBRegHoldingCB)
    fputc                                    0x00003079   Thumb Code    16  retarget.o(i.fputc)
    hal_CPUInit                              0x00003089   Thumb Code    14  cpu.o(i.hal_CPUInit)
    hal_CPU_Critical_Control                 0x0000309d   Thumb Code    38  cpu.o(i.hal_CPU_Critical_Control)
    hal_CreatTimer                           0x00003109   Thumb Code    42  hal_timer.o(i.hal_CreatTimer)
    hal_LedHandle                            0x00003181   Thumb Code    30  hal_led.o(i.hal_LedHandle)
    hal_LedInit                              0x000031a5   Thumb Code     8  hal_led.o(i.hal_LedInit)
    hal_MatrixtimerInit                      0x000031ad   Thumb Code    56  hal_timer.o(i.hal_MatrixtimerInit)
    hal_ResetTimer                           0x000031e9   Thumb Code    44  hal_timer.o(i.hal_ResetTimer)
    hal_beep_init                            0x00003219   Thumb Code    20  hal_beep.o(i.hal_beep_init)
    hal_beep_off                             0x00003235   Thumb Code     8  hal_beep.o(i.hal_beep_off)
    hal_beep_on                              0x00003241   Thumb Code     8  hal_beep.o(i.hal_beep_on)
    hal_handle_input_10ms_loop               0x00003261   Thumb Code   262  hal_io.o(i.hal_handle_input_10ms_loop)
    hal_handle_output_10ms_loop              0x000033a5   Thumb Code   108  hal_io.o(i.hal_handle_output_10ms_loop)
    hal_input_read                           0x00003445   Thumb Code   112  hal_io.o(i.hal_input_read)
    hal_io_init                              0x000034b9   Thumb Code   202  hal_io.o(i.hal_io_init)
    hal_output_set                           0x00003591   Thumb Code   156  hal_io.o(i.hal_output_set)
    hal_task                                 0x00003635   Thumb Code    20  hal_task.o(i.hal_task)
    hal_task_init                            0x00003649   Thumb Code    44  hal_task.o(i.hal_task_init)
    main                                     0x000036c9   Thumb Code   210  main.o(i.main)
    mt_task                                  0x00003801   Thumb Code     8  mt_task.o(i.mt_task)
    mt_task_init                             0x00003809   Thumb Code     8  mt_task.o(i.mt_task_init)
    prveMBError2Exception                    0x00003811   Thumb Code    36  mbutils.o(i.prveMBError2Exception)
    sqrt                                     0x00003835   Thumb Code    66  sqrt.o(i.sqrt)
    usMBCRC16                                0x0000387d   Thumb Code    46  mbcrc.o(i.usMBCRC16)
    vMBPortSerialEnable                      0x000038b5   Thumb Code    62  portserial.o(i.vMBPortSerialEnable)
    vMBPortTimersDisable                     0x000038f9   Thumb Code    12  porttimer.o(i.vMBPortTimersDisable)
    vMBPortTimersEnable                      0x00003905   Thumb Code    12  porttimer.o(i.vMBPortTimersEnable)
    xMBPortEventGet                          0x00003911   Thumb Code    28  portevent.o(i.xMBPortEventGet)
    xMBPortEventInit                         0x00003935   Thumb Code    10  portevent.o(i.xMBPortEventInit)
    xMBPortEventPost                         0x00003945   Thumb Code    16  portevent.o(i.xMBPortEventPost)
    xMBPortSerialGetByte                     0x0000395d   Thumb Code    18  portserial.o(i.xMBPortSerialGetByte)
    xMBPortSerialInit                        0x00003975   Thumb Code    80  portserial.o(i.xMBPortSerialInit)
    xMBPortSerialPutByte                     0x000039d1   Thumb Code    16  portserial.o(i.xMBPortSerialPutByte)
    xMBPortTimersInit                        0x000039e5   Thumb Code    22  porttimer.o(i.xMBPortTimersInit)
    xMBRTUReceiveFSM                         0x00003a01   Thumb Code   126  mbrtu.o(i.xMBRTUReceiveFSM)
    xMBRTUTimerT35Expired                    0x00003a8d   Thumb Code    62  mbrtu.o(i.xMBRTUTimerT35Expired)
    xMBRTUTransmitFSM                        0x00003ad1   Thumb Code    98  mbrtu.o(i.xMBRTUTransmitFSM)
    Region$$Table$$Base                      0x00003dd0   Number         0  anon$$obj.o(Region$$Table)
    Region$$Table$$Limit                     0x00003df0   Number         0  anon$$obj.o(Region$$Table)
    SystemCoreClock                          0x20000000   Data           4  system_m0518.o(.data)
    CyclesPerUs                              0x20000004   Data           4  system_m0518.o(.data)
    PllClock                                 0x20000008   Data           4  system_m0518.o(.data)
    gau32ClkSrcTbl                           0x2000000c   Data          32  system_m0518.o(.data)
    __stdout                                 0x2000002c   Data           4  retarget.o(.data)
    __stdin                                  0x20000030   Data           4  retarget.o(.data)
    CPUInterrupptCtrlCBS                     0x20000034   Data           4  os_system.o(.data)
    array                                    0x20000038   Data           5  hal_led.o(.data)
    g_input_state                            0x2000003f   Data           1  hal_io.o(.data)
    g_output_state                           0x20000040   Data           1  hal_io.o(.data)
    adc_ch1_callback                         0x20000058   Data           4  hal_adc.o(.data)
    adc_ch2_callback                         0x2000005c   Data           4  hal_adc.o(.data)
    adc_average                              0x20000060   Data           4  hal_adc.o(.data)
    stepper_speed                            0x20000068   Data           4  hal_stepper.o(.data)
    stepper                                  0x2000006c   Data           8  hal_stepper.o(.data)
    dac_voltage                              0x20000074   Data           4  hal_dac.o(.data)
    ucGIEWasEnabled                          0x2000007a   Data           1  portserial.o(.data)
    ucCriticalNesting                        0x2000007b   Data           1  portserial.o(.data)
    pxMBFrameCBByteReceived                  0x200000a0   Data           4  mb.o(.data)
    pxMBFrameCBTransmitterEmpty              0x200000a4   Data           4  mb.o(.data)
    pxMBPortCBTimerExpired                   0x200000a8   Data           4  mb.o(.data)
    pxMBFrameCBReceiveFSMCur                 0x200000ac   Data           4  mb.o(.data)
    pxMBFrameCBTransmitFSMCur                0x200000b0   Data           4  mb.o(.data)
    pt100_coef_k                             0x200000d0   Data           2  mt_modbus.o(.data)
    pt100_coef_b                             0x200000d2   Data           2  mt_modbus.o(.data)
    pt100_res                                0x200000d4   Data           4  mt_modbus.o(.data)
    pt100_temp                               0x200000d8   Data           4  mt_modbus.o(.data)
    OS_Task                                  0x200000e4   Data          36  os_system.o(.bss)
    Stu_Timer                                0x20000108   Data          24  hal_timer.o(.bss)
    adc_raw_value                            0x20000120   Data          40  hal_adc.o(.bss)
    ucRTUBuf                                 0x20000148   Data         256  mbrtu.o(.bss)
    usRegHoldingBuf                          0x20000248   Data          28  mt_modbus.o(.bss)
    __initial_sp                             0x20000668   Data           0  startup_m0518.o(STACK)



==============================================================================

Memory Map of the image

  Image Entry point : 0x000000d5

  Load Region LR_1 (Base: 0x00000000, Size: 0x00003ed4, Max: 0xffffffff, ABSOLUTE)

    Execution Region ER_RO (Exec base: 0x00000000, Load base: 0x00000000, Size: 0x00003df0, Max: 0xffffffff, ABSOLUTE)

    Exec Addr    Load Addr    Size         Type   Attr      Idx    E Section Name        Object

    0x00000000   0x00000000   0x000000c0   Data   RO            3    RESET               startup_m0518.o
    0x000000c0   0x000000c0   0x00000000   Code   RO         2748  * .ARM.Collect$$$$00000000  mc_p.l(entry.o)
    0x000000c0   0x000000c0   0x00000004   Code   RO         3046    .ARM.Collect$$$$00000001  mc_p.l(entry2.o)
    0x000000c4   0x000000c4   0x00000004   Code   RO         3049    .ARM.Collect$$$$00000004  mc_p.l(entry5.o)
    0x000000c8   0x000000c8   0x00000000   Code   RO         3051    .ARM.Collect$$$$00000008  mc_p.l(entry7b.o)
    0x000000c8   0x000000c8   0x00000000   Code   RO         3053    .ARM.Collect$$$$0000000A  mc_p.l(entry8b.o)
    0x000000c8   0x000000c8   0x00000008   Code   RO         3054    .ARM.Collect$$$$0000000B  mc_p.l(entry9a.o)
    0x000000d0   0x000000d0   0x00000000   Code   RO         3056    .ARM.Collect$$$$0000000D  mc_p.l(entry10a.o)
    0x000000d0   0x000000d0   0x00000000   Code   RO         3058    .ARM.Collect$$$$0000000F  mc_p.l(entry11a.o)
    0x000000d0   0x000000d0   0x00000004   Code   RO         3047    .ARM.Collect$$$$00002712  mc_p.l(entry2.o)
    0x000000d4   0x000000d4   0x00000074   Code   RO            4  * .text               startup_m0518.o
    0x00000148   0x00000148   0x0000002c   Code   RO         2749    .text               mc_p.l(uidiv.o)
    0x00000174   0x00000174   0x00000028   Code   RO         2751    .text               mc_p.l(idiv.o)
    0x0000019c   0x0000019c   0x00000024   Code   RO         2753    .text               mc_p.l(memcpya.o)
    0x000001c0   0x000001c0   0x0000007a   Code   RO         3018    .text               mf_p.l(fmul.o)
    0x0000023a   0x0000023a   0x0000007c   Code   RO         3020    .text               mf_p.l(fdiv.o)
    0x000002b6   0x000002b6   0x00000002   PAD
    0x000002b8   0x000002b8   0x00000164   Code   RO         3022    .text               mf_p.l(dadd.o)
    0x0000041c   0x0000041c   0x000000d0   Code   RO         3024    .text               mf_p.l(dmul.o)
    0x000004ec   0x000004ec   0x000000f0   Code   RO         3026    .text               mf_p.l(ddiv.o)
    0x000005dc   0x000005dc   0x0000000e   Code   RO         3028    .text               mf_p.l(ffltui.o)
    0x000005ea   0x000005ea   0x00000002   PAD
    0x000005ec   0x000005ec   0x00000028   Code   RO         3030    .text               mf_p.l(dflti.o)
    0x00000614   0x00000614   0x00000028   Code   RO         3032    .text               mf_p.l(ffixui.o)
    0x0000063c   0x0000063c   0x00000028   Code   RO         3034    .text               mf_p.l(f2d.o)
    0x00000664   0x00000664   0x00000028   Code   RO         3036    .text               mf_p.l(cdcmple.o)
    0x0000068c   0x0000068c   0x00000028   Code   RO         3038    .text               mf_p.l(cdrcmple.o)
    0x000006b4   0x000006b4   0x00000038   Code   RO         3040    .text               mf_p.l(d2f.o)
    0x000006ec   0x000006ec   0x00000014   Code   RO         3042    .text               mf_p.l(cfcmple.o)
    0x00000700   0x00000700   0x00000014   Code   RO         3044    .text               mf_p.l(cfrcmple.o)
    0x00000714   0x00000714   0x00000060   Code   RO         3060    .text               mc_p.l(uldiv.o)
    0x00000774   0x00000774   0x00000020   Code   RO         3062    .text               mc_p.l(llshl.o)
    0x00000794   0x00000794   0x00000026   Code   RO         3064    .text               mc_p.l(llsshr.o)
    0x000007ba   0x000007ba   0x00000000   Code   RO         3073    .text               mc_p.l(iusefp.o)
    0x000007ba   0x000007ba   0x00000082   Code   RO         3074    .text               mf_p.l(fepilogue.o)
    0x0000083c   0x0000083c   0x000000be   Code   RO         3076    .text               mf_p.l(depilogue.o)
    0x000008fa   0x000008fa   0x000000a2   Code   RO         3080    .text               mf_p.l(dsqrt.o)
    0x0000099c   0x0000099c   0x00000040   Code   RO         3082    .text               mf_p.l(dfixul.o)
    0x000009dc   0x000009dc   0x00000024   Code   RO         3084    .text               mc_p.l(init.o)
    0x00000a00   0x00000a00   0x00000022   Code   RO         3086    .text               mc_p.l(llushr.o)
    0x00000a22   0x00000a22   0x00000002   PAD
    0x00000a24   0x00000a24   0x00000020   Code   RO          193    i.ADC_Open          adc.o
    0x00000a44   0x00000a44   0x000000a6   Code   RO         2070    i.AdcFilter         hal_adc.o
    0x00000aea   0x00000aea   0x00000002   PAD
    0x00000aec   0x00000aec   0x00000168   Code   RO          245    i.BPWM_ConfigOutputChannel  bpwm.o
    0x00000c54   0x00000c54   0x0000000c   Code   RO          259    i.BPWM_EnableOutput  bpwm.o
    0x00000c60   0x00000c60   0x00000006   Code   RO          270    i.BPWM_Start        bpwm.o
    0x00000c66   0x00000c66   0x00000006   Code   RO          271    i.BPWM_Stop         bpwm.o
    0x00000c6c   0x00000c6c   0x0000003c   Code   RO          470    i.CLK_EnableModuleClock  clk.o
    0x00000ca8   0x00000ca8   0x00000184   Code   RO          471    i.CLK_EnablePLL     clk.o
    0x00000e2c   0x00000e2c   0x00000010   Code   RO          473    i.CLK_EnableXtalRC  clk.o
    0x00000e3c   0x00000e3c   0x00000080   Code   RO           12    i.CLK_GetPLLClockFreq  system_m0518.o
    0x00000ebc   0x00000ebc   0x00000080   Code   RO          272    i.CLK_GetPLLClockFreq  bpwm.o
    0x00000f3c   0x00000f3c   0x00000080   Code   RO          478    i.CLK_GetPLLClockFreq  clk.o
    0x00000fbc   0x00000fbc   0x00000080   Code   RO         1507    i.CLK_GetPLLClockFreq  uart.o
    0x0000103c   0x0000103c   0x0000009c   Code   RO          481    i.CLK_SetCoreClock  clk.o
    0x000010d8   0x000010d8   0x00000064   Code   RO          482    i.CLK_SetHCLK       clk.o
    0x0000113c   0x0000113c   0x00000074   Code   RO          483    i.CLK_SetModuleClock  clk.o
    0x000011b0   0x000011b0   0x0000002c   Code   RO          485    i.CLK_WaitClockReady  clk.o
    0x000011dc   0x000011dc   0x0000001c   Code   RO          105    i.DEBUG_UART1_Init  main.o
    0x000011f8   0x000011f8   0x0000001e   Code   RO          169    i.Delayus           user_misc.o
    0x00001216   0x00001216   0x00000034   Code   RO         2657    i.DriverI2C_ReceiveAck  driver_i2c.o
    0x0000124a   0x0000124a   0x00000002   PAD
    0x0000124c   0x0000124c   0x0000001c   Code   RO         2658    i.DriverI2C_SCL_HIGH  driver_i2c.o
    0x00001268   0x00001268   0x0000001c   Code   RO         2659    i.DriverI2C_SCL_LOW  driver_i2c.o
    0x00001284   0x00001284   0x0000001c   Code   RO         2660    i.DriverI2C_SDA_HIGH  driver_i2c.o
    0x000012a0   0x000012a0   0x0000001c   Code   RO         2661    i.DriverI2C_SDA_LOW  driver_i2c.o
    0x000012bc   0x000012bc   0x00000020   Code   RO         2662    i.DriverI2C_SDA_READ  driver_i2c.o
    0x000012dc   0x000012dc   0x00000044   Code   RO         2664    i.DriverI2C_SendByte  driver_i2c.o
    0x00001320   0x00001320   0x00000030   Code   RO         2665    i.DriverI2C_Start   driver_i2c.o
    0x00001350   0x00001350   0x00000024   Code   RO         2666    i.DriverI2C_Stop    driver_i2c.o
    0x00001374   0x00001374   0x00000034   Code   RO         2274    i.EnterCriticalSection  portserial.o
    0x000013a8   0x000013a8   0x00000028   Code   RO         2275    i.ExitCriticalSection  portserial.o
    0x000013d0   0x000013d0   0x0000002e   Code   RO          727    i.GPIO_SetMode      gpio.o
    0x000013fe   0x000013fe   0x00000002   PAD
    0x00001400   0x00001400   0x000000bc   Code   RO         2555    i.HalAdc1Callback   mt_modbus.o
    0x000014bc   0x000014bc   0x000000a8   Code   RO         2074    i.HalAdcConverteFlow  hal_adc.o
    0x00001564   0x00001564   0x00000020   Code   RO         2075    i.HalAdcInit        hal_adc.o
    0x00001584   0x00001584   0x000000ec   Code   RO         2191    i.HalDac1SetVoltage  hal_dac.o
    0x00001670   0x00001670   0x000000ec   Code   RO         2192    i.HalDac2SetVoltage  hal_dac.o
    0x0000175c   0x0000175c   0x0000000c   Code   RO         2126    i.HalGetStepperSpeed  hal_stepper.o
    0x00001768   0x00001768   0x00000020   Code   RO         2127    i.HalSetStepperSpeed  hal_stepper.o
    0x00001788   0x00001788   0x0000000c   Code   RO         2128    i.HalStepperGetDir  hal_stepper.o
    0x00001794   0x00001794   0x0000000c   Code   RO         2129    i.HalStepperGetStepState  hal_stepper.o
    0x000017a0   0x000017a0   0x00000038   Code   RO         2130    i.HalStepperInit    hal_stepper.o
    0x000017d8   0x000017d8   0x00000024   Code   RO         2131    i.HalStepperSetDir  hal_stepper.o
    0x000017fc   0x000017fc   0x0000001c   Code   RO         2132    i.HalStepperStart   hal_stepper.o
    0x00001818   0x00001818   0x0000001c   Code   RO         2133    i.HalStepperStop    hal_stepper.o
    0x00001834   0x00001834   0x0000006c   Code   RO         1881    i.Hal_TimerHandle   hal_timer.o
    0x000018a0   0x000018a0   0x00000014   Code   RO         2556    i.ModbusRegistersInit  mt_modbus.o
    0x000018b4   0x000018b4   0x0000001c   Code   RO         2557    i.MtModbusInit      mt_modbus.o
    0x000018d0   0x000018d0   0x00000078   Code   RO         1664    i.NVIC_SetPriority  cpu.o
    0x00001948   0x00001948   0x00000014   Code   RO         1715    i.OS_CPUInterruptCBSRegister  os_system.o
    0x0000195c   0x0000195c   0x00000060   Code   RO         1716    i.OS_ClockInterruptHandle  os_system.o
    0x000019bc   0x000019bc   0x0000003c   Code   RO         1717    i.OS_CreatTask      os_system.o
    0x000019f8   0x000019f8   0x00000038   Code   RO         1718    i.OS_Start          os_system.o
    0x00001a30   0x00001a30   0x00000034   Code   RO         1720    i.OS_TaskInit       os_system.o
    0x00001a64   0x00001a64   0x0000003c   Code   RO         1176    i.ProcessHardFault  retarget.o
    0x00001aa0   0x00001aa0   0x00000006   Code   RO         1177    i.SH_Return         retarget.o
    0x00001aa6   0x00001aa6   0x00000002   PAD
    0x00001aa8   0x00001aa8   0x00000148   Code   RO          107    i.SYS_Init          main.o
    0x00001bf0   0x00001bf0   0x00000030   Code   RO         1379    i.SYS_ResetModule   sys.o
    0x00001c20   0x00001c20   0x0000000c   Code   RO         1178    i.SendChar          retarget.o
    0x00001c2c   0x00001c2c   0x00000038   Code   RO         1179    i.SendChar_ToUART   retarget.o
    0x00001c64   0x00001c64   0x00000008   Code   RO         1665    i.SysTick_Handler   cpu.o
    0x00001c6c   0x00001c6c   0x00000064   Code   RO           13    i.SystemCoreClockUpdate  system_m0518.o
    0x00001cd0   0x00001cd0   0x00000002   Code   RO           14    i.SystemInit        system_m0518.o
    0x00001cd2   0x00001cd2   0x00000002   PAD
    0x00001cd4   0x00001cd4   0x00000084   Code   RO         1450    i.TIMER_GetModuleClock  timer.o
    0x00001d58   0x00001d58   0x00000052   Code   RO         1451    i.TIMER_Open        timer.o
    0x00001daa   0x00001daa   0x00000002   PAD
    0x00001dac   0x00001dac   0x00000024   Code   RO         1882    i.TMR1_IRQHandler   hal_timer.o
    0x00001dd0   0x00001dd0   0x00000034   Code   RO         2276    i.UART4_IRQHandler  portserial.o
    0x00001e04   0x00001e04   0x000000b8   Code   RO         1516    i.UART_Open         uart.o
    0x00001ebc   0x00001ebc   0x00000032   Code   RO         1517    i.UART_Read         uart.o
    0x00001eee   0x00001eee   0x00000034   Code   RO         1523    i.UART_Write        uart.o
    0x00001f22   0x00001f22   0x00000002   PAD
    0x00001f24   0x00001f24   0x0000010c   Code   RO         2558    i.UpdateHoldingRegs  mt_modbus.o
    0x00002030   0x00002030   0x000000c8   Code   RO         2559    i.WtiteHoldingRegs  mt_modbus.o
    0x000020f8   0x000020f8   0x00000020   Code   RO         2990    i.__0printf         mc_p.l(printfa.o)
    0x00002118   0x00002118   0x0000002e   Code   RO         3078    i.__ARM_clz         mf_p.l(depilogue.o)
    0x00002146   0x00002146   0x0000001c   Code   RO         2033    i.__ARM_common_switch8  hal_io.o
    0x00002162   0x00002162   0x0000000e   Code   RO         3090    i.__scatterload_copy  mc_p.l(handlers.o)
    0x00002170   0x00002170   0x00000002   Code   RO         3091    i.__scatterload_null  mc_p.l(handlers.o)
    0x00002172   0x00002172   0x0000000e   Code   RO         3092    i.__scatterload_zeroinit  mc_p.l(handlers.o)
    0x00002180   0x00002180   0x0000000c   Code   RO         3068    i.__set_errno       mc_p.l(errno.o)
    0x0000218c   0x0000218c   0x00000174   Code   RO         2997    i._fp_digits        mc_p.l(printfa.o)
    0x00002300   0x00002300   0x000006ec   Code   RO         2998    i._printf_core      mc_p.l(printfa.o)
    0x000029ec   0x000029ec   0x00000020   Code   RO         2999    i._printf_post_padding  mc_p.l(printfa.o)
    0x00002a0c   0x00002a0c   0x0000002c   Code   RO         3000    i._printf_pre_padding  mc_p.l(printfa.o)
    0x00002a38   0x00002a38   0x000000f4   Code   RO         2560    i.calculate_temperature  mt_modbus.o
    0x00002b2c   0x00002b2c   0x0000003c   Code   RO         2495    i.eMBEnable         mb.o
    0x00002b68   0x00002b68   0x0000008a   Code   RO         2355    i.eMBFuncReadHoldingRegister  mbfuncholding.o
    0x00002bf2   0x00002bf2   0x0000006c   Code   RO         2356    i.eMBFuncWriteMultipleHoldingRegister  mbfuncholding.o
    0x00002c5e   0x00002c5e   0x00000002   PAD
    0x00002c60   0x00002c60   0x000000dc   Code   RO         2496    i.eMBInit           mb.o
    0x00002d3c   0x00002d3c   0x00000148   Code   RO         2497    i.eMBPoll           mb.o
    0x00002e84   0x00002e84   0x00000058   Code   RO         2423    i.eMBRTUInit        mbrtu.o
    0x00002edc   0x00002edc   0x0000004c   Code   RO         2424    i.eMBRTUReceive     mbrtu.o
    0x00002f28   0x00002f28   0x0000008c   Code   RO         2425    i.eMBRTUSend        mbrtu.o
    0x00002fb4   0x00002fb4   0x00000024   Code   RO         2426    i.eMBRTUStart       mbrtu.o
    0x00002fd8   0x00002fd8   0x00000018   Code   RO         2427    i.eMBRTUStop        mbrtu.o
    0x00002ff0   0x00002ff0   0x00000088   Code   RO         2561    i.eMBRegHoldingCB   mt_modbus.o
    0x00003078   0x00003078   0x00000010   Code   RO         1183    i.fputc             retarget.o
    0x00003088   0x00003088   0x00000014   Code   RO         1666    i.hal_CPUInit       cpu.o
    0x0000309c   0x0000309c   0x00000026   Code   RO         1667    i.hal_CPU_Critical_Control  cpu.o
    0x000030c2   0x000030c2   0x00000002   PAD
    0x000030c4   0x000030c4   0x00000044   Code   RO         1668    i.hal_CoreClockInit  cpu.o
    0x00003108   0x00003108   0x00000030   Code   RO         1883    i.hal_CreatTimer    hal_timer.o
    0x00003138   0x00003138   0x0000002c   Code   RO         1793    i.hal_Led1Turn      hal_led.o
    0x00003164   0x00003164   0x0000001c   Code   RO         1794    i.hal_LedConfig     hal_led.o
    0x00003180   0x00003180   0x00000024   Code   RO         1795    i.hal_LedHandle     hal_led.o
    0x000031a4   0x000031a4   0x00000008   Code   RO         1796    i.hal_LedInit       hal_led.o
    0x000031ac   0x000031ac   0x0000003c   Code   RO         1887    i.hal_MatrixtimerInit  hal_timer.o
    0x000031e8   0x000031e8   0x00000030   Code   RO         1888    i.hal_ResetTimer    hal_timer.o
    0x00003218   0x00003218   0x0000001c   Code   RO         1959    i.hal_beep_init     hal_beep.o
    0x00003234   0x00003234   0x0000000c   Code   RO         1960    i.hal_beep_off      hal_beep.o
    0x00003240   0x00003240   0x0000000c   Code   RO         1961    i.hal_beep_on       hal_beep.o
    0x0000324c   0x0000324c   0x00000012   Code   RO         1669    i.hal_getprimask    cpu.o
    0x0000325e   0x0000325e   0x00000002   PAD
    0x00003260   0x00003260   0x00000144   Code   RO         1991    i.hal_handle_input_10ms_loop  hal_io.o
    0x000033a4   0x000033a4   0x000000a0   Code   RO         1992    i.hal_handle_output_10ms_loop  hal_io.o
    0x00003444   0x00003444   0x00000074   Code   RO         1993    i.hal_input_read    hal_io.o
    0x000034b8   0x000034b8   0x000000d8   Code   RO         1994    i.hal_io_init       hal_io.o
    0x00003590   0x00003590   0x000000a4   Code   RO         1995    i.hal_output_set    hal_io.o
    0x00003634   0x00003634   0x00000014   Code   RO         1835    i.hal_task          hal_task.o
    0x00003648   0x00003648   0x00000034   Code   RO         1836    i.hal_task_init     hal_task.o
    0x0000367c   0x0000367c   0x0000004c   Code   RO         1889    i.hal_timer1Config  hal_timer.o
    0x000036c8   0x000036c8   0x00000138   Code   RO          108    i.main              main.o
    0x00003800   0x00003800   0x00000008   Code   RO         2630    i.mt_task           mt_task.o
    0x00003808   0x00003808   0x00000008   Code   RO         2631    i.mt_task_init      mt_task.o
    0x00003810   0x00003810   0x00000024   Code   RO         2385    i.prveMBError2Exception  mbutils.o
    0x00003834   0x00003834   0x00000048   Code   RO         2741    i.sqrt              m_ps.l(sqrt.o)
    0x0000387c   0x0000387c   0x00000038   Code   RO         2409    i.usMBCRC16         mbcrc.o
    0x000038b4   0x000038b4   0x00000044   Code   RO         2277    i.vMBPortSerialEnable  portserial.o
    0x000038f8   0x000038f8   0x0000000c   Code   RO         2331    i.vMBPortTimersDisable  porttimer.o
    0x00003904   0x00003904   0x0000000c   Code   RO         2332    i.vMBPortTimersEnable  porttimer.o
    0x00003910   0x00003910   0x00000024   Code   RO         2236    i.xMBPortEventGet   portevent.o
    0x00003934   0x00003934   0x00000010   Code   RO         2237    i.xMBPortEventInit  portevent.o
    0x00003944   0x00003944   0x00000018   Code   RO         2238    i.xMBPortEventPost  portevent.o
    0x0000395c   0x0000395c   0x00000018   Code   RO         2278    i.xMBPortSerialGetByte  portserial.o
    0x00003974   0x00003974   0x0000005c   Code   RO         2279    i.xMBPortSerialInit  portserial.o
    0x000039d0   0x000039d0   0x00000014   Code   RO         2280    i.xMBPortSerialPutByte  portserial.o
    0x000039e4   0x000039e4   0x0000001c   Code   RO         2333    i.xMBPortTimersInit  porttimer.o
    0x00003a00   0x00003a00   0x0000008c   Code   RO         2428    i.xMBRTUReceiveFSM  mbrtu.o
    0x00003a8c   0x00003a8c   0x00000044   Code   RO         2429    i.xMBRTUTimerT35Expired  mbrtu.o
    0x00003ad0   0x00003ad0   0x00000070   Code   RO         2430    i.xMBRTUTransmitFSM  mbrtu.o
    0x00003b40   0x00003b40   0x00000010   Data   RO          109    .constdata          main.o
    0x00003b50   0x00003b50   0x00000030   Data   RO          486    .constdata          clk.o
    0x00003b80   0x00003b80   0x00000020   Data   RO         1452    .constdata          timer.o
    0x00003ba0   0x00003ba0   0x00000030   Data   RO         1524    .constdata          uart.o
    0x00003bd0   0x00003bd0   0x00000200   Data   RO         2410    .constdata          mbcrc.o
    0x00003dd0   0x00003dd0   0x00000020   Data   RO         3088    Region$$Table       anon$$obj.o


    Execution Region ER_RW (Exec base: 0x20000000, Load base: 0x00003df0, Size: 0x000000e4, Max: 0xffffffff, ABSOLUTE)

    Exec Addr    Load Addr    Size         Type   Attr      Idx    E Section Name        Object

    0x20000000   0x00003df0   0x0000002c   Data   RW           15    .data               system_m0518.o
    0x2000002c   0x00003e1c   0x00000008   Data   RW         1185    .data               retarget.o
    0x20000034   0x00003e24   0x00000004   Data   RW         1727    .data               os_system.o
    0x20000038   0x00003e28   0x00000007   Data   RW         1797    .data               hal_led.o
    0x2000003f   0x00003e2f   0x00000016   Data   RW         1996    .data               hal_io.o
    0x20000055   0x00003e45   0x00000003   PAD
    0x20000058   0x00003e48   0x0000000e   Data   RW         2077    .data               hal_adc.o
    0x20000066   0x00003e56   0x00000002   PAD
    0x20000068   0x00003e58   0x0000000c   Data   RW         2134    .data               hal_stepper.o
    0x20000074   0x00003e64   0x00000004   Data   RW         2194    .data               hal_dac.o
    0x20000078   0x00003e68   0x00000002   Data   RW         2239    .data               portevent.o
    0x2000007a   0x00003e6a   0x00000002   Data   RW         2281    .data               portserial.o
    0x2000007c   0x00003e6c   0x0000000c   Data   RW         2432    .data               mbrtu.o
    0x20000088   0x00003e78   0x00000045   Data   RW         2499    .data               mb.o
    0x200000cd   0x00003ebd   0x00000003   PAD
    0x200000d0   0x00003ec0   0x00000010   Data   RW         2564    .data               mt_modbus.o
    0x200000e0   0x00003ed0   0x00000004   Data   RW         3069    .data               mc_p.l(errno.o)


    Execution Region ER_ZI (Exec base: 0x200000e4, Load base: 0x00003ed4, Size: 0x00000584, Max: 0xffffffff, ABSOLUTE)

    Exec Addr    Load Addr    Size         Type   Attr      Idx    E Section Name        Object

    0x200000e4        -       0x00000024   Zero   RW         1726    .bss                os_system.o
    0x20000108        -       0x00000018   Zero   RW         1890    .bss                hal_timer.o
    0x20000120        -       0x00000028   Zero   RW         2076    .bss                hal_adc.o
    0x20000148        -       0x00000100   Zero   RW         2431    .bss                mbrtu.o
    0x20000248        -       0x0000001c   Zero   RW         2563    .bss                mt_modbus.o
    0x20000264   0x00003ed4   0x00000004   PAD
    0x20000268        -       0x00000400   Zero   RW            1    STACK               startup_m0518.o


==============================================================================

Image component sizes


      Code (inc. data)   RO Data    RW Data    ZI Data      Debug   Object Name

        32          6          0          0          0        815   adc.o
       512         40          0          0          0       3368   bpwm.o
      1008        108         48          0          0       5446   clk.o
       272         30          0          0          0       9259   cpu.o
       348         20          0          0          0       4406   driver_i2c.o
         0          0          0          0          0     104848   fmc.o
        46          0          0          0          0        831   gpio.o
       366         26          0         14         40       2788   hal_adc.o
        52         16          0          0          0       1153   hal_beep.o
       472        144          0          4          0       2518   hal_dac.o
      1008        162          0         22          0       3606   hal_io.o
       116         24          0          7          0       2118   hal_led.o
         0          0          0          0          0       2512   hal_rs485.o
       216         72          0         12          0       3681   hal_stepper.o
        72          8          0          0          0       1775   hal_task.o
       376         38          0          0         24      11450   hal_timer.o
       668        146         16          0          0      57329   main.o
       608        140          0         69          0       4504   mb.o
        56         10        512          0          0       1124   mbcrc.o
       246          0          0          0          0       3131   mbfuncholding.o
       684         74          0         12        256       5799   mbrtu.o
        36          0          0          0          0        544   mbutils.o
      1084        214          0         16         28       5322   mt_modbus.o
        16          0          0          0          0        781   mt_task.o
       284         28          0          4         36       2950   os_system.o
        76         22          0          2          0       4521   portevent.o
       348         60          0          2          0       4492   portserial.o
        52          6          0          0          0       1381   porttimer.o
       150         22          0          8          0       4414   retarget.o
       116         44        192          0       1024        720   startup_m0518.o
        48          0          0          0          0        442   sys.o
       230         40          0         44          0     122659   system_m0518.o
       214         22         32          0          0       1668   timer.o
       414         34         48          0          0       3261   uart.o
        30          0          0          0          0        750   user_misc.o

    ----------------------------------------------------------------------
     10276       1556        880        224       1412     386366   Object Totals
         0          0         32          0          0          0   (incl. Generated)
        20          0          0          8          4          0   (incl. Padding)

    ----------------------------------------------------------------------

      Code (inc. data)   RO Data    RW Data    ZI Data      Debug   Library Member Name

        72          6          0          0          0         76   sqrt.o
         0          0          0          0          0          0   entry.o
         0          0          0          0          0          0   entry10a.o
         0          0          0          0          0          0   entry11a.o
         8          4          0          0          0          0   entry2.o
         4          0          0          0          0          0   entry5.o
         0          0          0          0          0          0   entry7b.o
         0          0          0          0          0          0   entry8b.o
         8          4          0          0          0          0   entry9a.o
        12          6          0          4          0         60   errno.o
        30          0          0          0          0          0   handlers.o
        40          0          0          0          0         72   idiv.o
        36          8          0          0          0         68   init.o
         0          0          0          0          0          0   iusefp.o
        32          0          0          0          0         68   llshl.o
        38          0          0          0          0         68   llsshr.o
        34          0          0          0          0         68   llushr.o
        36          0          0          0          0         60   memcpya.o
      2252         98          0          0          0        412   printfa.o
        44          0          0          0          0         72   uidiv.o
        96          0          0          0          0         84   uldiv.o
        40          2          0          0          0         68   cdcmple.o
        40          2          0          0          0         68   cdrcmple.o
        20          0          0          0          0         68   cfcmple.o
        20          0          0          0          0         68   cfrcmple.o
        56          0          0          0          0         68   d2f.o
       356          4          0          0          0        140   dadd.o
       240          6          0          0          0         84   ddiv.o
       236          0          0          0          0        216   depilogue.o
        64         10          0          0          0         68   dfixul.o
        40          6          0          0          0         68   dflti.o
       208          6          0          0          0         88   dmul.o
       162          0          0          0          0         80   dsqrt.o
        40          0          0          0          0         60   f2d.o
       124          0          0          0          0         72   fdiv.o
       130          0          0          0          0        144   fepilogue.o
        40          0          0          0          0         60   ffixui.o
        14          0          0          0          0         68   ffltui.o
       122          0          0          0          0         72   fmul.o

    ----------------------------------------------------------------------
      4700        162          0          4          0       2668   Library Totals
         6          0          0          0          0          0   (incl. Padding)

    ----------------------------------------------------------------------

      Code (inc. data)   RO Data    RW Data    ZI Data      Debug   Library Name

        72          6          0          0          0         76   m_ps.l
      2670        120          0          4          0       1032   mc_p.l
      1952         36          0          0          0       1560   mf_p.l

    ----------------------------------------------------------------------
      4700        162          0          4          0       2668   Library Totals

    ----------------------------------------------------------------------

==============================================================================


      Code (inc. data)   RO Data    RW Data    ZI Data      Debug   

     14976       1718        880        228       1412     382510   Grand Totals
     14976       1718        880        228       1412     382510   ELF Image Totals
     14976       1718        880        228          0          0   ROM Totals

==============================================================================

    Total RO  Size (Code + RO Data)                15856 (  15.48kB)
    Total RW  Size (RW Data + ZI Data)              1640 (   1.60kB)
    Total ROM Size (Code + RO Data + RW Data)      16084 (  15.71kB)

==============================================================================

