Component: ARM Compiler 5.06 update 5 (build 528) Tool: armlink [4d35e2]

==============================================================================

Small function inlining results

Inlined total of 0 calls.

==============================================================================

Section Cross References

    startup_m0518.o(RESET) refers to startup_m0518.o(STACK) for __initial_sp
    startup_m0518.o(RESET) refers to startup_m0518.o(.text) for Reset_Handler
    startup_m0518.o(RESET) refers to cpu.o(i.SysTick_Handler) for SysTick_Handler
    startup_m0518.o(.text) refers to system_m0518.o(i.SystemInit) for SystemInit
    startup_m0518.o(.text) refers to entry.o(.ARM.Collect$$$$00000000) for __main
    startup_m0518.o(.text) refers to retarget.o(i.ProcessHardFault) for ProcessHardFault
    startup_m0518.o(.text) refers to retarget.o(i.SH_Return) for SH_Return
    system_m0518.o(i.CLK_GetPLLClockFreq) refers to uidiv.o(.text) for __aeabi_uidivmod
    system_m0518.o(i.SystemCoreClockUpdate) refers to system_m0518.o(i.CLK_GetPLLClockFreq) for CLK_GetPLLClockFreq
    system_m0518.o(i.SystemCoreClockUpdate) refers to uidiv.o(.text) for __aeabi_uidivmod
    system_m0518.o(i.SystemCoreClockUpdate) refers to system_m0518.o(.data) for PllClock
    main.o(i.SYS_Init) refers to clk.o(i.CLK_EnableXtalRC) for CLK_EnableXtalRC
    main.o(i.SYS_Init) refers to clk.o(i.CLK_WaitClockReady) for CLK_WaitClockReady
    main.o(i.SYS_Init) refers to clk.o(i.CLK_SetHCLK) for CLK_SetHCLK
    main.o(i.SYS_Init) refers to clk.o(i.CLK_SetCoreClock) for CLK_SetCoreClock
    main.o(i.SYS_Init) refers to clk.o(i.CLK_EnableModuleClock) for CLK_EnableModuleClock
    main.o(i.SYS_Init) refers to clk.o(i.CLK_SetModuleClock) for CLK_SetModuleClock
    main.o(i.UART1_Init) refers to sys.o(i.SYS_ResetModule) for SYS_ResetModule
    main.o(i.UART1_Init) refers to uart.o(i.UART_Open) for UART_Open
    main.o(i.main) refers to main.o(i.SYS_Init) for SYS_Init
    main.o(i.main) refers to cpu.o(i.hal_CPUInit) for hal_CPUInit
    main.o(i.main) refers to os_system.o(i.OS_TaskInit) for OS_TaskInit
    main.o(i.main) refers to main.o(i.UART1_Init) for UART1_Init
    main.o(i.main) refers to printf1.o(i.__0printf$1) for __2printf
    main.o(i.main) refers to gpio.o(i.GPIO_SetMode) for GPIO_SetMode
    main.o(i.main) refers to hal_task.o(i.hal_task_init) for hal_task_init
    main.o(i.main) refers to os_system.o(i.OS_CreatTask) for OS_CreatTask
    main.o(i.main) refers to os_system.o(i.OS_Start) for OS_Start
    main.o(i.main) refers to system_m0518.o(.data) for SystemCoreClock
    main.o(i.main) refers to hal_task.o(i.hal_task) for hal_task
    bpwm.o(i.BPWM_ConfigCaptureChannel) refers to bpwm.o(i.CLK_GetPLLClockFreq) for CLK_GetPLLClockFreq
    bpwm.o(i.BPWM_ConfigCaptureChannel) refers to system_m0518.o(i.SystemCoreClockUpdate) for SystemCoreClockUpdate
    bpwm.o(i.BPWM_ConfigCaptureChannel) refers to uidiv.o(.text) for __aeabi_uidivmod
    bpwm.o(i.BPWM_ConfigCaptureChannel) refers to system_m0518.o(.data) for SystemCoreClock
    bpwm.o(i.BPWM_ConfigOutputChannel) refers to bpwm.o(i.CLK_GetPLLClockFreq) for CLK_GetPLLClockFreq
    bpwm.o(i.BPWM_ConfigOutputChannel) refers to system_m0518.o(i.SystemCoreClockUpdate) for SystemCoreClockUpdate
    bpwm.o(i.BPWM_ConfigOutputChannel) refers to uidiv.o(.text) for __aeabi_uidivmod
    bpwm.o(i.BPWM_ConfigOutputChannel) refers to system_m0518.o(.data) for SystemCoreClock
    bpwm.o(i.CLK_GetPLLClockFreq) refers to uidiv.o(.text) for __aeabi_uidivmod
    clk.o(i.CLK_DisableCKO) refers to clk.o(i.CLK_DisableModuleClock) for CLK_DisableModuleClock
    clk.o(i.CLK_DisableModuleClock) refers to clk.o(.constdata) for .constdata
    clk.o(i.CLK_EnableModuleClock) refers to clk.o(.constdata) for .constdata
    clk.o(i.CLK_EnablePLL) refers to clk.o(i.CLK_WaitClockReady) for CLK_WaitClockReady
    clk.o(i.CLK_EnablePLL) refers to uidiv.o(.text) for __aeabi_uidivmod
    clk.o(i.CLK_EnablePLL) refers to clk.o(i.CLK_GetPLLClockFreq) for CLK_GetPLLClockFreq
    clk.o(i.CLK_GetCPUFreq) refers to system_m0518.o(i.SystemCoreClockUpdate) for SystemCoreClockUpdate
    clk.o(i.CLK_GetCPUFreq) refers to system_m0518.o(.data) for SystemCoreClock
    clk.o(i.CLK_GetHCLKFreq) refers to system_m0518.o(i.SystemCoreClockUpdate) for SystemCoreClockUpdate
    clk.o(i.CLK_GetHCLKFreq) refers to system_m0518.o(.data) for SystemCoreClock
    clk.o(i.CLK_GetPCLKFreq) refers to system_m0518.o(i.SystemCoreClockUpdate) for SystemCoreClockUpdate
    clk.o(i.CLK_GetPCLKFreq) refers to system_m0518.o(.data) for SystemCoreClock
    clk.o(i.CLK_GetPLLClockFreq) refers to uidiv.o(.text) for __aeabi_uidivmod
    clk.o(i.CLK_SetCoreClock) refers to clk.o(i.CLK_WaitClockReady) for CLK_WaitClockReady
    clk.o(i.CLK_SetCoreClock) refers to clk.o(i.CLK_EnablePLL) for CLK_EnablePLL
    clk.o(i.CLK_SetCoreClock) refers to clk.o(i.CLK_SetHCLK) for CLK_SetHCLK
    clk.o(i.CLK_SetHCLK) refers to clk.o(i.CLK_WaitClockReady) for CLK_WaitClockReady
    clk.o(i.CLK_SetHCLK) refers to system_m0518.o(i.SystemCoreClockUpdate) for SystemCoreClockUpdate
    clk.o(i.CLK_SetModuleClock) refers to clk.o(.constdata) for .constdata
    clk.o(i.CLK_WaitClockReady) refers to system_m0518.o(.data) for SystemCoreClock
    fmc.o(i.FMC_Read) refers to fmc.o(.data) for g_FMC_i32ErrCode
    fmc.o(i.FMC_Read) refers to system_m0518.o(.data) for SystemCoreClock
    fmc.o(i.FMC_ReadConfig) refers to fmc.o(i.FMC_Read) for FMC_Read
    fmc.o(i.FMC_ReadConfig) refers to fmc.o(.data) for g_FMC_i32ErrCode
    fmc.o(i.FMC_WriteConfig) refers to fmc.o(i.FMC_Read) for FMC_Read
    fmc.o(i.FMC_WriteConfig) refers to fmc.o(.data) for g_FMC_i32ErrCode
    fmc.o(i.FMC_WriteConfig) refers to system_m0518.o(.data) for SystemCoreClock
    i2c.o(i.I2C_GetBusClockFreq) refers to uidiv.o(.text) for __aeabi_uidivmod
    i2c.o(i.I2C_GetBusClockFreq) refers to system_m0518.o(.data) for SystemCoreClock
    i2c.o(i.I2C_Open) refers to uidiv.o(.text) for __aeabi_uidivmod
    i2c.o(i.I2C_Open) refers to system_m0518.o(.data) for SystemCoreClock
    i2c.o(i.I2C_SetBusClockFreq) refers to uidiv.o(.text) for __aeabi_uidivmod
    i2c.o(i.I2C_SetBusClockFreq) refers to system_m0518.o(.data) for SystemCoreClock
    pwm.o(i.CLK_GetPLLClockFreq) refers to uidiv.o(.text) for __aeabi_uidivmod
    pwm.o(i.PWM_ConfigCaptureChannel) refers to pwm.o(i.CLK_GetPLLClockFreq) for CLK_GetPLLClockFreq
    pwm.o(i.PWM_ConfigCaptureChannel) refers to system_m0518.o(i.SystemCoreClockUpdate) for SystemCoreClockUpdate
    pwm.o(i.PWM_ConfigCaptureChannel) refers to uidiv.o(.text) for __aeabi_uidivmod
    pwm.o(i.PWM_ConfigCaptureChannel) refers to system_m0518.o(.data) for SystemCoreClock
    pwm.o(i.PWM_ConfigOutputChannel) refers to pwm.o(i.CLK_GetPLLClockFreq) for CLK_GetPLLClockFreq
    pwm.o(i.PWM_ConfigOutputChannel) refers to system_m0518.o(i.SystemCoreClockUpdate) for SystemCoreClockUpdate
    pwm.o(i.PWM_ConfigOutputChannel) refers to uidiv.o(.text) for __aeabi_uidivmod
    pwm.o(i.PWM_ConfigOutputChannel) refers to system_m0518.o(.data) for SystemCoreClock
    retarget.o(i.ProcessHardFault) refers to printf1.o(i.__0printf$1) for __2printf
    retarget.o(i.SendChar) refers to retarget.o(i.SendChar_ToUART) for SendChar_ToUART
    retarget.o(i._ttywrch) refers to retarget.o(i.SendChar) for SendChar
    retarget.o(i.fgetc) refers to retarget.o(i.GetChar) for GetChar
    retarget.o(i.fputc) refers to retarget.o(i.SendChar) for SendChar
    spi.o(i.CLK_GetPLLClockFreq) refers to uidiv.o(.text) for __aeabi_uidivmod
    spi.o(i.SPI_GetBusClock) refers to clk.o(i.CLK_GetHCLKFreq) for CLK_GetHCLKFreq
    spi.o(i.SPI_GetBusClock) refers to spi.o(i.CLK_GetPLLClockFreq) for CLK_GetPLLClockFreq
    spi.o(i.SPI_GetBusClock) refers to uidiv.o(.text) for __aeabi_uidivmod
    spi.o(i.SPI_Open) refers to clk.o(i.CLK_GetHCLKFreq) for CLK_GetHCLKFreq
    spi.o(i.SPI_Open) refers to spi.o(i.CLK_GetPLLClockFreq) for CLK_GetPLLClockFreq
    spi.o(i.SPI_Open) refers to uidiv.o(.text) for __aeabi_uidivmod
    spi.o(i.SPI_SetBusClock) refers to clk.o(i.CLK_GetHCLKFreq) for CLK_GetHCLKFreq
    spi.o(i.SPI_SetBusClock) refers to spi.o(i.CLK_GetPLLClockFreq) for CLK_GetPLLClockFreq
    spi.o(i.SPI_SetBusClock) refers to uidiv.o(.text) for __aeabi_uidivmod
    timer.o(i.TIMER_Delay) refers to timer.o(i.TIMER_GetModuleClock) for TIMER_GetModuleClock
    timer.o(i.TIMER_Delay) refers to uidiv.o(.text) for __aeabi_uidivmod
    timer.o(i.TIMER_Delay) refers to system_m0518.o(.data) for SystemCoreClock
    timer.o(i.TIMER_GetModuleClock) refers to memcpya.o(.text) for __aeabi_memcpy4
    timer.o(i.TIMER_GetModuleClock) refers to timer.o(.constdata) for .constdata
    timer.o(i.TIMER_GetModuleClock) refers to system_m0518.o(.data) for SystemCoreClock
    timer.o(i.TIMER_Open) refers to timer.o(i.TIMER_GetModuleClock) for TIMER_GetModuleClock
    timer.o(i.TIMER_Open) refers to uidiv.o(.text) for __aeabi_uidivmod
    uart.o(i.CLK_GetPLLClockFreq) refers to uidiv.o(.text) for __aeabi_uidivmod
    uart.o(i.UART_DisableInt) refers to uart.o(i.NVIC_DisableIRQ) for NVIC_DisableIRQ
    uart.o(i.UART_EnableInt) refers to uart.o(i.NVIC_EnableIRQ) for NVIC_EnableIRQ
    uart.o(i.UART_Open) refers to uart.o(i.CLK_GetPLLClockFreq) for CLK_GetPLLClockFreq
    uart.o(i.UART_Open) refers to uidiv.o(.text) for __aeabi_uidivmod
    uart.o(i.UART_Open) refers to uart.o(.constdata) for .constdata
    uart.o(i.UART_SelectIrDAMode) refers to uart.o(i.CLK_GetPLLClockFreq) for CLK_GetPLLClockFreq
    uart.o(i.UART_SelectIrDAMode) refers to uidiv.o(.text) for __aeabi_uidivmod
    uart.o(i.UART_SelectIrDAMode) refers to uart.o(.constdata) for .constdata
    uart.o(i.UART_SetLine_Config) refers to uart.o(i.CLK_GetPLLClockFreq) for CLK_GetPLLClockFreq
    uart.o(i.UART_SetLine_Config) refers to uidiv.o(.text) for __aeabi_uidivmod
    uart.o(i.UART_SetLine_Config) refers to uart.o(.constdata) for .constdata
    cpu.o(i.SysTick_Handler) refers to os_system.o(i.OS_ClockInterruptHandle) for OS_ClockInterruptHandle
    cpu.o(i.hal_CPUInit) refers to cpu.o(i.hal_CoreClockInit) for hal_CoreClockInit
    cpu.o(i.hal_CPUInit) refers to os_system.o(i.OS_CPUInterruptCBSRegister) for OS_CPUInterruptCBSRegister
    cpu.o(i.hal_CPUInit) refers to cpu.o(i.hal_CPU_Critical_Control) for hal_CPU_Critical_Control
    cpu.o(i.hal_CPU_Critical_Control) refers to cpu.o(i.hal_getprimask) for hal_getprimask
    cpu.o(i.hal_CoreClockInit) refers to uidiv.o(.text) for __aeabi_uidivmod
    cpu.o(i.hal_CoreClockInit) refers to cpu.o(i.NVIC_SetPriority) for NVIC_SetPriority
    cpu.o(i.hal_CoreClockInit) refers to system_m0518.o(.data) for SystemCoreClock
    os_system.o(i.OS_CPUInterruptCBSRegister) refers to os_system.o(.data) for CPUInterrupptCtrlCBS
    os_system.o(i.OS_ClockInterruptHandle) refers to os_system.o(.bss) for OS_Task
    os_system.o(i.OS_CreatTask) refers to os_system.o(.bss) for OS_Task
    os_system.o(i.OS_Start) refers to os_system.o(.bss) for OS_Task
    os_system.o(i.OS_TaskGetUp) refers to os_system.o(.data) for CPUInterrupptCtrlCBS
    os_system.o(i.OS_TaskGetUp) refers to os_system.o(.bss) for OS_Task
    os_system.o(i.OS_TaskInit) refers to os_system.o(.bss) for OS_Task
    os_system.o(i.OS_TaskSleep) refers to os_system.o(.data) for CPUInterrupptCtrlCBS
    os_system.o(i.OS_TaskSleep) refers to os_system.o(.bss) for OS_Task
    os_system.o(i.S_QueueDataIn) refers to os_system.o(.data) for CPUInterrupptCtrlCBS
    os_system.o(i.S_QueueDataOut) refers to os_system.o(.data) for CPUInterrupptCtrlCBS
    hal_led.o(i.hal_Led1Turn) refers to hal_led.o(.data) for i
    hal_led.o(i.hal_LedConfig) refers to gpio.o(i.GPIO_SetMode) for GPIO_SetMode
    hal_led.o(i.hal_LedHandle) refers to hal_led.o(i.hal_Led1Turn) for hal_Led1Turn
    hal_led.o(i.hal_LedHandle) refers to hal_led.o(.data) for i
    hal_led.o(i.hal_LedInit) refers to hal_led.o(i.hal_LedConfig) for hal_LedConfig
    hal_task.o(i.hal_task) refers to hal_led.o(i.hal_LedHandle) for hal_LedHandle
    hal_task.o(i.hal_task_init) refers to hal_led.o(i.hal_LedInit) for hal_LedInit
    entry.o(.ARM.Collect$$$$00000000) refers (Special) to entry10a.o(.ARM.Collect$$$$0000000D) for __rt_final_cpp
    entry.o(.ARM.Collect$$$$00000000) refers (Special) to entry11a.o(.ARM.Collect$$$$0000000F) for __rt_final_exit
    entry.o(.ARM.Collect$$$$00000000) refers (Special) to entry7b.o(.ARM.Collect$$$$00000008) for _main_clock
    entry.o(.ARM.Collect$$$$00000000) refers (Special) to entry8b.o(.ARM.Collect$$$$0000000A) for _main_cpp_init
    entry.o(.ARM.Collect$$$$00000000) refers (Special) to entry9a.o(.ARM.Collect$$$$0000000B) for _main_init
    entry.o(.ARM.Collect$$$$00000000) refers (Special) to entry5.o(.ARM.Collect$$$$00000004) for _main_scatterload
    entry.o(.ARM.Collect$$$$00000000) refers (Special) to entry2.o(.ARM.Collect$$$$00000001) for _main_stk
    printfb.o(i.__0fprintf$bare) refers to printfb.o(i._printf_core) for _printf_core
    printfb.o(i.__0fprintf$bare) refers to retarget.o(i.fputc) for fputc
    printfb.o(i.__0printf$bare) refers to printfb.o(i._printf_core) for _printf_core
    printfb.o(i.__0printf$bare) refers to retarget.o(i.fputc) for fputc
    printfb.o(i.__0printf$bare) refers to retarget.o(.data) for __stdout
    printfb.o(i.__0snprintf$bare) refers to printfb.o(i._printf_core) for _printf_core
    printfb.o(i.__0snprintf$bare) refers to printfb.o(i._snputc) for _snputc
    printfb.o(i.__0sprintf$bare) refers to printfb.o(i._printf_core) for _printf_core
    printfb.o(i.__0sprintf$bare) refers to printfb.o(i._sputc) for _sputc
    printfb.o(i.__0vfprintf$bare) refers to printfb.o(i._printf_core) for _printf_core
    printfb.o(i.__0vfprintf$bare) refers to retarget.o(i.fputc) for fputc
    printfb.o(i.__0vprintf$bare) refers to printfb.o(i._printf_core) for _printf_core
    printfb.o(i.__0vprintf$bare) refers to retarget.o(i.fputc) for fputc
    printfb.o(i.__0vprintf$bare) refers to retarget.o(.data) for __stdout
    printfb.o(i.__0vsnprintf$bare) refers to printfb.o(i._printf_core) for _printf_core
    printfb.o(i.__0vsnprintf$bare) refers to printfb.o(i._snputc) for _snputc
    printfb.o(i.__0vsprintf$bare) refers to printfb.o(i._printf_core) for _printf_core
    printfb.o(i.__0vsprintf$bare) refers to printfb.o(i._sputc) for _sputc
    printf0.o(i.__0fprintf$0) refers to printf0.o(i._printf_core) for _printf_core
    printf0.o(i.__0fprintf$0) refers to retarget.o(i.fputc) for fputc
    printf0.o(i.__0printf$0) refers to printf0.o(i._printf_core) for _printf_core
    printf0.o(i.__0printf$0) refers to retarget.o(i.fputc) for fputc
    printf0.o(i.__0printf$0) refers to retarget.o(.data) for __stdout
    printf0.o(i.__0snprintf$0) refers to printf0.o(i._printf_core) for _printf_core
    printf0.o(i.__0snprintf$0) refers to printf0.o(i._snputc) for _snputc
    printf0.o(i.__0sprintf$0) refers to printf0.o(i._printf_core) for _printf_core
    printf0.o(i.__0sprintf$0) refers to printf0.o(i._sputc) for _sputc
    printf0.o(i.__0vfprintf$0) refers to printf0.o(i._printf_core) for _printf_core
    printf0.o(i.__0vfprintf$0) refers to retarget.o(i.fputc) for fputc
    printf0.o(i.__0vprintf$0) refers to printf0.o(i._printf_core) for _printf_core
    printf0.o(i.__0vprintf$0) refers to retarget.o(i.fputc) for fputc
    printf0.o(i.__0vprintf$0) refers to retarget.o(.data) for __stdout
    printf0.o(i.__0vsnprintf$0) refers to printf0.o(i._printf_core) for _printf_core
    printf0.o(i.__0vsnprintf$0) refers to printf0.o(i._snputc) for _snputc
    printf0.o(i.__0vsprintf$0) refers to printf0.o(i._printf_core) for _printf_core
    printf0.o(i.__0vsprintf$0) refers to printf0.o(i._sputc) for _sputc
    printf1.o(i.__0fprintf$1) refers to printf1.o(i._printf_core) for _printf_core
    printf1.o(i.__0fprintf$1) refers to retarget.o(i.fputc) for fputc
    printf1.o(i.__0printf$1) refers to printf1.o(i._printf_core) for _printf_core
    printf1.o(i.__0printf$1) refers to retarget.o(i.fputc) for fputc
    printf1.o(i.__0printf$1) refers to retarget.o(.data) for __stdout
    printf1.o(i.__0snprintf$1) refers to printf1.o(i._printf_core) for _printf_core
    printf1.o(i.__0snprintf$1) refers to printf1.o(i._snputc) for _snputc
    printf1.o(i.__0sprintf$1) refers to printf1.o(i._printf_core) for _printf_core
    printf1.o(i.__0sprintf$1) refers to printf1.o(i._sputc) for _sputc
    printf1.o(i.__0vfprintf$1) refers to printf1.o(i._printf_core) for _printf_core
    printf1.o(i.__0vfprintf$1) refers to retarget.o(i.fputc) for fputc
    printf1.o(i.__0vprintf$1) refers to printf1.o(i._printf_core) for _printf_core
    printf1.o(i.__0vprintf$1) refers to retarget.o(i.fputc) for fputc
    printf1.o(i.__0vprintf$1) refers to retarget.o(.data) for __stdout
    printf1.o(i.__0vsnprintf$1) refers to printf1.o(i._printf_core) for _printf_core
    printf1.o(i.__0vsnprintf$1) refers to printf1.o(i._snputc) for _snputc
    printf1.o(i.__0vsprintf$1) refers to printf1.o(i._printf_core) for _printf_core
    printf1.o(i.__0vsprintf$1) refers to printf1.o(i._sputc) for _sputc
    printf1.o(i._printf_core) refers to uidiv.o(.text) for __aeabi_uidivmod
    printf2.o(i.__0fprintf$2) refers to printf2.o(i._printf_core) for _printf_core
    printf2.o(i.__0fprintf$2) refers to retarget.o(i.fputc) for fputc
    printf2.o(i.__0printf$2) refers to printf2.o(i._printf_core) for _printf_core
    printf2.o(i.__0printf$2) refers to retarget.o(i.fputc) for fputc
    printf2.o(i.__0printf$2) refers to retarget.o(.data) for __stdout
    printf2.o(i.__0snprintf$2) refers to printf2.o(i._printf_core) for _printf_core
    printf2.o(i.__0snprintf$2) refers to printf2.o(i._snputc) for _snputc
    printf2.o(i.__0sprintf$2) refers to printf2.o(i._printf_core) for _printf_core
    printf2.o(i.__0sprintf$2) refers to printf2.o(i._sputc) for _sputc
    printf2.o(i.__0vfprintf$2) refers to printf2.o(i._printf_core) for _printf_core
    printf2.o(i.__0vfprintf$2) refers to retarget.o(i.fputc) for fputc
    printf2.o(i.__0vprintf$2) refers to printf2.o(i._printf_core) for _printf_core
    printf2.o(i.__0vprintf$2) refers to retarget.o(i.fputc) for fputc
    printf2.o(i.__0vprintf$2) refers to retarget.o(.data) for __stdout
    printf2.o(i.__0vsnprintf$2) refers to printf2.o(i._printf_core) for _printf_core
    printf2.o(i.__0vsnprintf$2) refers to printf2.o(i._snputc) for _snputc
    printf2.o(i.__0vsprintf$2) refers to printf2.o(i._printf_core) for _printf_core
    printf2.o(i.__0vsprintf$2) refers to printf2.o(i._sputc) for _sputc
    printf3.o(i.__0fprintf$3) refers to printf3.o(i._printf_core) for _printf_core
    printf3.o(i.__0fprintf$3) refers to retarget.o(i.fputc) for fputc
    printf3.o(i.__0printf$3) refers to printf3.o(i._printf_core) for _printf_core
    printf3.o(i.__0printf$3) refers to retarget.o(i.fputc) for fputc
    printf3.o(i.__0printf$3) refers to retarget.o(.data) for __stdout
    printf3.o(i.__0snprintf$3) refers to printf3.o(i._printf_core) for _printf_core
    printf3.o(i.__0snprintf$3) refers to printf3.o(i._snputc) for _snputc
    printf3.o(i.__0sprintf$3) refers to printf3.o(i._printf_core) for _printf_core
    printf3.o(i.__0sprintf$3) refers to printf3.o(i._sputc) for _sputc
    printf3.o(i.__0vfprintf$3) refers to printf3.o(i._printf_core) for _printf_core
    printf3.o(i.__0vfprintf$3) refers to retarget.o(i.fputc) for fputc
    printf3.o(i.__0vprintf$3) refers to printf3.o(i._printf_core) for _printf_core
    printf3.o(i.__0vprintf$3) refers to retarget.o(i.fputc) for fputc
    printf3.o(i.__0vprintf$3) refers to retarget.o(.data) for __stdout
    printf3.o(i.__0vsnprintf$3) refers to printf3.o(i._printf_core) for _printf_core
    printf3.o(i.__0vsnprintf$3) refers to printf3.o(i._snputc) for _snputc
    printf3.o(i.__0vsprintf$3) refers to printf3.o(i._printf_core) for _printf_core
    printf3.o(i.__0vsprintf$3) refers to printf3.o(i._sputc) for _sputc
    printf3.o(i._printf_core) refers to uidiv.o(.text) for __aeabi_uidivmod
    printf4.o(i.__0fprintf$4) refers to printf4.o(i._printf_core) for _printf_core
    printf4.o(i.__0fprintf$4) refers to retarget.o(i.fputc) for fputc
    printf4.o(i.__0printf$4) refers to printf4.o(i._printf_core) for _printf_core
    printf4.o(i.__0printf$4) refers to retarget.o(i.fputc) for fputc
    printf4.o(i.__0printf$4) refers to retarget.o(.data) for __stdout
    printf4.o(i.__0snprintf$4) refers to printf4.o(i._printf_core) for _printf_core
    printf4.o(i.__0snprintf$4) refers to printf4.o(i._snputc) for _snputc
    printf4.o(i.__0sprintf$4) refers to printf4.o(i._printf_core) for _printf_core
    printf4.o(i.__0sprintf$4) refers to printf4.o(i._sputc) for _sputc
    printf4.o(i.__0vfprintf$4) refers to printf4.o(i._printf_core) for _printf_core
    printf4.o(i.__0vfprintf$4) refers to retarget.o(i.fputc) for fputc
    printf4.o(i.__0vprintf$4) refers to printf4.o(i._printf_core) for _printf_core
    printf4.o(i.__0vprintf$4) refers to retarget.o(i.fputc) for fputc
    printf4.o(i.__0vprintf$4) refers to retarget.o(.data) for __stdout
    printf4.o(i.__0vsnprintf$4) refers to printf4.o(i._printf_core) for _printf_core
    printf4.o(i.__0vsnprintf$4) refers to printf4.o(i._snputc) for _snputc
    printf4.o(i.__0vsprintf$4) refers to printf4.o(i._printf_core) for _printf_core
    printf4.o(i.__0vsprintf$4) refers to printf4.o(i._sputc) for _sputc
    printf4.o(i._printf_core) refers to uldiv.o(.text) for __aeabi_uldivmod
    printf5.o(i.__0fprintf$5) refers to printf5.o(i._printf_core) for _printf_core
    printf5.o(i.__0fprintf$5) refers to retarget.o(i.fputc) for fputc
    printf5.o(i.__0printf$5) refers to printf5.o(i._printf_core) for _printf_core
    printf5.o(i.__0printf$5) refers to retarget.o(i.fputc) for fputc
    printf5.o(i.__0printf$5) refers to retarget.o(.data) for __stdout
    printf5.o(i.__0snprintf$5) refers to printf5.o(i._printf_core) for _printf_core
    printf5.o(i.__0snprintf$5) refers to printf5.o(i._snputc) for _snputc
    printf5.o(i.__0sprintf$5) refers to printf5.o(i._printf_core) for _printf_core
    printf5.o(i.__0sprintf$5) refers to printf5.o(i._sputc) for _sputc
    printf5.o(i.__0vfprintf$5) refers to printf5.o(i._printf_core) for _printf_core
    printf5.o(i.__0vfprintf$5) refers to retarget.o(i.fputc) for fputc
    printf5.o(i.__0vprintf$5) refers to printf5.o(i._printf_core) for _printf_core
    printf5.o(i.__0vprintf$5) refers to retarget.o(i.fputc) for fputc
    printf5.o(i.__0vprintf$5) refers to retarget.o(.data) for __stdout
    printf5.o(i.__0vsnprintf$5) refers to printf5.o(i._printf_core) for _printf_core
    printf5.o(i.__0vsnprintf$5) refers to printf5.o(i._snputc) for _snputc
    printf5.o(i.__0vsprintf$5) refers to printf5.o(i._printf_core) for _printf_core
    printf5.o(i.__0vsprintf$5) refers to printf5.o(i._sputc) for _sputc
    printf5.o(i._printf_core) refers to uldiv.o(.text) for __aeabi_uldivmod
    printf6.o(i.__0fprintf$6) refers to printf6.o(i._printf_core) for _printf_core
    printf6.o(i.__0fprintf$6) refers to retarget.o(i.fputc) for fputc
    printf6.o(i.__0printf$6) refers to printf6.o(i._printf_core) for _printf_core
    printf6.o(i.__0printf$6) refers to retarget.o(i.fputc) for fputc
    printf6.o(i.__0printf$6) refers to retarget.o(.data) for __stdout
    printf6.o(i.__0snprintf$6) refers to printf6.o(i._printf_core) for _printf_core
    printf6.o(i.__0snprintf$6) refers to printf6.o(i._snputc) for _snputc
    printf6.o(i.__0sprintf$6) refers to printf6.o(i._printf_core) for _printf_core
    printf6.o(i.__0sprintf$6) refers to printf6.o(i._sputc) for _sputc
    printf6.o(i.__0vfprintf$6) refers to printf6.o(i._printf_core) for _printf_core
    printf6.o(i.__0vfprintf$6) refers to retarget.o(i.fputc) for fputc
    printf6.o(i.__0vprintf$6) refers to printf6.o(i._printf_core) for _printf_core
    printf6.o(i.__0vprintf$6) refers to retarget.o(i.fputc) for fputc
    printf6.o(i.__0vprintf$6) refers to retarget.o(.data) for __stdout
    printf6.o(i.__0vsnprintf$6) refers to printf6.o(i._printf_core) for _printf_core
    printf6.o(i.__0vsnprintf$6) refers to printf6.o(i._snputc) for _snputc
    printf6.o(i.__0vsprintf$6) refers to printf6.o(i._printf_core) for _printf_core
    printf6.o(i.__0vsprintf$6) refers to printf6.o(i._sputc) for _sputc
    printf6.o(i._printf_core) refers to printf6.o(i._printf_pre_padding) for _printf_pre_padding
    printf6.o(i._printf_core) refers to printf6.o(i._printf_post_padding) for _printf_post_padding
    printf6.o(i._printf_core) refers to uidiv.o(.text) for __aeabi_uidivmod
    printf7.o(i.__0fprintf$7) refers to printf7.o(i._printf_core) for _printf_core
    printf7.o(i.__0fprintf$7) refers to retarget.o(i.fputc) for fputc
    printf7.o(i.__0printf$7) refers to printf7.o(i._printf_core) for _printf_core
    printf7.o(i.__0printf$7) refers to retarget.o(i.fputc) for fputc
    printf7.o(i.__0printf$7) refers to retarget.o(.data) for __stdout
    printf7.o(i.__0snprintf$7) refers to printf7.o(i._printf_core) for _printf_core
    printf7.o(i.__0snprintf$7) refers to printf7.o(i._snputc) for _snputc
    printf7.o(i.__0sprintf$7) refers to printf7.o(i._printf_core) for _printf_core
    printf7.o(i.__0sprintf$7) refers to printf7.o(i._sputc) for _sputc
    printf7.o(i.__0vfprintf$7) refers to printf7.o(i._printf_core) for _printf_core
    printf7.o(i.__0vfprintf$7) refers to retarget.o(i.fputc) for fputc
    printf7.o(i.__0vprintf$7) refers to printf7.o(i._printf_core) for _printf_core
    printf7.o(i.__0vprintf$7) refers to retarget.o(i.fputc) for fputc
    printf7.o(i.__0vprintf$7) refers to retarget.o(.data) for __stdout
    printf7.o(i.__0vsnprintf$7) refers to printf7.o(i._printf_core) for _printf_core
    printf7.o(i.__0vsnprintf$7) refers to printf7.o(i._snputc) for _snputc
    printf7.o(i.__0vsprintf$7) refers to printf7.o(i._printf_core) for _printf_core
    printf7.o(i.__0vsprintf$7) refers to printf7.o(i._sputc) for _sputc
    printf7.o(i._printf_core) refers to printf7.o(i._printf_pre_padding) for _printf_pre_padding
    printf7.o(i._printf_core) refers to printf7.o(i._printf_post_padding) for _printf_post_padding
    printf7.o(i._printf_core) refers to uldiv.o(.text) for __aeabi_uldivmod
    printf8.o(i.__0fprintf$8) refers to printf8.o(i._printf_core) for _printf_core
    printf8.o(i.__0fprintf$8) refers to retarget.o(i.fputc) for fputc
    printf8.o(i.__0printf$8) refers to printf8.o(i._printf_core) for _printf_core
    printf8.o(i.__0printf$8) refers to retarget.o(i.fputc) for fputc
    printf8.o(i.__0printf$8) refers to retarget.o(.data) for __stdout
    printf8.o(i.__0snprintf$8) refers to printf8.o(i._printf_core) for _printf_core
    printf8.o(i.__0snprintf$8) refers to printf8.o(i._snputc) for _snputc
    printf8.o(i.__0sprintf$8) refers to printf8.o(i._printf_core) for _printf_core
    printf8.o(i.__0sprintf$8) refers to printf8.o(i._sputc) for _sputc
    printf8.o(i.__0vfprintf$8) refers to printf8.o(i._printf_core) for _printf_core
    printf8.o(i.__0vfprintf$8) refers to retarget.o(i.fputc) for fputc
    printf8.o(i.__0vprintf$8) refers to printf8.o(i._printf_core) for _printf_core
    printf8.o(i.__0vprintf$8) refers to retarget.o(i.fputc) for fputc
    printf8.o(i.__0vprintf$8) refers to retarget.o(.data) for __stdout
    printf8.o(i.__0vsnprintf$8) refers to printf8.o(i._printf_core) for _printf_core
    printf8.o(i.__0vsnprintf$8) refers to printf8.o(i._snputc) for _snputc
    printf8.o(i.__0vsprintf$8) refers to printf8.o(i._printf_core) for _printf_core
    printf8.o(i.__0vsprintf$8) refers to printf8.o(i._sputc) for _sputc
    printf8.o(i._printf_core) refers to printf8.o(i._printf_pre_padding) for _printf_pre_padding
    printf8.o(i._printf_core) refers to printf8.o(i._printf_post_padding) for _printf_post_padding
    printf8.o(i._printf_core) refers to uldiv.o(.text) for __aeabi_uldivmod
    printfa.o(i.__0fprintf) refers (Special) to iusefp.o(.text) for __I$use$fp
    printfa.o(i.__0fprintf) refers to printfa.o(i._printf_core) for _printf_core
    printfa.o(i.__0fprintf) refers to retarget.o(i.fputc) for fputc
    printfa.o(i.__0printf) refers (Special) to iusefp.o(.text) for __I$use$fp
    printfa.o(i.__0printf) refers to printfa.o(i._printf_core) for _printf_core
    printfa.o(i.__0printf) refers to retarget.o(i.fputc) for fputc
    printfa.o(i.__0printf) refers to retarget.o(.data) for __stdout
    printfa.o(i.__0snprintf) refers (Special) to iusefp.o(.text) for __I$use$fp
    printfa.o(i.__0snprintf) refers to printfa.o(i._printf_core) for _printf_core
    printfa.o(i.__0snprintf) refers to printfa.o(i._snputc) for _snputc
    printfa.o(i.__0sprintf) refers (Special) to iusefp.o(.text) for __I$use$fp
    printfa.o(i.__0sprintf) refers to printfa.o(i._printf_core) for _printf_core
    printfa.o(i.__0sprintf) refers to printfa.o(i._sputc) for _sputc
    printfa.o(i.__0vfprintf) refers (Special) to iusefp.o(.text) for __I$use$fp
    printfa.o(i.__0vfprintf) refers to printfa.o(i._printf_core) for _printf_core
    printfa.o(i.__0vfprintf) refers to retarget.o(i.fputc) for fputc
    printfa.o(i.__0vprintf) refers (Special) to iusefp.o(.text) for __I$use$fp
    printfa.o(i.__0vprintf) refers to printfa.o(i._printf_core) for _printf_core
    printfa.o(i.__0vprintf) refers to retarget.o(i.fputc) for fputc
    printfa.o(i.__0vprintf) refers to retarget.o(.data) for __stdout
    printfa.o(i.__0vsnprintf) refers (Special) to iusefp.o(.text) for __I$use$fp
    printfa.o(i.__0vsnprintf) refers to printfa.o(i._printf_core) for _printf_core
    printfa.o(i.__0vsnprintf) refers to printfa.o(i._snputc) for _snputc
    printfa.o(i.__0vsprintf) refers (Special) to iusefp.o(.text) for __I$use$fp
    printfa.o(i.__0vsprintf) refers to printfa.o(i._printf_core) for _printf_core
    printfa.o(i.__0vsprintf) refers to printfa.o(i._sputc) for _sputc
    printfa.o(i._fp_digits) refers (Special) to iusefp.o(.text) for __I$use$fp
    printfa.o(i._fp_digits) refers to dmul.o(.text) for __aeabi_dmul
    printfa.o(i._fp_digits) refers to ddiv.o(.text) for __aeabi_ddiv
    printfa.o(i._fp_digits) refers to cdrcmple.o(.text) for __aeabi_cdrcmple
    printfa.o(i._fp_digits) refers to dadd.o(.text) for __aeabi_dadd
    printfa.o(i._fp_digits) refers to dfixul.o(.text) for __aeabi_d2ulz
    printfa.o(i._fp_digits) refers to uldiv.o(.text) for __aeabi_uldivmod
    printfa.o(i._printf_core) refers (Special) to iusefp.o(.text) for __I$use$fp
    printfa.o(i._printf_core) refers to printfa.o(i._printf_pre_padding) for _printf_pre_padding
    printfa.o(i._printf_core) refers to uldiv.o(.text) for __aeabi_uldivmod
    printfa.o(i._printf_core) refers to printfa.o(i._printf_post_padding) for _printf_post_padding
    printfa.o(i._printf_core) refers to printfa.o(i._fp_digits) for _fp_digits
    printfa.o(i._printf_core) refers to uidiv.o(.text) for __aeabi_uidivmod
    printfa.o(i._printf_post_padding) refers (Special) to iusefp.o(.text) for __I$use$fp
    printfa.o(i._printf_pre_padding) refers (Special) to iusefp.o(.text) for __I$use$fp
    printfa.o(i._snputc) refers (Special) to iusefp.o(.text) for __I$use$fp
    printfa.o(i._sputc) refers (Special) to iusefp.o(.text) for __I$use$fp
    entry2.o(.ARM.Collect$$$$00000001) refers to entry2.o(.ARM.Collect$$$$00002712) for __lit__00000000
    entry2.o(.ARM.Collect$$$$00002712) refers to startup_m0518.o(STACK) for __initial_sp
    entry2.o(__vectab_stack_and_reset_area) refers to startup_m0518.o(STACK) for __initial_sp
    entry2.o(__vectab_stack_and_reset_area) refers to entry.o(.ARM.Collect$$$$00000000) for __main
    entry5.o(.ARM.Collect$$$$00000004) refers to init.o(.text) for __scatterload
    entry9a.o(.ARM.Collect$$$$0000000B) refers to main.o(i.main) for main
    entry9b.o(.ARM.Collect$$$$0000000C) refers to main.o(i.main) for main
    uldiv.o(.text) refers to llushr.o(.text) for __aeabi_llsr
    uldiv.o(.text) refers to llshl.o(.text) for __aeabi_llsl
    dadd.o(.text) refers to llshl.o(.text) for __aeabi_llsl
    dadd.o(.text) refers to llsshr.o(.text) for __aeabi_lasr
    dadd.o(.text) refers to depilogue.o(.text) for _double_epilogue
    dmul.o(.text) refers to depilogue.o(.text) for _double_epilogue
    ddiv.o(.text) refers to depilogue.o(.text) for _double_round
    dfixul.o(.text) refers to llushr.o(.text) for __aeabi_llsr
    dfixul.o(.text) refers to llshl.o(.text) for __aeabi_llsl
    init.o(.text) refers to entry5.o(.ARM.Collect$$$$00000004) for __main_after_scatterload
    depilogue.o(.text) refers to depilogue.o(i.__ARM_clz) for __ARM_clz
    depilogue.o(.text) refers to llshl.o(.text) for __aeabi_llsl
    depilogue.o(.text) refers to llushr.o(.text) for __aeabi_llsr


==============================================================================

Removing Unused input sections from the image.

    Removing startup_m0518.o(HEAP), (0 bytes).
    Removing system_m0518.o(.rev16_text), (4 bytes).
    Removing system_m0518.o(.revsh_text), (4 bytes).
    Removing main.o(.rev16_text), (4 bytes).
    Removing main.o(.revsh_text), (4 bytes).
    Removing main.o(i.Delay), (28 bytes).
    Removing adc.o(.rev16_text), (4 bytes).
    Removing adc.o(.revsh_text), (4 bytes).
    Removing adc.o(i.ADC_Close), (10 bytes).
    Removing adc.o(i.ADC_DisableHWTrigger), (12 bytes).
    Removing adc.o(i.ADC_DisableInt), (50 bytes).
    Removing adc.o(i.ADC_EnableHWTrigger), (30 bytes).
    Removing adc.o(i.ADC_EnableInt), (50 bytes).
    Removing adc.o(i.ADC_Open), (32 bytes).
    Removing bpwm.o(.rev16_text), (4 bytes).
    Removing bpwm.o(.revsh_text), (4 bytes).
    Removing bpwm.o(i.BPWM_ClearADCTriggerFlag), (16 bytes).
    Removing bpwm.o(i.BPWM_ClearCaptureIntFlag), (14 bytes).
    Removing bpwm.o(i.BPWM_ClearDutyIntFlag), (16 bytes).
    Removing bpwm.o(i.BPWM_ClearPeriodIntFlag), (10 bytes).
    Removing bpwm.o(i.BPWM_ClearWrapAroundFlag), (10 bytes).
    Removing bpwm.o(i.BPWM_ClearZeroIntFlag), (8 bytes).
    Removing bpwm.o(i.BPWM_ConfigCaptureChannel), (188 bytes).
    Removing bpwm.o(i.BPWM_ConfigOutputChannel), (360 bytes).
    Removing bpwm.o(i.BPWM_DisableADCTrigger), (44 bytes).
    Removing bpwm.o(i.BPWM_DisableCapture), (26 bytes).
    Removing bpwm.o(i.BPWM_DisableCaptureInt), (22 bytes).
    Removing bpwm.o(i.BPWM_DisableDutyInt), (20 bytes).
    Removing bpwm.o(i.BPWM_DisableLoadMode), (14 bytes).
    Removing bpwm.o(i.BPWM_DisableOutput), (12 bytes).
    Removing bpwm.o(i.BPWM_DisablePeriodInt), (16 bytes).
    Removing bpwm.o(i.BPWM_DisableZeroInt), (14 bytes).
    Removing bpwm.o(i.BPWM_EnableADCTrigger), (82 bytes).
    Removing bpwm.o(i.BPWM_EnableCapture), (26 bytes).
    Removing bpwm.o(i.BPWM_EnableCaptureInt), (22 bytes).
    Removing bpwm.o(i.BPWM_EnableDutyInt), (18 bytes).
    Removing bpwm.o(i.BPWM_EnableLoadMode), (14 bytes).
    Removing bpwm.o(i.BPWM_EnableOutput), (12 bytes).
    Removing bpwm.o(i.BPWM_EnablePeriodInt), (18 bytes).
    Removing bpwm.o(i.BPWM_EnableZeroInt), (14 bytes).
    Removing bpwm.o(i.BPWM_ForceStop), (10 bytes).
    Removing bpwm.o(i.BPWM_GetADCTriggerFlag), (28 bytes).
    Removing bpwm.o(i.BPWM_GetCaptureIntFlag), (56 bytes).
    Removing bpwm.o(i.BPWM_GetDutyIntFlag), (28 bytes).
    Removing bpwm.o(i.BPWM_GetPeriodIntFlag), (16 bytes).
    Removing bpwm.o(i.BPWM_GetWrapAroundFlag), (14 bytes).
    Removing bpwm.o(i.BPWM_GetZeroIntFlag), (12 bytes).
    Removing bpwm.o(i.BPWM_SetClockSource), (4 bytes).
    Removing bpwm.o(i.BPWM_Start), (6 bytes).
    Removing bpwm.o(i.BPWM_Stop), (6 bytes).
    Removing bpwm.o(i.CLK_GetPLLClockFreq), (128 bytes).
    Removing clk.o(.rev16_text), (4 bytes).
    Removing clk.o(.revsh_text), (4 bytes).
    Removing clk.o(i.CLK_DisableCKO), (16 bytes).
    Removing clk.o(i.CLK_DisableModuleClock), (60 bytes).
    Removing clk.o(i.CLK_DisablePLL), (20 bytes).
    Removing clk.o(i.CLK_DisableSysTick), (12 bytes).
    Removing clk.o(i.CLK_DisableXtalRC), (16 bytes).
    Removing clk.o(i.CLK_EnableCKO), (48 bytes).
    Removing clk.o(i.CLK_EnableSysTick), (84 bytes).
    Removing clk.o(i.CLK_GetCPUFreq), (16 bytes).
    Removing clk.o(i.CLK_GetHCLKFreq), (16 bytes).
    Removing clk.o(i.CLK_GetHXTFreq), (28 bytes).
    Removing clk.o(i.CLK_GetPCLKFreq), (16 bytes).
    Removing clk.o(i.CLK_Idle), (36 bytes).
    Removing clk.o(i.CLK_PowerDown), (40 bytes).
    Removing clk.o(i.CLK_SetSysTickClockSrc), (20 bytes).
    Removing fmc.o(.rev16_text), (4 bytes).
    Removing fmc.o(.revsh_text), (4 bytes).
    Removing fmc.o(i.FMC_Close), (20 bytes).
    Removing fmc.o(i.FMC_DisableAPUpdate), (20 bytes).
    Removing fmc.o(i.FMC_DisableConfigUpdate), (20 bytes).
    Removing fmc.o(i.FMC_DisableLDUpdate), (20 bytes).
    Removing fmc.o(i.FMC_EnableAPUpdate), (20 bytes).
    Removing fmc.o(i.FMC_EnableConfigUpdate), (20 bytes).
    Removing fmc.o(i.FMC_EnableLDUpdate), (20 bytes).
    Removing fmc.o(i.FMC_GetBootSource), (24 bytes).
    Removing fmc.o(i.FMC_Open), (20 bytes).
    Removing fmc.o(i.FMC_Read), (72 bytes).
    Removing fmc.o(i.FMC_ReadConfig), (60 bytes).
    Removing fmc.o(i.FMC_ReadDataFlashBaseAddr), (12 bytes).
    Removing fmc.o(i.FMC_SetBootSource), (36 bytes).
    Removing fmc.o(i.FMC_WriteConfig), (164 bytes).
    Removing fmc.o(.data), (4 bytes).
    Removing gpio.o(.rev16_text), (4 bytes).
    Removing gpio.o(.revsh_text), (4 bytes).
    Removing gpio.o(i.GPIO_DisableInt), (28 bytes).
    Removing gpio.o(i.GPIO_EnableInt), (44 bytes).
    Removing i2c.o(.rev16_text), (4 bytes).
    Removing i2c.o(.revsh_text), (4 bytes).
    Removing i2c.o(i.I2C_ClearTimeoutFlag), (10 bytes).
    Removing i2c.o(i.I2C_Close), (92 bytes).
    Removing i2c.o(i.I2C_DisableInt), (10 bytes).
    Removing i2c.o(i.I2C_DisableTimeout), (10 bytes).
    Removing i2c.o(i.I2C_DisableWakeup), (10 bytes).
    Removing i2c.o(i.I2C_EnableInt), (10 bytes).
    Removing i2c.o(i.I2C_EnableTimeout), (32 bytes).
    Removing i2c.o(i.I2C_EnableWakeup), (10 bytes).
    Removing i2c.o(i.I2C_GetBusClockFreq), (24 bytes).
    Removing i2c.o(i.I2C_GetData), (8 bytes).
    Removing i2c.o(i.I2C_GetIntFlag), (12 bytes).
    Removing i2c.o(i.I2C_GetStatus), (6 bytes).
    Removing i2c.o(i.I2C_Open), (64 bytes).
    Removing i2c.o(i.I2C_SetBusClockFreq), (56 bytes).
    Removing i2c.o(i.I2C_SetData), (4 bytes).
    Removing i2c.o(i.I2C_SetSlaveAddr), (58 bytes).
    Removing i2c.o(i.I2C_SetSlaveAddrMask), (48 bytes).
    Removing i2c.o(i.I2C_Trigger), (50 bytes).
    Removing pwm.o(.rev16_text), (4 bytes).
    Removing pwm.o(.revsh_text), (4 bytes).
    Removing pwm.o(i.CLK_GetPLLClockFreq), (128 bytes).
    Removing pwm.o(i.PWM_ClearADCTriggerFlag), (16 bytes).
    Removing pwm.o(i.PWM_ClearCaptureIntFlag), (14 bytes).
    Removing pwm.o(i.PWM_ClearDutyIntFlag), (16 bytes).
    Removing pwm.o(i.PWM_ClearFaultBrakeIntFlag), (10 bytes).
    Removing pwm.o(i.PWM_ClearPeriodIntFlag), (16 bytes).
    Removing pwm.o(i.PWM_ClearWrapAroundFlag), (16 bytes).
    Removing pwm.o(i.PWM_ClearZeroIntFlag), (14 bytes).
    Removing pwm.o(i.PWM_ConfigCaptureChannel), (228 bytes).
    Removing pwm.o(i.PWM_ConfigOutputChannel), (396 bytes).
    Removing pwm.o(i.PWM_DisableADCTrigger), (44 bytes).
    Removing pwm.o(i.PWM_DisableBrakeNoiseFilter), (20 bytes).
    Removing pwm.o(i.PWM_DisableBrakePinInverse), (20 bytes).
    Removing pwm.o(i.PWM_DisableCapture), (26 bytes).
    Removing pwm.o(i.PWM_DisableCaptureInt), (22 bytes).
    Removing pwm.o(i.PWM_DisableDeadZone), (30 bytes).
    Removing pwm.o(i.PWM_DisableDutyInt), (20 bytes).
    Removing pwm.o(i.PWM_DisableFaultBrakeInt), (16 bytes).
    Removing pwm.o(i.PWM_DisableLoadMode), (14 bytes).
    Removing pwm.o(i.PWM_DisableOutput), (12 bytes).
    Removing pwm.o(i.PWM_DisablePeriodInt), (24 bytes).
    Removing pwm.o(i.PWM_DisableZeroInt), (22 bytes).
    Removing pwm.o(i.PWM_EnableADCTrigger), (82 bytes).
    Removing pwm.o(i.PWM_EnableBrakeNoiseFilter), (34 bytes).
    Removing pwm.o(i.PWM_EnableBrakePinInverse), (20 bytes).
    Removing pwm.o(i.PWM_EnableCapture), (26 bytes).
    Removing pwm.o(i.PWM_EnableCaptureInt), (22 bytes).
    Removing pwm.o(i.PWM_EnableDeadZone), (56 bytes).
    Removing pwm.o(i.PWM_EnableDutyInt), (18 bytes).
    Removing pwm.o(i.PWM_EnableFaultBrake), (344 bytes).
    Removing pwm.o(i.PWM_EnableFaultBrakeInt), (16 bytes).
    Removing pwm.o(i.PWM_EnableLoadMode), (14 bytes).
    Removing pwm.o(i.PWM_EnableOutput), (12 bytes).
    Removing pwm.o(i.PWM_EnablePeriodInt), (24 bytes).
    Removing pwm.o(i.PWM_EnableZeroInt), (22 bytes).
    Removing pwm.o(i.PWM_ForceStop), (40 bytes).
    Removing pwm.o(i.PWM_GetADCTriggerFlag), (28 bytes).
    Removing pwm.o(i.PWM_GetCaptureIntFlag), (56 bytes).
    Removing pwm.o(i.PWM_GetDutyIntFlag), (28 bytes).
    Removing pwm.o(i.PWM_GetFaultBrakeIntFlag), (24 bytes).
    Removing pwm.o(i.PWM_GetPeriodIntFlag), (32 bytes).
    Removing pwm.o(i.PWM_GetWrapAroundFlag), (32 bytes).
    Removing pwm.o(i.PWM_GetZeroIntFlag), (30 bytes).
    Removing pwm.o(i.PWM_SetBrakePinSource), (32 bytes).
    Removing pwm.o(i.PWM_SetClockSource), (28 bytes).
    Removing pwm.o(i.PWM_Start), (40 bytes).
    Removing pwm.o(i.PWM_Stop), (38 bytes).
    Removing retarget.o(.rev16_text), (4 bytes).
    Removing retarget.o(.revsh_text), (4 bytes).
    Removing retarget.o(i.GetChar), (32 bytes).
    Removing retarget.o(i.IsDebugFifoEmpty), (20 bytes).
    Removing retarget.o(i._ttywrch), (12 bytes).
    Removing retarget.o(i.ferror), (8 bytes).
    Removing retarget.o(i.fgetc), (10 bytes).
    Removing retarget.o(i.kbhit), (20 bytes).
    Removing spi.o(.rev16_text), (4 bytes).
    Removing spi.o(.revsh_text), (4 bytes).
    Removing spi.o(i.CLK_GetPLLClockFreq), (128 bytes).
    Removing spi.o(i.SPI_ClearIntFlag), (64 bytes).
    Removing spi.o(i.SPI_ClearRxFIFO), (10 bytes).
    Removing spi.o(i.SPI_ClearTxFIFO), (10 bytes).
    Removing spi.o(i.SPI_Close), (36 bytes).
    Removing spi.o(i.SPI_DisableAutoSS), (10 bytes).
    Removing spi.o(i.SPI_DisableFIFO), (12 bytes).
    Removing spi.o(i.SPI_DisableInt), (104 bytes).
    Removing spi.o(i.SPI_EnableAutoSS), (22 bytes).
    Removing spi.o(i.SPI_EnableFIFO), (32 bytes).
    Removing spi.o(i.SPI_EnableInt), (104 bytes).
    Removing spi.o(i.SPI_GetBusClock), (72 bytes).
    Removing spi.o(i.SPI_GetIntFlag), (146 bytes).
    Removing spi.o(i.SPI_GetStatus), (126 bytes).
    Removing spi.o(i.SPI_Open), (288 bytes).
    Removing spi.o(i.SPI_SetBusClock), (224 bytes).
    Removing sys.o(.rev16_text), (4 bytes).
    Removing sys.o(.revsh_text), (4 bytes).
    Removing sys.o(i.SYS_ClearResetSrc), (8 bytes).
    Removing sys.o(i.SYS_DisableBOD), (18 bytes).
    Removing sys.o(i.SYS_EnableBOD), (50 bytes).
    Removing sys.o(i.SYS_GetBODStatus), (14 bytes).
    Removing sys.o(i.SYS_GetResetSrc), (8 bytes).
    Removing sys.o(i.SYS_IsRegLocked), (20 bytes).
    Removing sys.o(i.SYS_ReadPDID), (8 bytes).
    Removing sys.o(i.SYS_ResetCPU), (18 bytes).
    Removing sys.o(i.SYS_ResetChip), (18 bytes).
    Removing timer.o(.rev16_text), (4 bytes).
    Removing timer.o(.revsh_text), (4 bytes).
    Removing timer.o(i.TIMER_Close), (8 bytes).
    Removing timer.o(i.TIMER_Delay), (208 bytes).
    Removing timer.o(i.TIMER_DisableCapture), (10 bytes).
    Removing timer.o(i.TIMER_DisableEventCounter), (12 bytes).
    Removing timer.o(i.TIMER_EnableCapture), (20 bytes).
    Removing timer.o(i.TIMER_EnableEventCounter), (22 bytes).
    Removing timer.o(i.TIMER_GetModuleClock), (132 bytes).
    Removing timer.o(i.TIMER_Open), (82 bytes).
    Removing timer.o(.constdata), (32 bytes).
    Removing uart.o(.rev16_text), (4 bytes).
    Removing uart.o(.revsh_text), (4 bytes).
    Removing uart.o(i.NVIC_DisableIRQ), (20 bytes).
    Removing uart.o(i.NVIC_EnableIRQ), (20 bytes).
    Removing uart.o(i.UART_ClearIntFlag), (112 bytes).
    Removing uart.o(i.UART_Close), (6 bytes).
    Removing uart.o(i.UART_DisableFlowCtrl), (12 bytes).
    Removing uart.o(i.UART_DisableInt), (112 bytes).
    Removing uart.o(i.UART_EnableFlowCtrl), (30 bytes).
    Removing uart.o(i.UART_EnableInt), (112 bytes).
    Removing uart.o(i.UART_Read), (50 bytes).
    Removing uart.o(i.UART_SelectIrDAMode), (164 bytes).
    Removing uart.o(i.UART_SelectLINMode), (26 bytes).
    Removing uart.o(i.UART_SelectRS485Mode), (32 bytes).
    Removing uart.o(i.UART_SetLine_Config), (184 bytes).
    Removing uart.o(i.UART_SetTimeoutCnt), (22 bytes).
    Removing uart.o(i.UART_Write), (52 bytes).
    Removing wdt.o(.rev16_text), (4 bytes).
    Removing wdt.o(.revsh_text), (4 bytes).
    Removing wdt.o(i.WDT_Open), (28 bytes).
    Removing wwdt.o(.rev16_text), (4 bytes).
    Removing wwdt.o(.revsh_text), (4 bytes).
    Removing wwdt.o(i.WWDT_Open), (32 bytes).
    Removing cpu.o(.rev16_text), (4 bytes).
    Removing cpu.o(.revsh_text), (4 bytes).
    Removing os_system.o(i.OS_TaskGetUp), (64 bytes).
    Removing os_system.o(i.OS_TaskSleep), (64 bytes).
    Removing os_system.o(i.S_QueueDataIn), (128 bytes).
    Removing os_system.o(i.S_QueueDataLen), (46 bytes).
    Removing os_system.o(i.S_QueueDataOut), (100 bytes).
    Removing os_system.o(i.S_QueueEmpty), (6 bytes).
    Removing hal_led.o(.rev16_text), (4 bytes).
    Removing hal_led.o(.revsh_text), (4 bytes).
    Removing hal_task.o(.rev16_text), (4 bytes).
    Removing hal_task.o(.revsh_text), (4 bytes).
    Removing dadd.o(.text), (356 bytes).
    Removing dmul.o(.text), (208 bytes).
    Removing ddiv.o(.text), (240 bytes).
    Removing dfixul.o(.text), (64 bytes).
    Removing cdrcmple.o(.text), (40 bytes).
    Removing depilogue.o(.text), (190 bytes).
    Removing depilogue.o(i.__ARM_clz), (46 bytes).

247 unused section(s) (total 10180 bytes) removed from the image.

==============================================================================

Image Symbol Table

    Local Symbols

    Symbol Name                              Value     Ov Type        Size  Object(Section)

    RESET                                    0x00000000   Section      192  startup_m0518.o(RESET)
    ../clib/microlib/division.c              0x00000000   Number         0  uldiv.o ABSOLUTE
    ../clib/microlib/division.c              0x00000000   Number         0  uidiv.o ABSOLUTE
    ../clib/microlib/init/entry.s            0x00000000   Number         0  entry10a.o ABSOLUTE
    ../clib/microlib/init/entry.s            0x00000000   Number         0  entry5.o ABSOLUTE
    ../clib/microlib/init/entry.s            0x00000000   Number         0  entry7a.o ABSOLUTE
    ../clib/microlib/init/entry.s            0x00000000   Number         0  entry11a.o ABSOLUTE
    ../clib/microlib/init/entry.s            0x00000000   Number         0  entry10b.o ABSOLUTE
    ../clib/microlib/init/entry.s            0x00000000   Number         0  entry8a.o ABSOLUTE
    ../clib/microlib/init/entry.s            0x00000000   Number         0  entry11b.o ABSOLUTE
    ../clib/microlib/init/entry.s            0x00000000   Number         0  entry7b.o ABSOLUTE
    ../clib/microlib/init/entry.s            0x00000000   Number         0  entry8b.o ABSOLUTE
    ../clib/microlib/init/entry.s            0x00000000   Number         0  entry9a.o ABSOLUTE
    ../clib/microlib/init/entry.s            0x00000000   Number         0  entry9b.o ABSOLUTE
    ../clib/microlib/init/entry.s            0x00000000   Number         0  entry.o ABSOLUTE
    ../clib/microlib/init/entry.s            0x00000000   Number         0  entry2.o ABSOLUTE
    ../clib/microlib/longlong.c              0x00000000   Number         0  llsshr.o ABSOLUTE
    ../clib/microlib/longlong.c              0x00000000   Number         0  llshl.o ABSOLUTE
    ../clib/microlib/longlong.c              0x00000000   Number         0  llushr.o ABSOLUTE
    ../clib/microlib/printf/printf.c         0x00000000   Number         0  printfa.o ABSOLUTE
    ../clib/microlib/printf/printf.c         0x00000000   Number         0  printf7.o ABSOLUTE
    ../clib/microlib/printf/printf.c         0x00000000   Number         0  printf5.o ABSOLUTE
    ../clib/microlib/printf/printf.c         0x00000000   Number         0  printf4.o ABSOLUTE
    ../clib/microlib/printf/printf.c         0x00000000   Number         0  printf3.o ABSOLUTE
    ../clib/microlib/printf/printf.c         0x00000000   Number         0  printf1.o ABSOLUTE
    ../clib/microlib/printf/printf.c         0x00000000   Number         0  printf0.o ABSOLUTE
    ../clib/microlib/printf/printf.c         0x00000000   Number         0  printfb.o ABSOLUTE
    ../clib/microlib/printf/printf.c         0x00000000   Number         0  printf8.o ABSOLUTE
    ../clib/microlib/printf/printf.c         0x00000000   Number         0  printf2.o ABSOLUTE
    ../clib/microlib/printf/printf.c         0x00000000   Number         0  printf6.o ABSOLUTE
    ../clib/microlib/printf/stubs.s          0x00000000   Number         0  stubs.o ABSOLUTE
    ../clib/microlib/string/memcpy.c         0x00000000   Number         0  memcpya.o ABSOLUTE
    ../clib/microlib/string/memcpy.c         0x00000000   Number         0  memcpyb.o ABSOLUTE
    ../clib/microlib/stubs.s                 0x00000000   Number         0  iusefp.o ABSOLUTE
    ../fplib/microlib/fpadd.c                0x00000000   Number         0  dadd.o ABSOLUTE
    ../fplib/microlib/fpdiv.c                0x00000000   Number         0  ddiv.o ABSOLUTE
    ../fplib/microlib/fpepilogue.c           0x00000000   Number         0  depilogue.o ABSOLUTE
    ../fplib/microlib/fpfix.c                0x00000000   Number         0  dfixul.o ABSOLUTE
    ../fplib/microlib/fpmul.c                0x00000000   Number         0  dmul.o ABSOLUTE
    ..\Hal\hal_led.c                         0x00000000   Number         0  hal_led.o ABSOLUTE
    ..\Hal\hal_task.c                        0x00000000   Number         0  hal_task.o ABSOLUTE
    ..\OS\OS_System.c                        0x00000000   Number         0  os_system.o ABSOLUTE
    ..\OS\cpu.c                              0x00000000   Number         0  cpu.o ABSOLUTE
    ..\StdDriver\src\adc.c                   0x00000000   Number         0  adc.o ABSOLUTE
    ..\StdDriver\src\bpwm.c                  0x00000000   Number         0  bpwm.o ABSOLUTE
    ..\StdDriver\src\clk.c                   0x00000000   Number         0  clk.o ABSOLUTE
    ..\StdDriver\src\fmc.c                   0x00000000   Number         0  fmc.o ABSOLUTE
    ..\StdDriver\src\gpio.c                  0x00000000   Number         0  gpio.o ABSOLUTE
    ..\StdDriver\src\i2c.c                   0x00000000   Number         0  i2c.o ABSOLUTE
    ..\StdDriver\src\pwm.c                   0x00000000   Number         0  pwm.o ABSOLUTE
    ..\StdDriver\src\retarget.c              0x00000000   Number         0  retarget.o ABSOLUTE
    ..\StdDriver\src\spi.c                   0x00000000   Number         0  spi.o ABSOLUTE
    ..\StdDriver\src\sys.c                   0x00000000   Number         0  sys.o ABSOLUTE
    ..\StdDriver\src\timer.c                 0x00000000   Number         0  timer.o ABSOLUTE
    ..\StdDriver\src\uart.c                  0x00000000   Number         0  uart.o ABSOLUTE
    ..\StdDriver\src\wdt.c                   0x00000000   Number         0  wdt.o ABSOLUTE
    ..\StdDriver\src\wwdt.c                  0x00000000   Number         0  wwdt.o ABSOLUTE
    ..\System\startup_M0518.s                0x00000000   Number         0  startup_m0518.o ABSOLUTE
    ..\System\system_M0518.c                 0x00000000   Number         0  system_m0518.o ABSOLUTE
    ..\User\main.c                           0x00000000   Number         0  main.o ABSOLUTE
    ..\\Hal\\hal_led.c                       0x00000000   Number         0  hal_led.o ABSOLUTE
    ..\\Hal\\hal_task.c                      0x00000000   Number         0  hal_task.o ABSOLUTE
    ..\\OS\\cpu.c                            0x00000000   Number         0  cpu.o ABSOLUTE
    ..\\StdDriver\\src\\adc.c                0x00000000   Number         0  adc.o ABSOLUTE
    ..\\StdDriver\\src\\bpwm.c               0x00000000   Number         0  bpwm.o ABSOLUTE
    ..\\StdDriver\\src\\clk.c                0x00000000   Number         0  clk.o ABSOLUTE
    ..\\StdDriver\\src\\fmc.c                0x00000000   Number         0  fmc.o ABSOLUTE
    ..\\StdDriver\\src\\gpio.c               0x00000000   Number         0  gpio.o ABSOLUTE
    ..\\StdDriver\\src\\i2c.c                0x00000000   Number         0  i2c.o ABSOLUTE
    ..\\StdDriver\\src\\pwm.c                0x00000000   Number         0  pwm.o ABSOLUTE
    ..\\StdDriver\\src\\retarget.c           0x00000000   Number         0  retarget.o ABSOLUTE
    ..\\StdDriver\\src\\spi.c                0x00000000   Number         0  spi.o ABSOLUTE
    ..\\StdDriver\\src\\sys.c                0x00000000   Number         0  sys.o ABSOLUTE
    ..\\StdDriver\\src\\timer.c              0x00000000   Number         0  timer.o ABSOLUTE
    ..\\StdDriver\\src\\uart.c               0x00000000   Number         0  uart.o ABSOLUTE
    ..\\StdDriver\\src\\wdt.c                0x00000000   Number         0  wdt.o ABSOLUTE
    ..\\StdDriver\\src\\wwdt.c               0x00000000   Number         0  wwdt.o ABSOLUTE
    ..\\System\\system_M0518.c               0x00000000   Number         0  system_m0518.o ABSOLUTE
    ..\\User\\main.c                         0x00000000   Number         0  main.o ABSOLUTE
    cdrcmple.s                               0x00000000   Number         0  cdrcmple.o ABSOLUTE
    handlers.s                               0x00000000   Number         0  handlers.o ABSOLUTE
    init.s                                   0x00000000   Number         0  init.o ABSOLUTE
    .ARM.Collect$$$$00000000                 0x000000c0   Section        0  entry.o(.ARM.Collect$$$$00000000)
    .ARM.Collect$$$$00000001                 0x000000c0   Section        4  entry2.o(.ARM.Collect$$$$00000001)
    .ARM.Collect$$$$00000004                 0x000000c4   Section        4  entry5.o(.ARM.Collect$$$$00000004)
    .ARM.Collect$$$$00000008                 0x000000c8   Section        0  entry7b.o(.ARM.Collect$$$$00000008)
    .ARM.Collect$$$$0000000A                 0x000000c8   Section        0  entry8b.o(.ARM.Collect$$$$0000000A)
    .ARM.Collect$$$$0000000B                 0x000000c8   Section        8  entry9a.o(.ARM.Collect$$$$0000000B)
    .ARM.Collect$$$$0000000D                 0x000000d0   Section        0  entry10a.o(.ARM.Collect$$$$0000000D)
    .ARM.Collect$$$$0000000F                 0x000000d0   Section        0  entry11a.o(.ARM.Collect$$$$0000000F)
    .ARM.Collect$$$$00002712                 0x000000d0   Section        4  entry2.o(.ARM.Collect$$$$00002712)
    __lit__00000000                          0x000000d0   Data           4  entry2.o(.ARM.Collect$$$$00002712)
    .text                                    0x000000d4   Section      116  startup_m0518.o(.text)
    Default_Handler                          0x0000010d   Thumb Code     2  startup_m0518.o(.text)
    .text                                    0x00000148   Section        0  uidiv.o(.text)
    .text                                    0x00000174   Section       36  init.o(.text)
    i.CLK_EnableModuleClock                  0x00000198   Section        0  clk.o(i.CLK_EnableModuleClock)
    i.CLK_EnablePLL                          0x000001d4   Section        0  clk.o(i.CLK_EnablePLL)
    i.CLK_EnableXtalRC                       0x00000358   Section        0  clk.o(i.CLK_EnableXtalRC)
    i.CLK_GetPLLClockFreq                    0x00000368   Section        0  system_m0518.o(i.CLK_GetPLLClockFreq)
    CLK_GetPLLClockFreq                      0x00000369   Thumb Code   112  system_m0518.o(i.CLK_GetPLLClockFreq)
    i.CLK_GetPLLClockFreq                    0x000003e8   Section        0  clk.o(i.CLK_GetPLLClockFreq)
    CLK_GetPLLClockFreq                      0x000003e9   Thumb Code   112  clk.o(i.CLK_GetPLLClockFreq)
    i.CLK_GetPLLClockFreq                    0x00000468   Section        0  uart.o(i.CLK_GetPLLClockFreq)
    CLK_GetPLLClockFreq                      0x00000469   Thumb Code   112  uart.o(i.CLK_GetPLLClockFreq)
    i.CLK_SetCoreClock                       0x000004e8   Section        0  clk.o(i.CLK_SetCoreClock)
    i.CLK_SetHCLK                            0x00000584   Section        0  clk.o(i.CLK_SetHCLK)
    i.CLK_SetModuleClock                     0x000005e8   Section        0  clk.o(i.CLK_SetModuleClock)
    i.CLK_WaitClockReady                     0x0000065c   Section        0  clk.o(i.CLK_WaitClockReady)
    i.GPIO_SetMode                           0x00000688   Section        0  gpio.o(i.GPIO_SetMode)
    i.NVIC_SetPriority                       0x000006b8   Section        0  cpu.o(i.NVIC_SetPriority)
    NVIC_SetPriority                         0x000006b9   Thumb Code   110  cpu.o(i.NVIC_SetPriority)
    i.OS_CPUInterruptCBSRegister             0x00000730   Section        0  os_system.o(i.OS_CPUInterruptCBSRegister)
    i.OS_ClockInterruptHandle                0x00000744   Section        0  os_system.o(i.OS_ClockInterruptHandle)
    i.OS_CreatTask                           0x000007a4   Section        0  os_system.o(i.OS_CreatTask)
    i.OS_Start                               0x000007e0   Section        0  os_system.o(i.OS_Start)
    i.OS_TaskInit                            0x00000818   Section        0  os_system.o(i.OS_TaskInit)
    i.ProcessHardFault                       0x0000084c   Section        0  retarget.o(i.ProcessHardFault)
    i.SH_Return                              0x00000888   Section        0  retarget.o(i.SH_Return)
    i.SYS_Init                               0x00000890   Section        0  main.o(i.SYS_Init)
    i.SYS_ResetModule                        0x000008f0   Section        0  sys.o(i.SYS_ResetModule)
    i.SendChar                               0x00000920   Section        0  retarget.o(i.SendChar)
    i.SendChar_ToUART                        0x0000092c   Section        0  retarget.o(i.SendChar_ToUART)
    i.SysTick_Handler                        0x00000964   Section        0  cpu.o(i.SysTick_Handler)
    i.SystemCoreClockUpdate                  0x0000096c   Section        0  system_m0518.o(i.SystemCoreClockUpdate)
    i.SystemInit                             0x000009d0   Section        0  system_m0518.o(i.SystemInit)
    i.UART1_Init                             0x000009d4   Section        0  main.o(i.UART1_Init)
    i.UART_Open                              0x000009f0   Section        0  uart.o(i.UART_Open)
    i.__0printf$1                            0x00000aa8   Section        0  printf1.o(i.__0printf$1)
    i.__scatterload_copy                     0x00000ac8   Section       14  handlers.o(i.__scatterload_copy)
    i.__scatterload_null                     0x00000ad6   Section        2  handlers.o(i.__scatterload_null)
    i.__scatterload_zeroinit                 0x00000ad8   Section       14  handlers.o(i.__scatterload_zeroinit)
    i._printf_core                           0x00000ae8   Section        0  printf1.o(i._printf_core)
    _printf_core                             0x00000ae9   Thumb Code   332  printf1.o(i._printf_core)
    i.fputc                                  0x00000c38   Section        0  retarget.o(i.fputc)
    i.hal_CPUInit                            0x00000c48   Section        0  cpu.o(i.hal_CPUInit)
    i.hal_CPU_Critical_Control               0x00000c5c   Section        0  cpu.o(i.hal_CPU_Critical_Control)
    i.hal_CoreClockInit                      0x00000c84   Section        0  cpu.o(i.hal_CoreClockInit)
    hal_CoreClockInit                        0x00000c85   Thumb Code    54  cpu.o(i.hal_CoreClockInit)
    i.hal_Led1Turn                           0x00000cc8   Section        0  hal_led.o(i.hal_Led1Turn)
    hal_Led1Turn                             0x00000cc9   Thumb Code    34  hal_led.o(i.hal_Led1Turn)
    i.hal_LedConfig                          0x00000cf4   Section        0  hal_led.o(i.hal_LedConfig)
    hal_LedConfig                            0x00000cf5   Thumb Code    20  hal_led.o(i.hal_LedConfig)
    i.hal_LedHandle                          0x00000d10   Section        0  hal_led.o(i.hal_LedHandle)
    i.hal_LedInit                            0x00000d34   Section        0  hal_led.o(i.hal_LedInit)
    i.hal_getprimask                         0x00000d3c   Section        0  cpu.o(i.hal_getprimask)
    hal_getprimask                           0x00000d3d   Thumb Code    18  cpu.o(i.hal_getprimask)
    i.hal_task                               0x00000d4e   Section        0  hal_task.o(i.hal_task)
    i.hal_task_init                          0x00000d56   Section        0  hal_task.o(i.hal_task_init)
    i.main                                   0x00000d60   Section        0  main.o(i.main)
    .constdata                               0x00000e20   Section       48  clk.o(.constdata)
    .constdata                               0x00000e50   Section       48  uart.o(.constdata)
    .data                                    0x20000000   Section       44  system_m0518.o(.data)
    .data                                    0x2000002c   Section        8  retarget.o(.data)
    .data                                    0x20000034   Section        4  os_system.o(.data)
    .data                                    0x20000038   Section        2  hal_led.o(.data)
    i                                        0x20000038   Data           1  hal_led.o(.data)
    i                                        0x20000039   Data           1  hal_led.o(.data)
    .bss                                     0x2000003c   Section       36  os_system.o(.bss)
    STACK                                    0x20000060   Section     1024  startup_m0518.o(STACK)

    Global Symbols

    Symbol Name                              Value     Ov Type        Size  Object(Section)

    BuildAttributes$$THM_ISAv3M$S$PE$A:L22$X:L11$S22$IEEE1$IW$USESV6$~STKCKD$USESV7$~SHL$OSPACE$ROPI$EBA8$MICROLIB$REQ8$PRES8$EABIv2 0x00000000   Number         0  anon$$obj.o ABSOLUTE
    __ARM_use_no_argv                        0x00000000   Number         0  main.o ABSOLUTE
    __Vectors                                0x00000000   Data           4  startup_m0518.o(RESET)
    _printf_a                                0x00000000   Number         0  stubs.o ABSOLUTE
    _printf_c                                0x00000000   Number         0  stubs.o ABSOLUTE
    _printf_charcount                        0x00000000   Number         0  stubs.o ABSOLUTE
    _printf_d                                0x00000000   Number         0  stubs.o ABSOLUTE
    _printf_e                                0x00000000   Number         0  stubs.o ABSOLUTE
    _printf_f                                0x00000000   Number         0  stubs.o ABSOLUTE
    _printf_flags                            0x00000000   Number         0  stubs.o ABSOLUTE
    _printf_fp_dec                           0x00000000   Number         0  stubs.o ABSOLUTE
    _printf_fp_hex                           0x00000000   Number         0  stubs.o ABSOLUTE
    _printf_g                                0x00000000   Number         0  stubs.o ABSOLUTE
    _printf_i                                0x00000000   Number         0  stubs.o ABSOLUTE
    _printf_int_dec                          0x00000000   Number         0  stubs.o ABSOLUTE
    _printf_l                                0x00000000   Number         0  stubs.o ABSOLUTE
    _printf_lc                               0x00000000   Number         0  stubs.o ABSOLUTE
    _printf_ll                               0x00000000   Number         0  stubs.o ABSOLUTE
    _printf_lld                              0x00000000   Number         0  stubs.o ABSOLUTE
    _printf_lli                              0x00000000   Number         0  stubs.o ABSOLUTE
    _printf_llo                              0x00000000   Number         0  stubs.o ABSOLUTE
    _printf_llu                              0x00000000   Number         0  stubs.o ABSOLUTE
    _printf_llx                              0x00000000   Number         0  stubs.o ABSOLUTE
    _printf_longlong_dec                     0x00000000   Number         0  stubs.o ABSOLUTE
    _printf_longlong_hex                     0x00000000   Number         0  stubs.o ABSOLUTE
    _printf_longlong_oct                     0x00000000   Number         0  stubs.o ABSOLUTE
    _printf_ls                               0x00000000   Number         0  stubs.o ABSOLUTE
    _printf_mbtowc                           0x00000000   Number         0  stubs.o ABSOLUTE
    _printf_n                                0x00000000   Number         0  stubs.o ABSOLUTE
    _printf_o                                0x00000000   Number         0  stubs.o ABSOLUTE
    _printf_p                                0x00000000   Number         0  stubs.o ABSOLUTE
    _printf_percent                          0x00000000   Number         0  stubs.o ABSOLUTE
    _printf_pre_padding                      0x00000000   Number         0  stubs.o ABSOLUTE
    _printf_return_value                     0x00000000   Number         0  stubs.o ABSOLUTE
    _printf_s                                0x00000000   Number         0  stubs.o ABSOLUTE
    _printf_sizespec                         0x00000000   Number         0  stubs.o ABSOLUTE
    _printf_str                              0x00000000   Number         0  stubs.o ABSOLUTE
    _printf_truncate_signed                  0x00000000   Number         0  stubs.o ABSOLUTE
    _printf_truncate_unsigned                0x00000000   Number         0  stubs.o ABSOLUTE
    _printf_u                                0x00000000   Number         0  stubs.o ABSOLUTE
    _printf_wc                               0x00000000   Number         0  stubs.o ABSOLUTE
    _printf_wctomb                           0x00000000   Number         0  stubs.o ABSOLUTE
    _printf_widthprec                        0x00000000   Number         0  stubs.o ABSOLUTE
    _printf_x                                0x00000000   Number         0  stubs.o ABSOLUTE
    __cpp_initialize__aeabi_                  - Undefined Weak Reference
    __cxa_finalize                            - Undefined Weak Reference
    __decompress                              - Undefined Weak Reference
    _clock_init                               - Undefined Weak Reference
    _microlib_exit                            - Undefined Weak Reference
    __main                                   0x000000c1   Thumb Code     0  entry.o(.ARM.Collect$$$$00000000)
    _main_stk                                0x000000c1   Thumb Code     0  entry2.o(.ARM.Collect$$$$00000001)
    _main_scatterload                        0x000000c5   Thumb Code     0  entry5.o(.ARM.Collect$$$$00000004)
    __main_after_scatterload                 0x000000c9   Thumb Code     0  entry5.o(.ARM.Collect$$$$00000004)
    _main_clock                              0x000000c9   Thumb Code     0  entry7b.o(.ARM.Collect$$$$00000008)
    _main_cpp_init                           0x000000c9   Thumb Code     0  entry8b.o(.ARM.Collect$$$$0000000A)
    _main_init                               0x000000c9   Thumb Code     0  entry9a.o(.ARM.Collect$$$$0000000B)
    __rt_final_cpp                           0x000000d1   Thumb Code     0  entry10a.o(.ARM.Collect$$$$0000000D)
    __rt_final_exit                          0x000000d1   Thumb Code     0  entry11a.o(.ARM.Collect$$$$0000000F)
    Reset_Handler                            0x000000d5   Thumb Code    32  startup_m0518.o(.text)
    NMI_Handler                              0x000000f5   Thumb Code     2  startup_m0518.o(.text)
    HardFault_Handler                        0x000000f7   Thumb Code    16  startup_m0518.o(.text)
    SVC_Handler                              0x00000107   Thumb Code     2  startup_m0518.o(.text)
    PendSV_Handler                           0x00000109   Thumb Code     2  startup_m0518.o(.text)
    ADC_IRQHandler                           0x0000010d   Thumb Code     0  startup_m0518.o(.text)
    BOD_IRQHandler                           0x0000010d   Thumb Code     0  startup_m0518.o(.text)
    BPWM0_IRQHandler                         0x0000010d   Thumb Code     0  startup_m0518.o(.text)
    BPWM1_IRQHandler                         0x0000010d   Thumb Code     0  startup_m0518.o(.text)
    BRAKE0_IRQHandler                        0x0000010d   Thumb Code     0  startup_m0518.o(.text)
    BRAKE1_IRQHandler                        0x0000010d   Thumb Code     0  startup_m0518.o(.text)
    CAN0_IRQHandler                          0x0000010d   Thumb Code     0  startup_m0518.o(.text)
    CAN1_IRQHandler                          0x0000010d   Thumb Code     0  startup_m0518.o(.text)
    CKD_IRQHandler                           0x0000010d   Thumb Code     0  startup_m0518.o(.text)
    EINT0_IRQHandler                         0x0000010d   Thumb Code     0  startup_m0518.o(.text)
    EINT1_IRQHandler                         0x0000010d   Thumb Code     0  startup_m0518.o(.text)
    GPAB_IRQHandler                          0x0000010d   Thumb Code     0  startup_m0518.o(.text)
    GPCDEF_IRQHandler                        0x0000010d   Thumb Code     0  startup_m0518.o(.text)
    I2C0_IRQHandler                          0x0000010d   Thumb Code     0  startup_m0518.o(.text)
    I2C1_IRQHandler                          0x0000010d   Thumb Code     0  startup_m0518.o(.text)
    PWM0_IRQHandler                          0x0000010d   Thumb Code     0  startup_m0518.o(.text)
    PWM1_IRQHandler                          0x0000010d   Thumb Code     0  startup_m0518.o(.text)
    PWRWU_IRQHandler                         0x0000010d   Thumb Code     0  startup_m0518.o(.text)
    RTC_IRQHandler                           0x0000010d   Thumb Code     0  startup_m0518.o(.text)
    SPI0_IRQHandler                          0x0000010d   Thumb Code     0  startup_m0518.o(.text)
    TMR0_IRQHandler                          0x0000010d   Thumb Code     0  startup_m0518.o(.text)
    TMR1_IRQHandler                          0x0000010d   Thumb Code     0  startup_m0518.o(.text)
    TMR2_IRQHandler                          0x0000010d   Thumb Code     0  startup_m0518.o(.text)
    TMR3_IRQHandler                          0x0000010d   Thumb Code     0  startup_m0518.o(.text)
    UART02_IRQHandler                        0x0000010d   Thumb Code     0  startup_m0518.o(.text)
    UART1_IRQHandler                         0x0000010d   Thumb Code     0  startup_m0518.o(.text)
    UART3_IRQHandler                         0x0000010d   Thumb Code     0  startup_m0518.o(.text)
    UART4_IRQHandler                         0x0000010d   Thumb Code     0  startup_m0518.o(.text)
    UART5_IRQHandler                         0x0000010d   Thumb Code     0  startup_m0518.o(.text)
    WDT_IRQHandler                           0x0000010d   Thumb Code     0  startup_m0518.o(.text)
    SH_DoCommand                             0x00000111   Thumb Code    10  startup_m0518.o(.text)
    __PC                                     0x0000011b   Thumb Code     6  startup_m0518.o(.text)
    __aeabi_uidiv                            0x00000149   Thumb Code     0  uidiv.o(.text)
    __aeabi_uidivmod                         0x00000149   Thumb Code    44  uidiv.o(.text)
    __scatterload                            0x00000175   Thumb Code    28  init.o(.text)
    __scatterload_rt2                        0x00000175   Thumb Code     0  init.o(.text)
    CLK_EnableModuleClock                    0x00000199   Thumb Code    52  clk.o(i.CLK_EnableModuleClock)
    CLK_EnablePLL                            0x000001d5   Thumb Code   342  clk.o(i.CLK_EnablePLL)
    CLK_EnableXtalRC                         0x00000359   Thumb Code    12  clk.o(i.CLK_EnableXtalRC)
    CLK_SetCoreClock                         0x000004e9   Thumb Code   144  clk.o(i.CLK_SetCoreClock)
    CLK_SetHCLK                              0x00000585   Thumb Code    94  clk.o(i.CLK_SetHCLK)
    CLK_SetModuleClock                       0x000005e9   Thumb Code   108  clk.o(i.CLK_SetModuleClock)
    CLK_WaitClockReady                       0x0000065d   Thumb Code    36  clk.o(i.CLK_WaitClockReady)
    GPIO_SetMode                             0x00000689   Thumb Code    46  gpio.o(i.GPIO_SetMode)
    OS_CPUInterruptCBSRegister               0x00000731   Thumb Code    14  os_system.o(i.OS_CPUInterruptCBSRegister)
    OS_ClockInterruptHandle                  0x00000745   Thumb Code    90  os_system.o(i.OS_ClockInterruptHandle)
    OS_CreatTask                             0x000007a5   Thumb Code    54  os_system.o(i.OS_CreatTask)
    OS_Start                                 0x000007e1   Thumb Code    50  os_system.o(i.OS_Start)
    OS_TaskInit                              0x00000819   Thumb Code    48  os_system.o(i.OS_TaskInit)
    ProcessHardFault                         0x0000084d   Thumb Code    44  retarget.o(i.ProcessHardFault)
    SH_Return                                0x00000889   Thumb Code     6  retarget.o(i.SH_Return)
    SYS_Init                                 0x00000891   Thumb Code    88  main.o(i.SYS_Init)
    SYS_ResetModule                          0x000008f1   Thumb Code    48  sys.o(i.SYS_ResetModule)
    SendChar                                 0x00000921   Thumb Code    12  retarget.o(i.SendChar)
    SendChar_ToUART                          0x0000092d   Thumb Code    50  retarget.o(i.SendChar_ToUART)
    SysTick_Handler                          0x00000965   Thumb Code     8  cpu.o(i.SysTick_Handler)
    SystemCoreClockUpdate                    0x0000096d   Thumb Code    76  system_m0518.o(i.SystemCoreClockUpdate)
    SystemInit                               0x000009d1   Thumb Code     2  system_m0518.o(i.SystemInit)
    UART1_Init                               0x000009d5   Thumb Code    20  main.o(i.UART1_Init)
    UART_Open                                0x000009f1   Thumb Code   166  uart.o(i.UART_Open)
    __0printf$1                              0x00000aa9   Thumb Code    24  printf1.o(i.__0printf$1)
    __1printf$1                              0x00000aa9   Thumb Code     0  printf1.o(i.__0printf$1)
    __2printf                                0x00000aa9   Thumb Code     0  printf1.o(i.__0printf$1)
    __scatterload_copy                       0x00000ac9   Thumb Code    14  handlers.o(i.__scatterload_copy)
    __scatterload_null                       0x00000ad7   Thumb Code     2  handlers.o(i.__scatterload_null)
    __scatterload_zeroinit                   0x00000ad9   Thumb Code    14  handlers.o(i.__scatterload_zeroinit)
    fputc                                    0x00000c39   Thumb Code    16  retarget.o(i.fputc)
    hal_CPUInit                              0x00000c49   Thumb Code    14  cpu.o(i.hal_CPUInit)
    hal_CPU_Critical_Control                 0x00000c5d   Thumb Code    38  cpu.o(i.hal_CPU_Critical_Control)
    hal_LedHandle                            0x00000d11   Thumb Code    30  hal_led.o(i.hal_LedHandle)
    hal_LedInit                              0x00000d35   Thumb Code     8  hal_led.o(i.hal_LedInit)
    hal_task                                 0x00000d4f   Thumb Code     8  hal_task.o(i.hal_task)
    hal_task_init                            0x00000d57   Thumb Code     8  hal_task.o(i.hal_task_init)
    main                                     0x00000d61   Thumb Code   124  main.o(i.main)
    Region$$Table$$Base                      0x00000e80   Number         0  anon$$obj.o(Region$$Table)
    Region$$Table$$Limit                     0x00000ea0   Number         0  anon$$obj.o(Region$$Table)
    SystemCoreClock                          0x20000000   Data           4  system_m0518.o(.data)
    CyclesPerUs                              0x20000004   Data           4  system_m0518.o(.data)
    PllClock                                 0x20000008   Data           4  system_m0518.o(.data)
    gau32ClkSrcTbl                           0x2000000c   Data          32  system_m0518.o(.data)
    __stdout                                 0x2000002c   Data           4  retarget.o(.data)
    __stdin                                  0x20000030   Data           4  retarget.o(.data)
    CPUInterrupptCtrlCBS                     0x20000034   Data           4  os_system.o(.data)
    OS_Task                                  0x2000003c   Data          36  os_system.o(.bss)
    __initial_sp                             0x20000460   Data           0  startup_m0518.o(STACK)



==============================================================================

Memory Map of the image

  Image Entry point : 0x000000d5

  Load Region LR_1 (Base: 0x00000000, Size: 0x00000edc, Max: 0xffffffff, ABSOLUTE)

    Execution Region ER_RO (Exec base: 0x00000000, Load base: 0x00000000, Size: 0x00000ea0, Max: 0xffffffff, ABSOLUTE)

    Exec Addr    Load Addr    Size         Type   Attr      Idx    E Section Name        Object

    0x00000000   0x00000000   0x000000c0   Data   RO            3    RESET               startup_m0518.o
    0x000000c0   0x000000c0   0x00000000   Code   RO         1835  * .ARM.Collect$$$$00000000  mc_p.l(entry.o)
    0x000000c0   0x000000c0   0x00000004   Code   RO         2103    .ARM.Collect$$$$00000001  mc_p.l(entry2.o)
    0x000000c4   0x000000c4   0x00000004   Code   RO         2106    .ARM.Collect$$$$00000004  mc_p.l(entry5.o)
    0x000000c8   0x000000c8   0x00000000   Code   RO         2108    .ARM.Collect$$$$00000008  mc_p.l(entry7b.o)
    0x000000c8   0x000000c8   0x00000000   Code   RO         2110    .ARM.Collect$$$$0000000A  mc_p.l(entry8b.o)
    0x000000c8   0x000000c8   0x00000008   Code   RO         2111    .ARM.Collect$$$$0000000B  mc_p.l(entry9a.o)
    0x000000d0   0x000000d0   0x00000000   Code   RO         2113    .ARM.Collect$$$$0000000D  mc_p.l(entry10a.o)
    0x000000d0   0x000000d0   0x00000000   Code   RO         2115    .ARM.Collect$$$$0000000F  mc_p.l(entry11a.o)
    0x000000d0   0x000000d0   0x00000004   Code   RO         2104    .ARM.Collect$$$$00002712  mc_p.l(entry2.o)
    0x000000d4   0x000000d4   0x00000074   Code   RO            4  * .text               startup_m0518.o
    0x00000148   0x00000148   0x0000002c   Code   RO         1836    .text               mc_p.l(uidiv.o)
    0x00000174   0x00000174   0x00000024   Code   RO         2130    .text               mc_p.l(init.o)
    0x00000198   0x00000198   0x0000003c   Code   RO          448    i.CLK_EnableModuleClock  clk.o
    0x000001d4   0x000001d4   0x00000184   Code   RO          449    i.CLK_EnablePLL     clk.o
    0x00000358   0x00000358   0x00000010   Code   RO          451    i.CLK_EnableXtalRC  clk.o
    0x00000368   0x00000368   0x00000080   Code   RO           12    i.CLK_GetPLLClockFreq  system_m0518.o
    0x000003e8   0x000003e8   0x00000080   Code   RO          456    i.CLK_GetPLLClockFreq  clk.o
    0x00000468   0x00000468   0x00000080   Code   RO         1485    i.CLK_GetPLLClockFreq  uart.o
    0x000004e8   0x000004e8   0x0000009c   Code   RO          459    i.CLK_SetCoreClock  clk.o
    0x00000584   0x00000584   0x00000064   Code   RO          460    i.CLK_SetHCLK       clk.o
    0x000005e8   0x000005e8   0x00000074   Code   RO          461    i.CLK_SetModuleClock  clk.o
    0x0000065c   0x0000065c   0x0000002c   Code   RO          463    i.CLK_WaitClockReady  clk.o
    0x00000688   0x00000688   0x0000002e   Code   RO          705    i.GPIO_SetMode      gpio.o
    0x000006b6   0x000006b6   0x00000002   PAD
    0x000006b8   0x000006b8   0x00000078   Code   RO         1642    i.NVIC_SetPriority  cpu.o
    0x00000730   0x00000730   0x00000014   Code   RO         1693    i.OS_CPUInterruptCBSRegister  os_system.o
    0x00000744   0x00000744   0x00000060   Code   RO         1694    i.OS_ClockInterruptHandle  os_system.o
    0x000007a4   0x000007a4   0x0000003c   Code   RO         1695    i.OS_CreatTask      os_system.o
    0x000007e0   0x000007e0   0x00000038   Code   RO         1696    i.OS_Start          os_system.o
    0x00000818   0x00000818   0x00000034   Code   RO         1698    i.OS_TaskInit       os_system.o
    0x0000084c   0x0000084c   0x0000003c   Code   RO         1154    i.ProcessHardFault  retarget.o
    0x00000888   0x00000888   0x00000006   Code   RO         1155    i.SH_Return         retarget.o
    0x0000088e   0x0000088e   0x00000002   PAD
    0x00000890   0x00000890   0x00000060   Code   RO          106    i.SYS_Init          main.o
    0x000008f0   0x000008f0   0x00000030   Code   RO         1357    i.SYS_ResetModule   sys.o
    0x00000920   0x00000920   0x0000000c   Code   RO         1156    i.SendChar          retarget.o
    0x0000092c   0x0000092c   0x00000038   Code   RO         1157    i.SendChar_ToUART   retarget.o
    0x00000964   0x00000964   0x00000008   Code   RO         1643    i.SysTick_Handler   cpu.o
    0x0000096c   0x0000096c   0x00000064   Code   RO           13    i.SystemCoreClockUpdate  system_m0518.o
    0x000009d0   0x000009d0   0x00000002   Code   RO           14    i.SystemInit        system_m0518.o
    0x000009d2   0x000009d2   0x00000002   PAD
    0x000009d4   0x000009d4   0x0000001c   Code   RO          107    i.UART1_Init        main.o
    0x000009f0   0x000009f0   0x000000b8   Code   RO         1494    i.UART_Open         uart.o
    0x00000aa8   0x00000aa8   0x00000020   Code   RO         1887    i.__0printf$1       mc_p.l(printf1.o)
    0x00000ac8   0x00000ac8   0x0000000e   Code   RO         2144    i.__scatterload_copy  mc_p.l(handlers.o)
    0x00000ad6   0x00000ad6   0x00000002   Code   RO         2145    i.__scatterload_null  mc_p.l(handlers.o)
    0x00000ad8   0x00000ad8   0x0000000e   Code   RO         2146    i.__scatterload_zeroinit  mc_p.l(handlers.o)
    0x00000ae6   0x00000ae6   0x00000002   PAD
    0x00000ae8   0x00000ae8   0x00000150   Code   RO         1894    i._printf_core      mc_p.l(printf1.o)
    0x00000c38   0x00000c38   0x00000010   Code   RO         1161    i.fputc             retarget.o
    0x00000c48   0x00000c48   0x00000014   Code   RO         1644    i.hal_CPUInit       cpu.o
    0x00000c5c   0x00000c5c   0x00000026   Code   RO         1645    i.hal_CPU_Critical_Control  cpu.o
    0x00000c82   0x00000c82   0x00000002   PAD
    0x00000c84   0x00000c84   0x00000044   Code   RO         1646    i.hal_CoreClockInit  cpu.o
    0x00000cc8   0x00000cc8   0x0000002c   Code   RO         1771    i.hal_Led1Turn      hal_led.o
    0x00000cf4   0x00000cf4   0x0000001c   Code   RO         1772    i.hal_LedConfig     hal_led.o
    0x00000d10   0x00000d10   0x00000024   Code   RO         1773    i.hal_LedHandle     hal_led.o
    0x00000d34   0x00000d34   0x00000008   Code   RO         1774    i.hal_LedInit       hal_led.o
    0x00000d3c   0x00000d3c   0x00000012   Code   RO         1647    i.hal_getprimask    cpu.o
    0x00000d4e   0x00000d4e   0x00000008   Code   RO         1811    i.hal_task          hal_task.o
    0x00000d56   0x00000d56   0x00000008   Code   RO         1812    i.hal_task_init     hal_task.o
    0x00000d5e   0x00000d5e   0x00000002   PAD
    0x00000d60   0x00000d60   0x000000c0   Code   RO          108    i.main              main.o
    0x00000e20   0x00000e20   0x00000030   Data   RO          464    .constdata          clk.o
    0x00000e50   0x00000e50   0x00000030   Data   RO         1502    .constdata          uart.o
    0x00000e80   0x00000e80   0x00000020   Data   RO         2142    Region$$Table       anon$$obj.o


    Execution Region ER_RW (Exec base: 0x20000000, Load base: 0x00000ea0, Size: 0x0000003c, Max: 0xffffffff, ABSOLUTE)

    Exec Addr    Load Addr    Size         Type   Attr      Idx    E Section Name        Object

    0x20000000   0x00000ea0   0x0000002c   Data   RW           15    .data               system_m0518.o
    0x2000002c   0x00000ecc   0x00000008   Data   RW         1163    .data               retarget.o
    0x20000034   0x00000ed4   0x00000004   Data   RW         1705    .data               os_system.o
    0x20000038   0x00000ed8   0x00000002   Data   RW         1775    .data               hal_led.o


    Execution Region ER_ZI (Exec base: 0x2000003c, Load base: 0x00000edc, Size: 0x00000424, Max: 0xffffffff, ABSOLUTE)

    Exec Addr    Load Addr    Size         Type   Attr      Idx    E Section Name        Object

    0x2000003c        -       0x00000024   Zero   RW         1704    .bss                os_system.o
    0x20000060        -       0x00000400   Zero   RW            1    STACK               startup_m0518.o


==============================================================================

Image component sizes


      Code (inc. data)   RO Data    RW Data    ZI Data      Debug   Object Name

      1008        108         48          0          0       5766   clk.o
       272         30          0          0          0       9579   cpu.o
         0          0          0          0          0     104888   fmc.o
        46          0          0          0          0        911   gpio.o
       116         24          0          2          0       1750   hal_led.o
        16          0          0          0          0        875   hal_task.o
       316         84          0          0          0      56807   main.o
       284         28          0          4         36       3230   os_system.o
       150         22          0          8          0       4694   retarget.o
       116         44        192          0       1024        756   startup_m0518.o
        48          0          0          0          0        482   sys.o
       230         40          0         44          0     122939   system_m0518.o
       312         34         48          0          0       1956   uart.o

    ----------------------------------------------------------------------
      2924        414        320         60       1060     314633   Object Totals
         0          0         32          0          0          0   (incl. Generated)
        10          0          0          2          0          0   (incl. Padding)

    ----------------------------------------------------------------------

      Code (inc. data)   RO Data    RW Data    ZI Data      Debug   Library Member Name

         0          0          0          0          0          0   entry.o
         0          0          0          0          0          0   entry10a.o
         0          0          0          0          0          0   entry11a.o
         8          4          0          0          0          0   entry2.o
         4          0          0          0          0          0   entry5.o
         0          0          0          0          0          0   entry7b.o
         0          0          0          0          0          0   entry8b.o
         8          4          0          0          0          0   entry9a.o
        30          0          0          0          0          0   handlers.o
        36          8          0          0          0         68   init.o
       368         12          0          0          0        168   printf1.o
        44          0          0          0          0         72   uidiv.o

    ----------------------------------------------------------------------
       500         28          0          0          0        308   Library Totals
         2          0          0          0          0          0   (incl. Padding)

    ----------------------------------------------------------------------

      Code (inc. data)   RO Data    RW Data    ZI Data      Debug   Library Name

       498         28          0          0          0        308   mc_p.l

    ----------------------------------------------------------------------
       500         28          0          0          0        308   Library Totals

    ----------------------------------------------------------------------

==============================================================================


      Code (inc. data)   RO Data    RW Data    ZI Data      Debug   

      3424        442        320         60       1060     313421   Grand Totals
      3424        442        320         60       1060     313421   ELF Image Totals
      3424        442        320         60          0          0   ROM Totals

==============================================================================

    Total RO  Size (Code + RO Data)                 3744 (   3.66kB)
    Total RW  Size (RW Data + ZI Data)              1120 (   1.09kB)
    Total ROM Size (Code + RO Data + RW Data)       3804 (   3.71kB)

==============================================================================

