<!doctype html public "-//w3c//dtd html 4.0 transitional//en">
<html><head>
<title>Static Call Graph - [.\Objects\TouchControlPad.axf]</title></head>
<body><HR>
<H1>Static Call Graph for image .\Objects\TouchControlPad.axf</H1><HR>
<BR><P>#&#060CALLGRAPH&#062# ARM Linker, 5060528: Last Updated: Thu Mar 13 13:36:08 2025
<BR><P>
<H3>Maximum Stack Usage =        140 bytes + Unknown(Cycles, Untraceable Function Pointers)</H3><H3>
Call chain for Maximum Stack Depth:</H3>
main &rArr; SYS_Init &rArr; CLK_SetCoreClock &rArr; CLK_EnablePLL &rArr; CLK_GetPLLClockFreq &rArr; __aeabi_uidivmod
<P>
<H3>
Mutually Recursive functions
</H3> <LI><a href="#[1]">NMI_Handler</a>&nbsp;&nbsp;&nbsp;&rArr;&nbsp;&nbsp;&nbsp;<a href="#[1]">NMI_Handler</a><BR>
 <LI><a href="#[3]">SVC_Handler</a>&nbsp;&nbsp;&nbsp;&rArr;&nbsp;&nbsp;&nbsp;<a href="#[3]">SVC_Handler</a><BR>
 <LI><a href="#[4]">PendSV_Handler</a>&nbsp;&nbsp;&nbsp;&rArr;&nbsp;&nbsp;&nbsp;<a href="#[4]">PendSV_Handler</a><BR>
 <LI><a href="#[c]">Default_Handler</a>&nbsp;&nbsp;&nbsp;&rArr;&nbsp;&nbsp;&nbsp;<a href="#[c]">Default_Handler</a><BR>
</UL>
<P>
<H3>
Function Pointers
</H3><UL>
 <LI><a href="#[22]">ADC_IRQHandler</a> from startup_m0518.o(.text) referenced from startup_m0518.o(RESET)
 <LI><a href="#[6]">BOD_IRQHandler</a> from startup_m0518.o(.text) referenced from startup_m0518.o(RESET)
 <LI><a href="#[1d]">BPWM0_IRQHandler</a> from startup_m0518.o(.text) referenced from startup_m0518.o(RESET)
 <LI><a href="#[1e]">BPWM1_IRQHandler</a> from startup_m0518.o(.text) referenced from startup_m0518.o(RESET)
 <LI><a href="#[1f]">BRAKE0_IRQHandler</a> from startup_m0518.o(.text) referenced from startup_m0518.o(RESET)
 <LI><a href="#[20]">BRAKE1_IRQHandler</a> from startup_m0518.o(.text) referenced from startup_m0518.o(RESET)
 <LI><a href="#[19]">CAN0_IRQHandler</a> from startup_m0518.o(.text) referenced from startup_m0518.o(RESET)
 <LI><a href="#[1a]">CAN1_IRQHandler</a> from startup_m0518.o(.text) referenced from startup_m0518.o(RESET)
 <LI><a href="#[23]">CKD_IRQHandler</a> from startup_m0518.o(.text) referenced from startup_m0518.o(RESET)
 <LI><a href="#[c]">Default_Handler</a> from startup_m0518.o(.text) referenced 2 times from startup_m0518.o(RESET)
 <LI><a href="#[8]">EINT0_IRQHandler</a> from startup_m0518.o(.text) referenced from startup_m0518.o(RESET)
 <LI><a href="#[9]">EINT1_IRQHandler</a> from startup_m0518.o(.text) referenced from startup_m0518.o(RESET)
 <LI><a href="#[a]">GPAB_IRQHandler</a> from startup_m0518.o(.text) referenced from startup_m0518.o(RESET)
 <LI><a href="#[b]">GPCDEF_IRQHandler</a> from startup_m0518.o(.text) referenced from startup_m0518.o(RESET)
 <LI><a href="#[2]">HardFault_Handler</a> from startup_m0518.o(.text) referenced from startup_m0518.o(RESET)
 <LI><a href="#[17]">I2C0_IRQHandler</a> from startup_m0518.o(.text) referenced from startup_m0518.o(RESET)
 <LI><a href="#[18]">I2C1_IRQHandler</a> from startup_m0518.o(.text) referenced from startup_m0518.o(RESET)
 <LI><a href="#[1]">NMI_Handler</a> from startup_m0518.o(.text) referenced from startup_m0518.o(RESET)
 <LI><a href="#[1b]">PWM0_IRQHandler</a> from startup_m0518.o(.text) referenced from startup_m0518.o(RESET)
 <LI><a href="#[1c]">PWM1_IRQHandler</a> from startup_m0518.o(.text) referenced from startup_m0518.o(RESET)
 <LI><a href="#[21]">PWRWU_IRQHandler</a> from startup_m0518.o(.text) referenced from startup_m0518.o(RESET)
 <LI><a href="#[4]">PendSV_Handler</a> from startup_m0518.o(.text) referenced from startup_m0518.o(RESET)
 <LI><a href="#[28]">ProcessHardFault</a> from retarget.o(i.ProcessHardFault) referenced from startup_m0518.o(.text)
 <LI><a href="#[24]">RTC_IRQHandler</a> from startup_m0518.o(.text) referenced from startup_m0518.o(RESET)
 <LI><a href="#[2d]">Reset_Handler</a> from startup_m0518.o(.text) referenced from startup_m0518.o(RESET)
 <LI><a href="#[29]">SH_Return</a> from retarget.o(i.SH_Return) referenced from startup_m0518.o(.text)
 <LI><a href="#[13]">SPI0_IRQHandler</a> from startup_m0518.o(.text) referenced from startup_m0518.o(RESET)
 <LI><a href="#[3]">SVC_Handler</a> from startup_m0518.o(.text) referenced from startup_m0518.o(RESET)
 <LI><a href="#[5]">SysTick_Handler</a> from cpu.o(i.SysTick_Handler) referenced from startup_m0518.o(RESET)
 <LI><a href="#[26]">SystemInit</a> from system_m0518.o(i.SystemInit) referenced from startup_m0518.o(.text)
 <LI><a href="#[d]">TMR0_IRQHandler</a> from startup_m0518.o(.text) referenced from startup_m0518.o(RESET)
 <LI><a href="#[e]">TMR1_IRQHandler</a> from startup_m0518.o(.text) referenced from startup_m0518.o(RESET)
 <LI><a href="#[f]">TMR2_IRQHandler</a> from startup_m0518.o(.text) referenced from startup_m0518.o(RESET)
 <LI><a href="#[10]">TMR3_IRQHandler</a> from startup_m0518.o(.text) referenced from startup_m0518.o(RESET)
 <LI><a href="#[11]">UART02_IRQHandler</a> from startup_m0518.o(.text) referenced from startup_m0518.o(RESET)
 <LI><a href="#[12]">UART1_IRQHandler</a> from startup_m0518.o(.text) referenced from startup_m0518.o(RESET)
 <LI><a href="#[14]">UART3_IRQHandler</a> from startup_m0518.o(.text) referenced from startup_m0518.o(RESET)
 <LI><a href="#[15]">UART4_IRQHandler</a> from startup_m0518.o(.text) referenced from startup_m0518.o(RESET)
 <LI><a href="#[16]">UART5_IRQHandler</a> from startup_m0518.o(.text) referenced from startup_m0518.o(RESET)
 <LI><a href="#[7]">WDT_IRQHandler</a> from startup_m0518.o(.text) referenced from startup_m0518.o(RESET)
 <LI><a href="#[27]">__main</a> from entry.o(.ARM.Collect$$$$00000000) referenced from startup_m0518.o(.text)
 <LI><a href="#[2a]">fputc</a> from retarget.o(i.fputc) referenced from printf1.o(i.__0printf$1)
 <LI><a href="#[2b]">hal_CPU_Critical_Control</a> from cpu.o(i.hal_CPU_Critical_Control) referenced from cpu.o(i.hal_CPUInit)
 <LI><a href="#[2c]">hal_task</a> from hal_task.o(i.hal_task) referenced from main.o(i.main)
 <LI><a href="#[25]">main</a> from main.o(i.main) referenced from entry9a.o(.ARM.Collect$$$$0000000B)
</UL>
<P>
<H3>
Global Symbols
</H3>
<P><STRONG><a name="[27]"></a>__main</STRONG> (Thumb, 0 bytes, Stack size unknown bytes, entry.o(.ARM.Collect$$$$00000000))
<BR>[Address Reference Count : 1]<UL><LI> startup_m0518.o(.text)
</UL>
<P><STRONG><a name="[57]"></a>_main_stk</STRONG> (Thumb, 0 bytes, Stack size unknown bytes, entry2.o(.ARM.Collect$$$$00000001))

<P><STRONG><a name="[30]"></a>_main_scatterload</STRONG> (Thumb, 0 bytes, Stack size unknown bytes, entry5.o(.ARM.Collect$$$$00000004))
<BR><BR>[Calls]<UL><LI><a href="#[31]">&gt;&gt;</a>&nbsp;&nbsp;&nbsp;__scatterload
</UL>

<P><STRONG><a name="[32]"></a>__main_after_scatterload</STRONG> (Thumb, 0 bytes, Stack size unknown bytes, entry5.o(.ARM.Collect$$$$00000004))
<BR><BR>[Called By]<UL><LI><a href="#[31]">&gt;&gt;</a>&nbsp;&nbsp;&nbsp;__scatterload
</UL>

<P><STRONG><a name="[58]"></a>_main_clock</STRONG> (Thumb, 0 bytes, Stack size unknown bytes, entry7b.o(.ARM.Collect$$$$00000008))

<P><STRONG><a name="[59]"></a>_main_cpp_init</STRONG> (Thumb, 0 bytes, Stack size unknown bytes, entry8b.o(.ARM.Collect$$$$0000000A))

<P><STRONG><a name="[5a]"></a>_main_init</STRONG> (Thumb, 0 bytes, Stack size unknown bytes, entry9a.o(.ARM.Collect$$$$0000000B))

<P><STRONG><a name="[5b]"></a>__rt_final_cpp</STRONG> (Thumb, 0 bytes, Stack size unknown bytes, entry10a.o(.ARM.Collect$$$$0000000D))

<P><STRONG><a name="[5c]"></a>__rt_final_exit</STRONG> (Thumb, 0 bytes, Stack size unknown bytes, entry11a.o(.ARM.Collect$$$$0000000F))

<P><STRONG><a name="[2d]"></a>Reset_Handler</STRONG> (Thumb, 32 bytes, Stack size 0 bytes, startup_m0518.o(.text))

<P><STRONG><a name="[1]"></a>NMI_Handler</STRONG> (Thumb, 2 bytes, Stack size 0 bytes, startup_m0518.o(.text))
<BR><BR>[Calls]<UL><LI><a href="#[1]">&gt;&gt;</a>&nbsp;&nbsp;&nbsp;NMI_Handler
</UL>
<BR>[Called By]<UL><LI><a href="#[1]">&gt;&gt;</a>&nbsp;&nbsp;&nbsp;NMI_Handler
</UL>
<BR>[Address Reference Count : 1]<UL><LI> startup_m0518.o(RESET)
</UL>
<P><STRONG><a name="[2]"></a>HardFault_Handler</STRONG> (Thumb, 16 bytes, Stack size 0 bytes, startup_m0518.o(.text))
<BR>[Address Reference Count : 1]<UL><LI> startup_m0518.o(RESET)
</UL>
<P><STRONG><a name="[3]"></a>SVC_Handler</STRONG> (Thumb, 2 bytes, Stack size 0 bytes, startup_m0518.o(.text))
<BR><BR>[Calls]<UL><LI><a href="#[3]">&gt;&gt;</a>&nbsp;&nbsp;&nbsp;SVC_Handler
</UL>
<BR>[Called By]<UL><LI><a href="#[3]">&gt;&gt;</a>&nbsp;&nbsp;&nbsp;SVC_Handler
</UL>
<BR>[Address Reference Count : 1]<UL><LI> startup_m0518.o(RESET)
</UL>
<P><STRONG><a name="[4]"></a>PendSV_Handler</STRONG> (Thumb, 2 bytes, Stack size 0 bytes, startup_m0518.o(.text))
<BR><BR>[Calls]<UL><LI><a href="#[4]">&gt;&gt;</a>&nbsp;&nbsp;&nbsp;PendSV_Handler
</UL>
<BR>[Called By]<UL><LI><a href="#[4]">&gt;&gt;</a>&nbsp;&nbsp;&nbsp;PendSV_Handler
</UL>
<BR>[Address Reference Count : 1]<UL><LI> startup_m0518.o(RESET)
</UL>
<P><STRONG><a name="[22]"></a>ADC_IRQHandler</STRONG> (Thumb, 0 bytes, Stack size 0 bytes, startup_m0518.o(.text))
<BR>[Address Reference Count : 1]<UL><LI> startup_m0518.o(RESET)
</UL>
<P><STRONG><a name="[6]"></a>BOD_IRQHandler</STRONG> (Thumb, 0 bytes, Stack size 0 bytes, startup_m0518.o(.text))
<BR>[Address Reference Count : 1]<UL><LI> startup_m0518.o(RESET)
</UL>
<P><STRONG><a name="[1d]"></a>BPWM0_IRQHandler</STRONG> (Thumb, 0 bytes, Stack size 0 bytes, startup_m0518.o(.text))
<BR>[Address Reference Count : 1]<UL><LI> startup_m0518.o(RESET)
</UL>
<P><STRONG><a name="[1e]"></a>BPWM1_IRQHandler</STRONG> (Thumb, 0 bytes, Stack size 0 bytes, startup_m0518.o(.text))
<BR>[Address Reference Count : 1]<UL><LI> startup_m0518.o(RESET)
</UL>
<P><STRONG><a name="[1f]"></a>BRAKE0_IRQHandler</STRONG> (Thumb, 0 bytes, Stack size 0 bytes, startup_m0518.o(.text))
<BR>[Address Reference Count : 1]<UL><LI> startup_m0518.o(RESET)
</UL>
<P><STRONG><a name="[20]"></a>BRAKE1_IRQHandler</STRONG> (Thumb, 0 bytes, Stack size 0 bytes, startup_m0518.o(.text))
<BR>[Address Reference Count : 1]<UL><LI> startup_m0518.o(RESET)
</UL>
<P><STRONG><a name="[19]"></a>CAN0_IRQHandler</STRONG> (Thumb, 0 bytes, Stack size 0 bytes, startup_m0518.o(.text))
<BR>[Address Reference Count : 1]<UL><LI> startup_m0518.o(RESET)
</UL>
<P><STRONG><a name="[1a]"></a>CAN1_IRQHandler</STRONG> (Thumb, 0 bytes, Stack size 0 bytes, startup_m0518.o(.text))
<BR>[Address Reference Count : 1]<UL><LI> startup_m0518.o(RESET)
</UL>
<P><STRONG><a name="[23]"></a>CKD_IRQHandler</STRONG> (Thumb, 0 bytes, Stack size 0 bytes, startup_m0518.o(.text))
<BR>[Address Reference Count : 1]<UL><LI> startup_m0518.o(RESET)
</UL>
<P><STRONG><a name="[8]"></a>EINT0_IRQHandler</STRONG> (Thumb, 0 bytes, Stack size 0 bytes, startup_m0518.o(.text))
<BR>[Address Reference Count : 1]<UL><LI> startup_m0518.o(RESET)
</UL>
<P><STRONG><a name="[9]"></a>EINT1_IRQHandler</STRONG> (Thumb, 0 bytes, Stack size 0 bytes, startup_m0518.o(.text))
<BR>[Address Reference Count : 1]<UL><LI> startup_m0518.o(RESET)
</UL>
<P><STRONG><a name="[a]"></a>GPAB_IRQHandler</STRONG> (Thumb, 0 bytes, Stack size 0 bytes, startup_m0518.o(.text))
<BR>[Address Reference Count : 1]<UL><LI> startup_m0518.o(RESET)
</UL>
<P><STRONG><a name="[b]"></a>GPCDEF_IRQHandler</STRONG> (Thumb, 0 bytes, Stack size 0 bytes, startup_m0518.o(.text))
<BR>[Address Reference Count : 1]<UL><LI> startup_m0518.o(RESET)
</UL>
<P><STRONG><a name="[17]"></a>I2C0_IRQHandler</STRONG> (Thumb, 0 bytes, Stack size 0 bytes, startup_m0518.o(.text))
<BR>[Address Reference Count : 1]<UL><LI> startup_m0518.o(RESET)
</UL>
<P><STRONG><a name="[18]"></a>I2C1_IRQHandler</STRONG> (Thumb, 0 bytes, Stack size 0 bytes, startup_m0518.o(.text))
<BR>[Address Reference Count : 1]<UL><LI> startup_m0518.o(RESET)
</UL>
<P><STRONG><a name="[1b]"></a>PWM0_IRQHandler</STRONG> (Thumb, 0 bytes, Stack size 0 bytes, startup_m0518.o(.text))
<BR>[Address Reference Count : 1]<UL><LI> startup_m0518.o(RESET)
</UL>
<P><STRONG><a name="[1c]"></a>PWM1_IRQHandler</STRONG> (Thumb, 0 bytes, Stack size 0 bytes, startup_m0518.o(.text))
<BR>[Address Reference Count : 1]<UL><LI> startup_m0518.o(RESET)
</UL>
<P><STRONG><a name="[21]"></a>PWRWU_IRQHandler</STRONG> (Thumb, 0 bytes, Stack size 0 bytes, startup_m0518.o(.text))
<BR>[Address Reference Count : 1]<UL><LI> startup_m0518.o(RESET)
</UL>
<P><STRONG><a name="[24]"></a>RTC_IRQHandler</STRONG> (Thumb, 0 bytes, Stack size 0 bytes, startup_m0518.o(.text))
<BR>[Address Reference Count : 1]<UL><LI> startup_m0518.o(RESET)
</UL>
<P><STRONG><a name="[13]"></a>SPI0_IRQHandler</STRONG> (Thumb, 0 bytes, Stack size 0 bytes, startup_m0518.o(.text))
<BR>[Address Reference Count : 1]<UL><LI> startup_m0518.o(RESET)
</UL>
<P><STRONG><a name="[d]"></a>TMR0_IRQHandler</STRONG> (Thumb, 0 bytes, Stack size 0 bytes, startup_m0518.o(.text))
<BR>[Address Reference Count : 1]<UL><LI> startup_m0518.o(RESET)
</UL>
<P><STRONG><a name="[e]"></a>TMR1_IRQHandler</STRONG> (Thumb, 0 bytes, Stack size 0 bytes, startup_m0518.o(.text))
<BR>[Address Reference Count : 1]<UL><LI> startup_m0518.o(RESET)
</UL>
<P><STRONG><a name="[f]"></a>TMR2_IRQHandler</STRONG> (Thumb, 0 bytes, Stack size 0 bytes, startup_m0518.o(.text))
<BR>[Address Reference Count : 1]<UL><LI> startup_m0518.o(RESET)
</UL>
<P><STRONG><a name="[10]"></a>TMR3_IRQHandler</STRONG> (Thumb, 0 bytes, Stack size 0 bytes, startup_m0518.o(.text))
<BR>[Address Reference Count : 1]<UL><LI> startup_m0518.o(RESET)
</UL>
<P><STRONG><a name="[11]"></a>UART02_IRQHandler</STRONG> (Thumb, 0 bytes, Stack size 0 bytes, startup_m0518.o(.text))
<BR>[Address Reference Count : 1]<UL><LI> startup_m0518.o(RESET)
</UL>
<P><STRONG><a name="[12]"></a>UART1_IRQHandler</STRONG> (Thumb, 0 bytes, Stack size 0 bytes, startup_m0518.o(.text))
<BR>[Address Reference Count : 1]<UL><LI> startup_m0518.o(RESET)
</UL>
<P><STRONG><a name="[14]"></a>UART3_IRQHandler</STRONG> (Thumb, 0 bytes, Stack size 0 bytes, startup_m0518.o(.text))
<BR>[Address Reference Count : 1]<UL><LI> startup_m0518.o(RESET)
</UL>
<P><STRONG><a name="[15]"></a>UART4_IRQHandler</STRONG> (Thumb, 0 bytes, Stack size 0 bytes, startup_m0518.o(.text))
<BR>[Address Reference Count : 1]<UL><LI> startup_m0518.o(RESET)
</UL>
<P><STRONG><a name="[16]"></a>UART5_IRQHandler</STRONG> (Thumb, 0 bytes, Stack size 0 bytes, startup_m0518.o(.text))
<BR>[Address Reference Count : 1]<UL><LI> startup_m0518.o(RESET)
</UL>
<P><STRONG><a name="[7]"></a>WDT_IRQHandler</STRONG> (Thumb, 0 bytes, Stack size 0 bytes, startup_m0518.o(.text))
<BR>[Address Reference Count : 1]<UL><LI> startup_m0518.o(RESET)
</UL>
<P><STRONG><a name="[2e]"></a>SH_DoCommand</STRONG> (Thumb, 10 bytes, Stack size 0 bytes, startup_m0518.o(.text), UNUSED, KEPT)

<P><STRONG><a name="[2f]"></a>__PC</STRONG> (Thumb, 6 bytes, Stack size 0 bytes, startup_m0518.o(.text), UNUSED, KEPT)

<P><STRONG><a name="[5d]"></a>__aeabi_uidiv</STRONG> (Thumb, 0 bytes, Stack size 12 bytes, uidiv.o(.text), UNUSED)

<P><STRONG><a name="[35]"></a>__aeabi_uidivmod</STRONG> (Thumb, 44 bytes, Stack size 12 bytes, uidiv.o(.text))
<BR><BR>[Stack]<UL><LI>Max Depth = 12<LI>Call Chain = __aeabi_uidivmod
</UL>
<BR>[Called By]<UL><LI><a href="#[33]">&gt;&gt;</a>&nbsp;&nbsp;&nbsp;CLK_EnablePLL
<LI><a href="#[36]">&gt;&gt;</a>&nbsp;&nbsp;&nbsp;CLK_GetPLLClockFreq
<LI><a href="#[46]">&gt;&gt;</a>&nbsp;&nbsp;&nbsp;UART_Open
<LI><a href="#[3b]">&gt;&gt;</a>&nbsp;&nbsp;&nbsp;SystemCoreClockUpdate
<LI><a href="#[37]">&gt;&gt;</a>&nbsp;&nbsp;&nbsp;CLK_GetPLLClockFreq
<LI><a href="#[38]">&gt;&gt;</a>&nbsp;&nbsp;&nbsp;CLK_GetPLLClockFreq
<LI><a href="#[48]">&gt;&gt;</a>&nbsp;&nbsp;&nbsp;_printf_core
<LI><a href="#[4a]">&gt;&gt;</a>&nbsp;&nbsp;&nbsp;hal_CoreClockInit
</UL>

<P><STRONG><a name="[31]"></a>__scatterload</STRONG> (Thumb, 28 bytes, Stack size 0 bytes, init.o(.text))
<BR><BR>[Calls]<UL><LI><a href="#[32]">&gt;&gt;</a>&nbsp;&nbsp;&nbsp;__main_after_scatterload
</UL>
<BR>[Called By]<UL><LI><a href="#[30]">&gt;&gt;</a>&nbsp;&nbsp;&nbsp;_main_scatterload
</UL>

<P><STRONG><a name="[5e]"></a>__scatterload_rt2</STRONG> (Thumb, 0 bytes, Stack size 0 bytes, init.o(.text), UNUSED)

<P><STRONG><a name="[3f]"></a>CLK_EnableModuleClock</STRONG> (Thumb, 52 bytes, Stack size 24 bytes, clk.o(i.CLK_EnableModuleClock))
<BR><BR>[Stack]<UL><LI>Max Depth = 24<LI>Call Chain = CLK_EnableModuleClock
</UL>
<BR>[Called By]<UL><LI><a href="#[3d]">&gt;&gt;</a>&nbsp;&nbsp;&nbsp;SYS_Init
</UL>

<P><STRONG><a name="[33]"></a>CLK_EnablePLL</STRONG> (Thumb, 342 bytes, Stack size 64 bytes, clk.o(i.CLK_EnablePLL))
<BR><BR>[Stack]<UL><LI>Max Depth = 108<LI>Call Chain = CLK_EnablePLL &rArr; CLK_GetPLLClockFreq &rArr; __aeabi_uidivmod
</UL>
<BR>[Calls]<UL><LI><a href="#[36]">&gt;&gt;</a>&nbsp;&nbsp;&nbsp;CLK_GetPLLClockFreq
<LI><a href="#[34]">&gt;&gt;</a>&nbsp;&nbsp;&nbsp;CLK_WaitClockReady
<LI><a href="#[35]">&gt;&gt;</a>&nbsp;&nbsp;&nbsp;__aeabi_uidivmod
</UL>
<BR>[Called By]<UL><LI><a href="#[39]">&gt;&gt;</a>&nbsp;&nbsp;&nbsp;CLK_SetCoreClock
</UL>

<P><STRONG><a name="[3e]"></a>CLK_EnableXtalRC</STRONG> (Thumb, 12 bytes, Stack size 0 bytes, clk.o(i.CLK_EnableXtalRC))
<BR><BR>[Called By]<UL><LI><a href="#[3d]">&gt;&gt;</a>&nbsp;&nbsp;&nbsp;SYS_Init
</UL>

<P><STRONG><a name="[39]"></a>CLK_SetCoreClock</STRONG> (Thumb, 144 bytes, Stack size 16 bytes, clk.o(i.CLK_SetCoreClock))
<BR><BR>[Stack]<UL><LI>Max Depth = 124<LI>Call Chain = CLK_SetCoreClock &rArr; CLK_EnablePLL &rArr; CLK_GetPLLClockFreq &rArr; __aeabi_uidivmod
</UL>
<BR>[Calls]<UL><LI><a href="#[33]">&gt;&gt;</a>&nbsp;&nbsp;&nbsp;CLK_EnablePLL
<LI><a href="#[34]">&gt;&gt;</a>&nbsp;&nbsp;&nbsp;CLK_WaitClockReady
<LI><a href="#[3a]">&gt;&gt;</a>&nbsp;&nbsp;&nbsp;CLK_SetHCLK
</UL>
<BR>[Called By]<UL><LI><a href="#[3d]">&gt;&gt;</a>&nbsp;&nbsp;&nbsp;SYS_Init
</UL>

<P><STRONG><a name="[3a]"></a>CLK_SetHCLK</STRONG> (Thumb, 94 bytes, Stack size 16 bytes, clk.o(i.CLK_SetHCLK))
<BR><BR>[Stack]<UL><LI>Max Depth = 76<LI>Call Chain = CLK_SetHCLK &rArr; SystemCoreClockUpdate &rArr; CLK_GetPLLClockFreq &rArr; __aeabi_uidivmod
</UL>
<BR>[Calls]<UL><LI><a href="#[34]">&gt;&gt;</a>&nbsp;&nbsp;&nbsp;CLK_WaitClockReady
<LI><a href="#[3b]">&gt;&gt;</a>&nbsp;&nbsp;&nbsp;SystemCoreClockUpdate
</UL>
<BR>[Called By]<UL><LI><a href="#[39]">&gt;&gt;</a>&nbsp;&nbsp;&nbsp;CLK_SetCoreClock
<LI><a href="#[3d]">&gt;&gt;</a>&nbsp;&nbsp;&nbsp;SYS_Init
</UL>

<P><STRONG><a name="[40]"></a>CLK_SetModuleClock</STRONG> (Thumb, 108 bytes, Stack size 48 bytes, clk.o(i.CLK_SetModuleClock))
<BR><BR>[Stack]<UL><LI>Max Depth = 48<LI>Call Chain = CLK_SetModuleClock
</UL>
<BR>[Called By]<UL><LI><a href="#[3d]">&gt;&gt;</a>&nbsp;&nbsp;&nbsp;SYS_Init
</UL>

<P><STRONG><a name="[34]"></a>CLK_WaitClockReady</STRONG> (Thumb, 36 bytes, Stack size 0 bytes, clk.o(i.CLK_WaitClockReady))
<BR><BR>[Called By]<UL><LI><a href="#[33]">&gt;&gt;</a>&nbsp;&nbsp;&nbsp;CLK_EnablePLL
<LI><a href="#[3a]">&gt;&gt;</a>&nbsp;&nbsp;&nbsp;CLK_SetHCLK
<LI><a href="#[39]">&gt;&gt;</a>&nbsp;&nbsp;&nbsp;CLK_SetCoreClock
<LI><a href="#[3d]">&gt;&gt;</a>&nbsp;&nbsp;&nbsp;SYS_Init
</UL>

<P><STRONG><a name="[4f]"></a>GPIO_SetMode</STRONG> (Thumb, 46 bytes, Stack size 16 bytes, gpio.o(i.GPIO_SetMode))
<BR><BR>[Stack]<UL><LI>Max Depth = 16<LI>Call Chain = GPIO_SetMode
</UL>
<BR>[Called By]<UL><LI><a href="#[25]">&gt;&gt;</a>&nbsp;&nbsp;&nbsp;main
<LI><a href="#[4e]">&gt;&gt;</a>&nbsp;&nbsp;&nbsp;hal_LedConfig
</UL>

<P><STRONG><a name="[4b]"></a>OS_CPUInterruptCBSRegister</STRONG> (Thumb, 14 bytes, Stack size 0 bytes, os_system.o(i.OS_CPUInterruptCBSRegister))
<BR><BR>[Called By]<UL><LI><a href="#[49]">&gt;&gt;</a>&nbsp;&nbsp;&nbsp;hal_CPUInit
</UL>

<P><STRONG><a name="[43]"></a>OS_ClockInterruptHandle</STRONG> (Thumb, 90 bytes, Stack size 0 bytes, os_system.o(i.OS_ClockInterruptHandle))
<BR><BR>[Called By]<UL><LI><a href="#[5]">&gt;&gt;</a>&nbsp;&nbsp;&nbsp;SysTick_Handler
</UL>

<P><STRONG><a name="[55]"></a>OS_CreatTask</STRONG> (Thumb, 54 bytes, Stack size 16 bytes, os_system.o(i.OS_CreatTask))
<BR><BR>[Stack]<UL><LI>Max Depth = 16<LI>Call Chain = OS_CreatTask
</UL>
<BR>[Called By]<UL><LI><a href="#[25]">&gt;&gt;</a>&nbsp;&nbsp;&nbsp;main
</UL>

<P><STRONG><a name="[56]"></a>OS_Start</STRONG> (Thumb, 50 bytes, Stack size 0 bytes, os_system.o(i.OS_Start))
<BR><BR>[Called By]<UL><LI><a href="#[25]">&gt;&gt;</a>&nbsp;&nbsp;&nbsp;main
</UL>

<P><STRONG><a name="[54]"></a>OS_TaskInit</STRONG> (Thumb, 48 bytes, Stack size 0 bytes, os_system.o(i.OS_TaskInit))
<BR><BR>[Called By]<UL><LI><a href="#[25]">&gt;&gt;</a>&nbsp;&nbsp;&nbsp;main
</UL>

<P><STRONG><a name="[28]"></a>ProcessHardFault</STRONG> (Thumb, 44 bytes, Stack size 24 bytes, retarget.o(i.ProcessHardFault))
<BR><BR>[Stack]<UL><LI>Max Depth = 48<LI>Call Chain = ProcessHardFault &rArr; __2printf
</UL>
<BR>[Calls]<UL><LI><a href="#[3c]">&gt;&gt;</a>&nbsp;&nbsp;&nbsp;__2printf
</UL>
<BR>[Address Reference Count : 1]<UL><LI> startup_m0518.o(.text)
</UL>
<P><STRONG><a name="[29]"></a>SH_Return</STRONG> (Thumb, 6 bytes, Stack size 0 bytes, retarget.o(i.SH_Return))
<BR>[Address Reference Count : 1]<UL><LI> startup_m0518.o(.text)
</UL>
<P><STRONG><a name="[3d]"></a>SYS_Init</STRONG> (Thumb, 88 bytes, Stack size 8 bytes, main.o(i.SYS_Init))
<BR><BR>[Stack]<UL><LI>Max Depth = 132<LI>Call Chain = SYS_Init &rArr; CLK_SetCoreClock &rArr; CLK_EnablePLL &rArr; CLK_GetPLLClockFreq &rArr; __aeabi_uidivmod
</UL>
<BR>[Calls]<UL><LI><a href="#[34]">&gt;&gt;</a>&nbsp;&nbsp;&nbsp;CLK_WaitClockReady
<LI><a href="#[40]">&gt;&gt;</a>&nbsp;&nbsp;&nbsp;CLK_SetModuleClock
<LI><a href="#[3a]">&gt;&gt;</a>&nbsp;&nbsp;&nbsp;CLK_SetHCLK
<LI><a href="#[39]">&gt;&gt;</a>&nbsp;&nbsp;&nbsp;CLK_SetCoreClock
<LI><a href="#[3e]">&gt;&gt;</a>&nbsp;&nbsp;&nbsp;CLK_EnableXtalRC
<LI><a href="#[3f]">&gt;&gt;</a>&nbsp;&nbsp;&nbsp;CLK_EnableModuleClock
</UL>
<BR>[Called By]<UL><LI><a href="#[25]">&gt;&gt;</a>&nbsp;&nbsp;&nbsp;main
</UL>

<P><STRONG><a name="[45]"></a>SYS_ResetModule</STRONG> (Thumb, 48 bytes, Stack size 0 bytes, sys.o(i.SYS_ResetModule))
<BR><BR>[Called By]<UL><LI><a href="#[44]">&gt;&gt;</a>&nbsp;&nbsp;&nbsp;UART1_Init
</UL>

<P><STRONG><a name="[41]"></a>SendChar</STRONG> (Thumb, 12 bytes, Stack size 4 bytes, retarget.o(i.SendChar))
<BR><BR>[Stack]<UL><LI>Max Depth = 4<LI>Call Chain = SendChar
</UL>
<BR>[Calls]<UL><LI><a href="#[42]">&gt;&gt;</a>&nbsp;&nbsp;&nbsp;SendChar_ToUART
</UL>
<BR>[Called By]<UL><LI><a href="#[2a]">&gt;&gt;</a>&nbsp;&nbsp;&nbsp;fputc
</UL>

<P><STRONG><a name="[42]"></a>SendChar_ToUART</STRONG> (Thumb, 50 bytes, Stack size 0 bytes, retarget.o(i.SendChar_ToUART))
<BR><BR>[Called By]<UL><LI><a href="#[41]">&gt;&gt;</a>&nbsp;&nbsp;&nbsp;SendChar
</UL>

<P><STRONG><a name="[5]"></a>SysTick_Handler</STRONG> (Thumb, 8 bytes, Stack size 8 bytes, cpu.o(i.SysTick_Handler))
<BR><BR>[Stack]<UL><LI>Max Depth = 8<LI>Call Chain = SysTick_Handler
</UL>
<BR>[Calls]<UL><LI><a href="#[43]">&gt;&gt;</a>&nbsp;&nbsp;&nbsp;OS_ClockInterruptHandle
</UL>
<BR>[Address Reference Count : 1]<UL><LI> startup_m0518.o(RESET)
</UL>
<P><STRONG><a name="[3b]"></a>SystemCoreClockUpdate</STRONG> (Thumb, 76 bytes, Stack size 16 bytes, system_m0518.o(i.SystemCoreClockUpdate))
<BR><BR>[Stack]<UL><LI>Max Depth = 60<LI>Call Chain = SystemCoreClockUpdate &rArr; CLK_GetPLLClockFreq &rArr; __aeabi_uidivmod
</UL>
<BR>[Calls]<UL><LI><a href="#[37]">&gt;&gt;</a>&nbsp;&nbsp;&nbsp;CLK_GetPLLClockFreq
<LI><a href="#[35]">&gt;&gt;</a>&nbsp;&nbsp;&nbsp;__aeabi_uidivmod
</UL>
<BR>[Called By]<UL><LI><a href="#[3a]">&gt;&gt;</a>&nbsp;&nbsp;&nbsp;CLK_SetHCLK
</UL>

<P><STRONG><a name="[26]"></a>SystemInit</STRONG> (Thumb, 2 bytes, Stack size 0 bytes, system_m0518.o(i.SystemInit))
<BR>[Address Reference Count : 1]<UL><LI> startup_m0518.o(.text)
</UL>
<P><STRONG><a name="[44]"></a>UART1_Init</STRONG> (Thumb, 20 bytes, Stack size 8 bytes, main.o(i.UART1_Init))
<BR><BR>[Stack]<UL><LI>Max Depth = 100<LI>Call Chain = UART1_Init &rArr; UART_Open &rArr; CLK_GetPLLClockFreq &rArr; __aeabi_uidivmod
</UL>
<BR>[Calls]<UL><LI><a href="#[46]">&gt;&gt;</a>&nbsp;&nbsp;&nbsp;UART_Open
<LI><a href="#[45]">&gt;&gt;</a>&nbsp;&nbsp;&nbsp;SYS_ResetModule
</UL>
<BR>[Called By]<UL><LI><a href="#[25]">&gt;&gt;</a>&nbsp;&nbsp;&nbsp;main
</UL>

<P><STRONG><a name="[46]"></a>UART_Open</STRONG> (Thumb, 166 bytes, Stack size 48 bytes, uart.o(i.UART_Open))
<BR><BR>[Stack]<UL><LI>Max Depth = 92<LI>Call Chain = UART_Open &rArr; CLK_GetPLLClockFreq &rArr; __aeabi_uidivmod
</UL>
<BR>[Calls]<UL><LI><a href="#[38]">&gt;&gt;</a>&nbsp;&nbsp;&nbsp;CLK_GetPLLClockFreq
<LI><a href="#[35]">&gt;&gt;</a>&nbsp;&nbsp;&nbsp;__aeabi_uidivmod
</UL>
<BR>[Called By]<UL><LI><a href="#[44]">&gt;&gt;</a>&nbsp;&nbsp;&nbsp;UART1_Init
</UL>

<P><STRONG><a name="[47]"></a>__0printf$1</STRONG> (Thumb, 24 bytes, Stack size 24 bytes, printf1.o(i.__0printf$1), UNUSED)
<BR><BR>[Calls]<UL><LI><a href="#[48]">&gt;&gt;</a>&nbsp;&nbsp;&nbsp;_printf_core
</UL>

<P><STRONG><a name="[5f]"></a>__1printf$1</STRONG> (Thumb, 0 bytes, Stack size 24 bytes, printf1.o(i.__0printf$1), UNUSED)

<P><STRONG><a name="[3c]"></a>__2printf</STRONG> (Thumb, 0 bytes, Stack size 24 bytes, printf1.o(i.__0printf$1))
<BR><BR>[Stack]<UL><LI>Max Depth = 24<LI>Call Chain = __2printf
</UL>
<BR>[Called By]<UL><LI><a href="#[25]">&gt;&gt;</a>&nbsp;&nbsp;&nbsp;main
<LI><a href="#[28]">&gt;&gt;</a>&nbsp;&nbsp;&nbsp;ProcessHardFault
</UL>

<P><STRONG><a name="[60]"></a>__scatterload_copy</STRONG> (Thumb, 14 bytes, Stack size unknown bytes, handlers.o(i.__scatterload_copy), UNUSED)

<P><STRONG><a name="[61]"></a>__scatterload_null</STRONG> (Thumb, 2 bytes, Stack size unknown bytes, handlers.o(i.__scatterload_null), UNUSED)

<P><STRONG><a name="[62]"></a>__scatterload_zeroinit</STRONG> (Thumb, 14 bytes, Stack size unknown bytes, handlers.o(i.__scatterload_zeroinit), UNUSED)

<P><STRONG><a name="[2a]"></a>fputc</STRONG> (Thumb, 16 bytes, Stack size 12 bytes, retarget.o(i.fputc))
<BR><BR>[Stack]<UL><LI>Max Depth = 16<LI>Call Chain = fputc &rArr; SendChar
</UL>
<BR>[Calls]<UL><LI><a href="#[41]">&gt;&gt;</a>&nbsp;&nbsp;&nbsp;SendChar
</UL>
<BR>[Address Reference Count : 1]<UL><LI> printf1.o(i.__0printf$1)
</UL>
<P><STRONG><a name="[49]"></a>hal_CPUInit</STRONG> (Thumb, 14 bytes, Stack size 8 bytes, cpu.o(i.hal_CPUInit))
<BR><BR>[Stack]<UL><LI>Max Depth = 28<LI>Call Chain = hal_CPUInit &rArr; hal_CoreClockInit &rArr; __aeabi_uidivmod
</UL>
<BR>[Calls]<UL><LI><a href="#[4b]">&gt;&gt;</a>&nbsp;&nbsp;&nbsp;OS_CPUInterruptCBSRegister
<LI><a href="#[4a]">&gt;&gt;</a>&nbsp;&nbsp;&nbsp;hal_CoreClockInit
</UL>
<BR>[Called By]<UL><LI><a href="#[25]">&gt;&gt;</a>&nbsp;&nbsp;&nbsp;main
</UL>

<P><STRONG><a name="[2b]"></a>hal_CPU_Critical_Control</STRONG> (Thumb, 38 bytes, Stack size 16 bytes, cpu.o(i.hal_CPU_Critical_Control))
<BR><BR>[Stack]<UL><LI>Max Depth = 16<LI>Call Chain = hal_CPU_Critical_Control
</UL>
<BR>[Calls]<UL><LI><a href="#[4c]">&gt;&gt;</a>&nbsp;&nbsp;&nbsp;hal_getprimask
</UL>
<BR>[Address Reference Count : 1]<UL><LI> cpu.o(i.hal_CPUInit)
</UL>
<P><STRONG><a name="[50]"></a>hal_LedHandle</STRONG> (Thumb, 30 bytes, Stack size 8 bytes, hal_led.o(i.hal_LedHandle))
<BR><BR>[Stack]<UL><LI>Max Depth = 8<LI>Call Chain = hal_LedHandle
</UL>
<BR>[Calls]<UL><LI><a href="#[51]">&gt;&gt;</a>&nbsp;&nbsp;&nbsp;hal_Led1Turn
</UL>
<BR>[Called By]<UL><LI><a href="#[2c]">&gt;&gt;</a>&nbsp;&nbsp;&nbsp;hal_task
</UL>

<P><STRONG><a name="[52]"></a>hal_LedInit</STRONG> (Thumb, 8 bytes, Stack size 8 bytes, hal_led.o(i.hal_LedInit))
<BR><BR>[Stack]<UL><LI>Max Depth = 32<LI>Call Chain = hal_LedInit &rArr; hal_LedConfig &rArr; GPIO_SetMode
</UL>
<BR>[Calls]<UL><LI><a href="#[4e]">&gt;&gt;</a>&nbsp;&nbsp;&nbsp;hal_LedConfig
</UL>
<BR>[Called By]<UL><LI><a href="#[53]">&gt;&gt;</a>&nbsp;&nbsp;&nbsp;hal_task_init
</UL>

<P><STRONG><a name="[2c]"></a>hal_task</STRONG> (Thumb, 8 bytes, Stack size 8 bytes, hal_task.o(i.hal_task))
<BR><BR>[Stack]<UL><LI>Max Depth = 16<LI>Call Chain = hal_task &rArr; hal_LedHandle
</UL>
<BR>[Calls]<UL><LI><a href="#[50]">&gt;&gt;</a>&nbsp;&nbsp;&nbsp;hal_LedHandle
</UL>
<BR>[Address Reference Count : 1]<UL><LI> main.o(i.main)
</UL>
<P><STRONG><a name="[53]"></a>hal_task_init</STRONG> (Thumb, 8 bytes, Stack size 8 bytes, hal_task.o(i.hal_task_init))
<BR><BR>[Stack]<UL><LI>Max Depth = 40<LI>Call Chain = hal_task_init &rArr; hal_LedInit &rArr; hal_LedConfig &rArr; GPIO_SetMode
</UL>
<BR>[Calls]<UL><LI><a href="#[52]">&gt;&gt;</a>&nbsp;&nbsp;&nbsp;hal_LedInit
</UL>
<BR>[Called By]<UL><LI><a href="#[25]">&gt;&gt;</a>&nbsp;&nbsp;&nbsp;main
</UL>

<P><STRONG><a name="[25]"></a>main</STRONG> (Thumb, 124 bytes, Stack size 8 bytes, main.o(i.main))
<BR><BR>[Stack]<UL><LI>Max Depth = 140<LI>Call Chain = main &rArr; SYS_Init &rArr; CLK_SetCoreClock &rArr; CLK_EnablePLL &rArr; CLK_GetPLLClockFreq &rArr; __aeabi_uidivmod
</UL>
<BR>[Calls]<UL><LI><a href="#[53]">&gt;&gt;</a>&nbsp;&nbsp;&nbsp;hal_task_init
<LI><a href="#[49]">&gt;&gt;</a>&nbsp;&nbsp;&nbsp;hal_CPUInit
<LI><a href="#[54]">&gt;&gt;</a>&nbsp;&nbsp;&nbsp;OS_TaskInit
<LI><a href="#[56]">&gt;&gt;</a>&nbsp;&nbsp;&nbsp;OS_Start
<LI><a href="#[55]">&gt;&gt;</a>&nbsp;&nbsp;&nbsp;OS_CreatTask
<LI><a href="#[4f]">&gt;&gt;</a>&nbsp;&nbsp;&nbsp;GPIO_SetMode
<LI><a href="#[44]">&gt;&gt;</a>&nbsp;&nbsp;&nbsp;UART1_Init
<LI><a href="#[3d]">&gt;&gt;</a>&nbsp;&nbsp;&nbsp;SYS_Init
<LI><a href="#[3c]">&gt;&gt;</a>&nbsp;&nbsp;&nbsp;__2printf
</UL>
<BR>[Address Reference Count : 1]<UL><LI> entry9a.o(.ARM.Collect$$$$0000000B)
</UL><P>
<H3>
Local Symbols
</H3>
<P><STRONG><a name="[c]"></a>Default_Handler</STRONG> (Thumb, 2 bytes, Stack size 0 bytes, startup_m0518.o(.text))
<BR><BR>[Calls]<UL><LI><a href="#[c]">&gt;&gt;</a>&nbsp;&nbsp;&nbsp;Default_Handler
</UL>
<BR>[Called By]<UL><LI><a href="#[c]">&gt;&gt;</a>&nbsp;&nbsp;&nbsp;Default_Handler
</UL>
<BR>[Address Reference Count : 1]<UL><LI> startup_m0518.o(RESET)
</UL>
<P><STRONG><a name="[37]"></a>CLK_GetPLLClockFreq</STRONG> (Thumb, 112 bytes, Stack size 32 bytes, system_m0518.o(i.CLK_GetPLLClockFreq))
<BR><BR>[Stack]<UL><LI>Max Depth = 44<LI>Call Chain = CLK_GetPLLClockFreq &rArr; __aeabi_uidivmod
</UL>
<BR>[Calls]<UL><LI><a href="#[35]">&gt;&gt;</a>&nbsp;&nbsp;&nbsp;__aeabi_uidivmod
</UL>
<BR>[Called By]<UL><LI><a href="#[3b]">&gt;&gt;</a>&nbsp;&nbsp;&nbsp;SystemCoreClockUpdate
</UL>

<P><STRONG><a name="[36]"></a>CLK_GetPLLClockFreq</STRONG> (Thumb, 112 bytes, Stack size 32 bytes, clk.o(i.CLK_GetPLLClockFreq))
<BR><BR>[Stack]<UL><LI>Max Depth = 44<LI>Call Chain = CLK_GetPLLClockFreq &rArr; __aeabi_uidivmod
</UL>
<BR>[Calls]<UL><LI><a href="#[35]">&gt;&gt;</a>&nbsp;&nbsp;&nbsp;__aeabi_uidivmod
</UL>
<BR>[Called By]<UL><LI><a href="#[33]">&gt;&gt;</a>&nbsp;&nbsp;&nbsp;CLK_EnablePLL
</UL>

<P><STRONG><a name="[38]"></a>CLK_GetPLLClockFreq</STRONG> (Thumb, 112 bytes, Stack size 32 bytes, uart.o(i.CLK_GetPLLClockFreq))
<BR><BR>[Stack]<UL><LI>Max Depth = 44<LI>Call Chain = CLK_GetPLLClockFreq &rArr; __aeabi_uidivmod
</UL>
<BR>[Calls]<UL><LI><a href="#[35]">&gt;&gt;</a>&nbsp;&nbsp;&nbsp;__aeabi_uidivmod
</UL>
<BR>[Called By]<UL><LI><a href="#[46]">&gt;&gt;</a>&nbsp;&nbsp;&nbsp;UART_Open
</UL>

<P><STRONG><a name="[4d]"></a>NVIC_SetPriority</STRONG> (Thumb, 110 bytes, Stack size 8 bytes, cpu.o(i.NVIC_SetPriority))
<BR><BR>[Stack]<UL><LI>Max Depth = 8<LI>Call Chain = NVIC_SetPriority
</UL>
<BR>[Called By]<UL><LI><a href="#[4a]">&gt;&gt;</a>&nbsp;&nbsp;&nbsp;hal_CoreClockInit
</UL>

<P><STRONG><a name="[4a]"></a>hal_CoreClockInit</STRONG> (Thumb, 54 bytes, Stack size 8 bytes, cpu.o(i.hal_CoreClockInit))
<BR><BR>[Stack]<UL><LI>Max Depth = 20<LI>Call Chain = hal_CoreClockInit &rArr; __aeabi_uidivmod
</UL>
<BR>[Calls]<UL><LI><a href="#[35]">&gt;&gt;</a>&nbsp;&nbsp;&nbsp;__aeabi_uidivmod
<LI><a href="#[4d]">&gt;&gt;</a>&nbsp;&nbsp;&nbsp;NVIC_SetPriority
</UL>
<BR>[Called By]<UL><LI><a href="#[49]">&gt;&gt;</a>&nbsp;&nbsp;&nbsp;hal_CPUInit
</UL>

<P><STRONG><a name="[4c]"></a>hal_getprimask</STRONG> (Thumb, 18 bytes, Stack size 0 bytes, cpu.o(i.hal_getprimask))
<BR><BR>[Called By]<UL><LI><a href="#[2b]">&gt;&gt;</a>&nbsp;&nbsp;&nbsp;hal_CPU_Critical_Control
</UL>

<P><STRONG><a name="[51]"></a>hal_Led1Turn</STRONG> (Thumb, 34 bytes, Stack size 0 bytes, hal_led.o(i.hal_Led1Turn))
<BR><BR>[Called By]<UL><LI><a href="#[50]">&gt;&gt;</a>&nbsp;&nbsp;&nbsp;hal_LedHandle
</UL>

<P><STRONG><a name="[4e]"></a>hal_LedConfig</STRONG> (Thumb, 20 bytes, Stack size 8 bytes, hal_led.o(i.hal_LedConfig))
<BR><BR>[Stack]<UL><LI>Max Depth = 24<LI>Call Chain = hal_LedConfig &rArr; GPIO_SetMode
</UL>
<BR>[Calls]<UL><LI><a href="#[4f]">&gt;&gt;</a>&nbsp;&nbsp;&nbsp;GPIO_SetMode
</UL>
<BR>[Called By]<UL><LI><a href="#[52]">&gt;&gt;</a>&nbsp;&nbsp;&nbsp;hal_LedInit
</UL>

<P><STRONG><a name="[48]"></a>_printf_core</STRONG> (Thumb, 332 bytes, Stack size 88 bytes, printf1.o(i._printf_core), UNUSED)
<BR><BR>[Calls]<UL><LI><a href="#[35]">&gt;&gt;</a>&nbsp;&nbsp;&nbsp;__aeabi_uidivmod
</UL>
<BR>[Called By]<UL><LI><a href="#[47]">&gt;&gt;</a>&nbsp;&nbsp;&nbsp;__0printf$1
</UL>
<P>
<H3>
Undefined Global Symbols
</H3><HR></body></html>
