<html>
<body>
<pre>
<h1>µVision Build Log</h1>
<h2>Tool Versions:</h2>
IDE-Version: ¶ÃVision V5.25.3.0
Copyright (C) 2018 ARM Ltd and ARM Germany GmbH. All rights reserved.
License Information: yan yanyupi, HP Inc., LIC=9WSKC-7X0QJ-SBSEJ-U718Y-RK7D8-EKBF8
 
Tool Versions:
Toolchain:       MDK-ARM Plus  Version: 5.18
Toolchain Path:  D:\Keil_v5\ARM\ARMCC\Bin
C Compiler:      Armcc.exe V5.06 update 1 (build 61)
Assembler:       Armasm.exe V5.06 update 1 (build 61)
Linker/Locator:  ArmLink.exe V5.06 update 1 (build 61)
Library Manager: ArmAr.exe V5.06 update 1 (build 61)
Hex Converter:   FromElf.exe V5.06 update 1 (build 61)
CPU DLL:         SARMCM3.DLL V5.18
Dialog DLL:      DARMCM1.DLL V1.12.0.0
Target DLL:      Segger\JL2CM3.dll V2.99.18.0
Dialog DLL:      TARMCM1.DLL V1.9.0.0
 
<h2>Project:</h2>
D:\≈∑≥€\»»œ‚«∂ª˙\nvtotouchctl\MDK\TouchControlPad.uvprojx
Project File Date:  04/22/2025

<h2>Output:</h2>
*** Using Compiler 'V5.06 update 1 (build 61)', folder: 'D:\Keil_v5\ARM\ARMCC\Bin'
Rebuild target 'Target 1'
compiling OS_System.c...
assembling startup_M0518.s...
compiling user_misc.c...
compiling hal_task.c...
compiling adc.c...
compiling hal_timer.c...
compiling timer.c...
compiling hal_led.c...
compiling clk.c...
compiling system_M0518.c...
compiling main.c...
compiling pwm.c...
compiling bpwm.c...
compiling sys.c...
compiling retarget.c...
compiling i2c.c...
compiling fmc.c...
compiling cpu.c...
compiling uart.c...
compiling wdt.c...
compiling spi.c...
compiling wwdt.c...
compiling hal_beep.c...
compiling portevent.c...
compiling porttimer.c...
..\Modbus\port\porttimer.c(43): warning:  #167-D: argument of type "BOOL (*)(void)" is incompatible with parameter of type "void (*)(void)"
      hal_CreatTimer(T_MODBUS,pxMBPortCBTimerExpired,usTim1Timeout50us,T_STA_STOP);
..\Modbus\port\porttimer.c: 1 warning, 0 errors
compiling mbfuncholding.c...
compiling mbcrc.c...
compiling hal_stepper.c...
compiling hal_io.c...
compiling mbrtu.c...
compiling hal_rs485.c...
compiling dev_dac5571.c...
compiling hal_dac.c...
compiling hal_adc.c...
compiling mb.c...
compiling hal_iflash.c...
compiling portserial.c...
..\Modbus\port\portserial.c(100): warning:  #550-D: variable "u32parity" was set but never used
      ULONG           u32parity;
..\Modbus\port\portserial.c(241): warning:  #1-D: last line of file ends without a newline
  */
..\Modbus\port\portserial.c: 2 warnings, 0 errors
compiling mt_modbus.c...
compiling driver_i2c.c...
compiling mt_task.c...
compiling gpio.c...
compiling mbutils.c...
linking...
Program Size: Code=17560 RO-data=952 RW-data=228 ZI-data=1412  
FromELF: creating hex file...
".\Objects\TouchControlPad.axf" - 0 Error(s), 3 Warning(s).

<h2>Software Packages used:</h2>

Package Vendor: Nuvoton
                https://github.com/OpenNuvoton/cmsis-packs/raw/master/Nuvoton_DFP/Nuvoton.NuMicro_DFP.1.3.26.pack
                Nuvoton.NuMicro_DFP.1.3.26
                Nuvoton ARM Cortex-M NuMicro Family Device Support

<h2>Collection of Component include folders:</h2>
  .\RTE\_Target_1
  D:\Keil_v5\ARM\PACK\Nuvoton\NuMicro_DFP\1.3.26\Device\M0518\Include

<h2>Collection of Component Files used:</h2>
Build Time Elapsed:  00:00:56
</pre>
</body>
</html>
