<html>
<body>
<pre>
<h1>礦ision Build Log</h1>
<h2>Tool Versions:</h2>
IDE-Version: μVision V5.24.2.0
Copyright (C) 2017 ARM Ltd and ARM Germany GmbH. All rights reserved.
License Information: yan 8618621, HP Inc., LIC=QF82M-XQBQA-309NC-7GBMD-S04QY-AMNVE
 
Tool Versions:
Toolchain:       MDK-ARM Plus  Version: 5.24.1
Toolchain Path:  D:\Keil_v5\ARM\ARMCC\Bin
C Compiler:      Armcc.exe V5.06 update 5 (build 528)
Assembler:       Armasm.exe V5.06 update 5 (build 528)
Linker/Locator:  ArmLink.exe V5.06 update 5 (build 528)
Library Manager: ArmAr.exe V5.06 update 5 (build 528)
Hex Converter:   FromElf.exe V5.06 update 5 (build 528)
CPU DLL:         SARMCM3.DLL V5.24.1
Dialog DLL:      DARMCM1.DLL V1.18.0.0
Target DLL:      Segger\JL2CM3.dll V2.99.26.0
Dialog DLL:      TARMCM1.DLL V1.13.0.0
 
<h2>Project:</h2>
E:\Embedded\新唐单片机资料\nvtotouchctl-main\nvtotouchctl-main\MDK\TouchControlPad.uvprojx
Project File Date:  03/13/2025

<h2>Output:</h2>
*** Using Compiler 'V5.06 update 5 (build 528)', folder: 'D:\Keil_v5\ARM\ARMCC\Bin'
Rebuild target 'Target 1'
assembling startup_M0518.s...
compiling main.c...
compiling system_M0518.c...
compiling adc.c...
compiling spi.c...
compiling i2c.c...
compiling gpio.c...
compiling clk.c...
compiling bpwm.c...
compiling fmc.c...
compiling sys.c...
compiling retarget.c...
compiling pwm.c...
compiling OS_System.c...
compiling timer.c...
compiling wdt.c...
compiling wwdt.c...
compiling uart.c...
compiling cpu.c...
compiling hal_led.c...
compiling hal_task.c...
linking...
Program Size: Code=3424 RO-data=320 RW-data=60 ZI-data=1060  
FromELF: creating hex file...
".\Objects\TouchControlPad.axf" - 0 Error(s), 0 Warning(s).

<h2>Software Packages used:</h2>

Package Vendor: Nuvoton
                https://github.com/OpenNuvoton/cmsis-packs/raw/master/Nuvoton_DFP/Nuvoton.NuMicro_DFP.1.3.26.pack
                Nuvoton.NuMicro_DFP.1.3.26
                Nuvoton ARM Cortex-M NuMicro Family Device Support

<h2>Collection of Component include folders:</h2>
  .\RTE\_Target_1
  D:\Keil_v5\ARM\PACK\Nuvoton\NuMicro_DFP\1.3.26\Device\M0518\Include

<h2>Collection of Component Files used:</h2>
Build Time Elapsed:  00:00:02
</pre>
</body>
</html>
